Component: ARM Compiler 5.06 update 6 (build 750) Tool: armlink [4d35ed]

==============================================================================

Section Cross References

    main.o(i.main) refers to app.o(i.APP_init) for APP_init
    main.o(i.main) refers to app.o(i.APP_start) for APP_start
    gpt.o(i.GPTM_disableInterrupt) refers to gpt.o(i.__NVIC_DisableIRQ) for __NVIC_DisableIRQ
    gpt.o(i.GPTM_enableInterrupt) refers to gpt.o(i.__NVIC_EnableIRQ) for __NVIC_EnableIRQ
    gpt.o(i.GPTM_initialization) refers to gpt.o(.data) for f32_gs_timerTickTime
    gpt.o(i.GPTM_initialization) refers to gpt.o(i.__NVIC_DisableIRQ) for __NVIC_DisableIRQ
    gpt.o(i.GPTM_initialization) refers to gpt.o(i.__NVIC_EnableIRQ) for __NVIC_EnableIRQ
    gpt.o(i.GPTM_setCallback) refers to gpt.o(.bss) for avpf_gs_timersInterruptsAction
    gpt.o(i.GPTM_setTimer) refers to pow.o(i.__hardfp_pow) for __hardfp_pow
    gpt.o(i.GPTM_setTimer) refers to f2d.o(x$fpl$f2d) for __aeabi_f2d
    gpt.o(i.GPTM_setTimer) refers to dmul.o(x$fpl$dmul) for __aeabi_dmul
    gpt.o(i.GPTM_setTimer) refers to d2f.o(x$fpl$d2f) for __aeabi_d2f
    gpt.o(i.GPTM_setTimer) refers to ffltll_clz.o(x$fpl$ffltll) for __aeabi_ul2f
    gpt.o(i.GPTM_setTimer) refers to daddsub_clz.o(x$fpl$dsub) for __aeabi_dsub
    gpt.o(i.GPTM_setTimer) refers to dfixull.o(x$fpl$llufromd) for __aeabi_d2ulz
    gpt.o(i.GPTM_setTimer) refers to gpt.o(.data) for f32_gs_timerTickTime
    gpt.o(i.TIMER0A_Handler) refers to gpt.o(.bss) for avpf_gs_timersInterruptsAction
    gpt.o(i.TIMER0B_Handler) refers to gpt.o(.bss) for avpf_gs_timersInterruptsAction
    gpt.o(i.TIMER1A_Handler) refers to gpt.o(.bss) for avpf_gs_timersInterruptsAction
    gpt.o(i.TIMER1B_Handler) refers to gpt.o(.bss) for avpf_gs_timersInterruptsAction
    gpt.o(i.TIMER2A_Handler) refers to gpt.o(.bss) for avpf_gs_timersInterruptsAction
    gpt.o(i.TIMER2B_Handler) refers to gpt.o(.bss) for avpf_gs_timersInterruptsAction
    gpt.o(i.TIMER3A_Handler) refers to gpt.o(.bss) for avpf_gs_timersInterruptsAction
    gpt.o(i.TIMER3B_Handler) refers to gpt.o(.bss) for avpf_gs_timersInterruptsAction
    gpt.o(i.TIMER4A_Handler) refers to gpt.o(.bss) for avpf_gs_timersInterruptsAction
    gpt.o(i.TIMER4B_Handler) refers to gpt.o(.bss) for avpf_gs_timersInterruptsAction
    gpt.o(i.TIMER5A_Handler) refers to gpt.o(.bss) for avpf_gs_timersInterruptsAction
    gpt.o(i.TIMER5B_Handler) refers to gpt.o(.bss) for avpf_gs_timersInterruptsAction
    gpt.o(i.WTIMER0A_Handler) refers to gpt.o(.bss) for avpf_gs_timersInterruptsAction
    gpt.o(i.WTIMER0B_Handler) refers to gpt.o(.bss) for avpf_gs_timersInterruptsAction
    gpt.o(i.WTIMER1A_Handler) refers to gpt.o(.bss) for avpf_gs_timersInterruptsAction
    gpt.o(i.WTIMER1B_Handler) refers to gpt.o(.bss) for avpf_gs_timersInterruptsAction
    gpt.o(i.WTIMER2A_Handler) refers to gpt.o(.bss) for avpf_gs_timersInterruptsAction
    gpt.o(i.WTIMER2B_Handler) refers to gpt.o(.bss) for avpf_gs_timersInterruptsAction
    gpt.o(i.WTIMER3A_Handler) refers to gpt.o(.bss) for avpf_gs_timersInterruptsAction
    gpt.o(i.WTIMER3B_Handler) refers to gpt.o(.bss) for avpf_gs_timersInterruptsAction
    gpt.o(i.WTIMER4A_Handler) refers to gpt.o(.bss) for avpf_gs_timersInterruptsAction
    gpt.o(i.WTIMER4B_Handler) refers to gpt.o(.bss) for avpf_gs_timersInterruptsAction
    gpt.o(i.WTIMER5A_Handler) refers to gpt.o(.bss) for avpf_gs_timersInterruptsAction
    gpt.o(i.WTIMER5B_Handler) refers to gpt.o(.bss) for avpf_gs_timersInterruptsAction
    led.o(i.LED_init) refers to gpio.o(i.GPIO_init) for GPIO_init
    led.o(i.LED_off) refers to gpio.o(i.GPIO_write) for GPIO_write
    led.o(i.LED_on) refers to gpio.o(i.GPIO_write) for GPIO_write
    led.o(i.LED_toggle) refers to gpio.o(i.GPIO_tog) for GPIO_tog
    btn.o(i.BUTTON_init) refers to gpio.o(i.GPIO_init) for GPIO_init
    btn.o(i.BUTTON_read) refers to gpio.o(i.GPIO_read) for GPIO_read
    pwm.o(i.PWM_Stop) refers to gpt.o(i.GPTM_disableTimer) for GPTM_disableTimer
    pwm.o(i.PWM_gen) refers to gpio.o(i.GPIO_write) for GPIO_write
    pwm.o(i.PWM_gen) refers to gpt.o(i.GPTM_setTimer) for GPTM_setTimer
    pwm.o(i.PWM_gen) refers to gpt.o(i.GPTM_clearInt) for GPTM_clearInt
    pwm.o(i.PWM_gen) refers to pwm.o(.data) for PWM_Count
    pwm.o(i.PWM_init) refers to gpio.o(i.GPIO_init) for GPIO_init
    pwm.o(i.PWM_init) refers to gpt.o(i.GPTM_initialization) for GPTM_initialization
    pwm.o(i.PWM_init) refers to gpt.o(i.GPTM_setCallback) for GPTM_setCallback
    pwm.o(i.PWM_init) refers to pwm.o(.data) for pin1
    pwm.o(i.PWM_init) refers to gpt_lcfg.o(.data) for ast_gs_timersLinkConfig
    pwm.o(i.PWM_init) refers to pwm.o(i.PWM_gen) for PWM_gen
    pwm.o(i.PWM_start) refers to gpio.o(i.GPIO_write) for GPIO_write
    pwm.o(i.PWM_start) refers to gpt.o(i.GPTM_disableTimer) for GPTM_disableTimer
    pwm.o(i.PWM_start) refers to gpt.o(i.GPTM_setTimer) for GPTM_setTimer
[...]
    libinit.o(.ARM.Collect$$libinit$$00000000) refers (Special) to libinit2.o(.ARM.Collect$$libinit$$0000000E) for __rt_lib_init_rand_1
    libinit.o(.ARM.Collect$$libinit$$00000000) refers (Special) to libinit2.o(.ARM.Collect$$libinit$$00000033) for __rt_lib_init_return
    libinit.o(.ARM.Collect$$libinit$$00000000) refers (Special) to libinit2.o(.ARM.Collect$$libinit$$0000001D) for __rt_lib_init_signal_1
    libinit.o(.ARM.Collect$$libinit$$00000000) refers (Special) to libinit2.o(.ARM.Collect$$libinit$$00000025) for __rt_lib_init_stdio_1
    libinit.o(.ARM.Collect$$libinit$$00000000) refers (Special) to libinit2.o(.ARM.Collect$$libinit$$0000000C) for __rt_lib_init_user_alloc_1
    dcmpi.o(x$fpl$dcmpinf) refers (Special) to usenofp.o(x$fpl$usenofp) for __I$use$fp
    retnan.o(x$fpl$retnan) refers (Special) to usenofp.o(x$fpl$usenofp) for __I$use$fp
    retnan.o(x$fpl$retnan) refers to trapv.o(x$fpl$trapveneer) for __fpl_cmpreturn
    rtexit.o(.ARM.Collect$$rtexit$$00000000) refers (Special) to rtexit2.o(.ARM.Collect$$rtexit$$00000004) for __rt_exit_exit
    rtexit.o(.ARM.Collect$$rtexit$$00000000) refers (Special) to rtexit2.o(.ARM.Collect$$rtexit$$00000003) for __rt_exit_ls
    rtexit.o(.ARM.Collect$$rtexit$$00000000) refers (Special) to rtexit2.o(.ARM.Collect$$rtexit$$00000002) for __rt_exit_prels_1
    rtexit.o(.ARM.exidx) refers (Special) to rtexit2.o(.ARM.Collect$$rtexit$$00000004) for __rt_exit_exit
    rtexit.o(.ARM.exidx) refers (Special) to rtexit2.o(.ARM.Collect$$rtexit$$00000003) for __rt_exit_ls
    rtexit.o(.ARM.exidx) refers (Special) to rtexit2.o(.ARM.Collect$$rtexit$$00000002) for __rt_exit_prels_1
    rtexit.o(.ARM.exidx) refers to rtexit.o(.ARM.Collect$$rtexit$$00000000) for .ARM.Collect$$rtexit$$00000000
    libinit2.o(.ARM.Collect$$libinit$$00000001) refers to fpinit.o(x$fpl$fpinit) for _fp_init
    libinit2.o(.ARM.Collect$$libinit$$00000010) refers to libinit2.o(.ARM.Collect$$libinit$$0000000F) for .ARM.Collect$$libinit$$0000000F
    libinit2.o(.ARM.Collect$$libinit$$00000012) refers to libinit2.o(.ARM.Collect$$libinit$$0000000F) for .ARM.Collect$$libinit$$0000000F
    libinit2.o(.ARM.Collect$$libinit$$00000014) refers to libinit2.o(.ARM.Collect$$libinit$$0000000F) for .ARM.Collect$$libinit$$0000000F
    libinit2.o(.ARM.Collect$$libinit$$00000016) refers to libinit2.o(.ARM.Collect$$libinit$$0000000F) for .ARM.Collect$$libinit$$0000000F
    libinit2.o(.ARM.Collect$$libinit$$00000018) refers to libinit2.o(.ARM.Collect$$libinit$$0000000F) for .ARM.Collect$$libinit$$0000000F
    libinit2.o(.ARM.Collect$$libinit$$00000026) refers to argv_veneer.o(.emb_text) for __ARM_argv_veneer
    libinit2.o(.ARM.Collect$$libinit$$00000027) refers to argv_veneer.o(.emb_text) for __ARM_argv_veneer
    trapv.o(x$fpl$trapveneer) refers (Special) to usenofp.o(x$fpl$usenofp) for __I$use$fp
    rtexit2.o(.ARM.Collect$$rtexit$$00000003) refers to libshutdown.o(.ARM.Collect$$libshutdown$$00000000) for __rt_lib_shutdown
    rtexit2.o(.ARM.Collect$$rtexit$$00000004) refers to sys_exit.o(.text) for _sys_exit
    rtexit2.o(.ARM.exidx) refers to rtexit2.o(.ARM.Collect$$rtexit$$00000001) for .ARM.Collect$$rtexit$$00000001
    rtexit2.o(.ARM.exidx) refers to rtexit2.o(.ARM.Collect$$rtexit$$00000003) for .ARM.Collect$$rtexit$$00000003
    rtexit2.o(.ARM.exidx) refers to rtexit2.o(.ARM.Collect$$rtexit$$00000004) for .ARM.Collect$$rtexit$$00000004
    argv_veneer.o(.emb_text) refers to no_argv.o(.text) for __ARM_get_argv
    sys_exit.o(.text) refers (Special) to use_no_semi.o(.text) for __I$use$semihosting
    sys_exit.o(.text) refers (Special) to indicate_semi.o(.text) for __semihosting_library_function
    _get_argv_nomalloc.o(.text) refers (Special) to hrguard.o(.text) for __heap_region$guard
    _get_argv_nomalloc.o(.text) refers to defsig_rtmem_outer.o(.text) for __rt_SIGRTMEM
    _get_argv_nomalloc.o(.text) refers to sys_command.o(.text) for _sys_command_string
    libshutdown.o(.ARM.Collect$$libshutdown$$00000000) refers (Special) to libshutdown2.o(.ARM.Collect$$libshutdown$$00000002) for __rt_lib_shutdown_cpp_1
    libshutdown.o(.ARM.Collect$$libshutdown$$00000000) refers (Special) to libshutdown2.o(.ARM.Collect$$libshutdown$$00000007) for __rt_lib_shutdown_fp_trap_1
    libshutdown.o(.ARM.Collect$$libshutdown$$00000000) refers (Special) to libshutdown2.o(.ARM.Collect$$libshutdown$$0000000F) for __rt_lib_shutdown_heap_1
    libshutdown.o(.ARM.Collect$$libshutdown$$00000000) refers (Special) to libshutdown2.o(.ARM.Collect$$libshutdown$$00000010) for __rt_lib_shutdown_return
    libshutdown.o(.ARM.Collect$$libshutdown$$00000000) refers (Special) to libshutdown2.o(.ARM.Collect$$libshutdown$$0000000A) for __rt_lib_shutdown_signal_1
    libshutdown.o(.ARM.Collect$$libshutdown$$00000000) refers (Special) to libshutdown2.o(.ARM.Collect$$libshutdown$$00000004) for __rt_lib_shutdown_stdio_1
    libshutdown.o(.ARM.Collect$$libshutdown$$00000000) refers (Special) to libshutdown2.o(.ARM.Collect$$libshutdown$$0000000C) for __rt_lib_shutdown_user_alloc_1
    sys_command.o(.text) refers (Special) to use_no_semi.o(.text) for __I$use$semihosting
    sys_command.o(.text) refers (Special) to indicate_semi.o(.text) for __semihosting_library_function
    defsig_rtmem_outer.o(.text) refers to defsig_rtmem_inner.o(.text) for __rt_SIGRTMEM_inner
    defsig_rtmem_outer.o(.text) refers to defsig_exit.o(.text) for __sig_exit
    defsig_rtmem_formal.o(.text) refers to rt_raise.o(.text) for __rt_raise
    rt_raise.o(.text) refers to __raise.o(.text) for __raise
    rt_raise.o(.text) refers to sys_exit.o(.text) for _sys_exit
    defsig_exit.o(.text) refers to sys_exit.o(.text) for _sys_exit
    defsig_rtmem_inner.o(.text) refers to defsig_general.o(.text) for __default_signal_display
    __raise.o(.text) refers to defsig.o(CL$$defsig) for __default_signal_handler
    defsig_general.o(.text) refers to sys_wrch.o(.text) for _ttywrch
    sys_wrch.o(.text) refers (Special) to use_no_semi.o(.text) for __I$use$semihosting
    sys_wrch.o(.text) refers (Special) to indicate_semi.o(.text) for __semihosting_library_function
    defsig.o(CL$$defsig) refers to defsig_rtmem_inner.o(.text) for __rt_SIGRTMEM_inner
    defsig_abrt_inner.o(.text) refers to defsig_general.o(.text) for __default_signal_display
    defsig_fpe_inner.o(.text) refers to defsig_general.o(.text) for __default_signal_display
    defsig_rtred_inner.o(.text) refers to defsig_general.o(.text) for __default_signal_display
    defsig_stak_inner.o(.text) refers to defsig_general.o(.text) for __default_signal_display
    defsig_pvfn_inner.o(.text) refers to defsig_general.o(.text) for __default_signal_display
    defsig_cppl_inner.o(.text) refers to defsig_general.o(.text) for __default_signal_display
    defsig_segv_inner.o(.text) refers to defsig_general.o(.text) for __default_signal_display
    defsig_other.o(.text) refers to defsig_general.o(.text) for __default_signal_display


==============================================================================

Removing Unused input sections from the image.

    Removing main.o(.rev16_text), (4 bytes).
    Removing main.o(.revsh_text), (4 bytes).
    Removing main.o(.rrx_text), (6 bytes).
    Removing gpt.o(.rev16_text), (4 bytes).
    Removing gpt.o(.revsh_text), (4 bytes).
    Removing gpt.o(.rrx_text), (6 bytes).
    Removing gpt.o(i.GPTM_disableInterrupt), (24 bytes).
    Removing gpt.o(i.GPTM_enableInterrupt), (26 bytes).
    Removing gpt.o(i.GPTM_getStatus), (120 bytes).
    Removing gpio.o(i.GPIO_dinit), (308 bytes).
    Removing gpio.o(i.GPIO_tog), (96 bytes).
    Removing gpt_lcfg.o(.rev16_text), (4 bytes).
    Removing gpt_lcfg.o(.revsh_text), (4 bytes).
    Removing gpt_lcfg.o(.rrx_text), (6 bytes).
    Removing led.o(i.LED_on), (14 bytes).
    Removing led.o(i.LED_toggle), (12 bytes).
    Removing pwm.o(.rev16_text), (4 bytes).
    Removing pwm.o(.revsh_text), (4 bytes).
    Removing pwm.o(.rrx_text), (6 bytes).
    Removing pwm.o(i.PWM_Stop), (12 bytes).
    Removing delay.o(.rev16_text), (4 bytes).
    Removing delay.o(.revsh_text), (4 bytes).
    Removing delay.o(.rrx_text), (6 bytes).
    Removing delay.o(i.Delay), (88 bytes).
    Removing app.o(.rev16_text), (4 bytes).
    Removing app.o(.revsh_text), (4 bytes).
    Removing app.o(.rrx_text), (6 bytes).
    Removing system_tm4c123.o(.rev16_text), (4 bytes).
    Removing system_tm4c123.o(.revsh_text), (4 bytes).
    Removing system_tm4c123.o(.rrx_text), (6 bytes).
    Removing system_tm4c123.o(i.SystemCoreClockUpdate), (196 bytes).
    Removing system_tm4c123.o(i.getOscClk), (244 bytes).
    Removing system_tm4c123.o(.data), (4 bytes).

33 unused section(s) (total 1242 bytes) removed from the image.

==============================================================================

Image Symbol Table

    Local Symbols

    Symbol Name                              Value     Ov Type        Size  Object(Section)

    RESET                                    0x00000000   Section      620  startup_tm4c123.o(RESET)
    ../clib/angel/boardlib.s                 0x00000000   Number         0  boardinit1.o ABSOLUTE
    ../clib/angel/boardlib.s                 0x00000000   Number         0  boardshut.o ABSOLUTE
    ../clib/angel/boardlib.s                 0x00000000   Number         0  boardinit3.o ABSOLUTE
    ../clib/angel/boardlib.s                 0x00000000   Number         0  boardinit2.o ABSOLUTE
    ../clib/angel/handlers.s                 0x00000000   Number         0  __scatter_copy.o ABSOLUTE
    ../clib/angel/handlers.s                 0x00000000   Number         0  __scatter_zi.o ABSOLUTE
    ../clib/angel/kernel.s                   0x00000000   Number         0  rtexit.o ABSOLUTE
    ../clib/angel/kernel.s                   0x00000000   Number         0  rtexit2.o ABSOLUTE
    ../clib/angel/kernel.s                   0x00000000   Number         0  __rtentry.o ABSOLUTE
    ../clib/angel/kernel.s                   0x00000000   Number         0  __rtentry4.o ABSOLUTE
    ../clib/angel/kernel.s                   0x00000000   Number         0  __rtentry2.o ABSOLUTE
    ../clib/angel/rt.s                       0x00000000   Number         0  rt_errno_addr_intlibspace.o ABSOLUTE
    ../clib/angel/rt.s                       0x00000000   Number         0  rt_raise.o ABSOLUTE
    ../clib/angel/rt.s                       0x00000000   Number         0  rt_errno_addr.o ABSOLUTE
    ../clib/angel/scatter.s                  0x00000000   Number         0  __scatter.o ABSOLUTE
    ../clib/angel/startup.s                  0x00000000   Number         0  __main.o ABSOLUTE
    ../clib/angel/sys.s                      0x00000000   Number         0  sys_stackheap_outer.o ABSOLUTE
    ../clib/angel/sys.s                      0x00000000   Number         0  libspace.o ABSOLUTE
    ../clib/angel/sys.s                      0x00000000   Number         0  use_no_semi.o ABSOLUTE
    ../clib/angel/sys.s                      0x00000000   Number         0  indicate_semi.o ABSOLUTE
    ../clib/angel/sysapp.c                   0x00000000   Number         0  sys_exit.o ABSOLUTE
    ../clib/angel/sysapp.c                   0x00000000   Number         0  sys_wrch.o ABSOLUTE
    ../clib/angel/sysapp.c                   0x00000000   Number         0  sys_command.o ABSOLUTE
    ../clib/armsys.c                         0x00000000   Number         0  argv_veneer.o ABSOLUTE
    ../clib/armsys.c                         0x00000000   Number         0  _get_argv_nomalloc.o ABSOLUTE
    ../clib/armsys.c                         0x00000000   Number         0  no_argv.o ABSOLUTE
    ../clib/armsys.c                         0x00000000   Number         0  argv_veneer.o ABSOLUTE
    ../clib/fenv.c                           0x00000000   Number         0  _rserrno.o ABSOLUTE
    ../clib/heapalloc.c                      0x00000000   Number         0  hrguard.o ABSOLUTE
    ../clib/heapaux.c                        0x00000000   Number         0  heapauxi.o ABSOLUTE
    ../clib/libinit.s                        0x00000000   Number         0  libshutdown.o ABSOLUTE
    ../clib/libinit.s                        0x00000000   Number         0  libshutdown2.o ABSOLUTE
    ../clib/libinit.s                        0x00000000   Number         0  libinit2.o ABSOLUTE
    ../clib/libinit.s                        0x00000000   Number         0  libinit.o ABSOLUTE
    ../clib/signal.c                         0x00000000   Number         0  defsig_rtmem_outer.o ABSOLUTE
    ../clib/signal.c                         0x00000000   Number         0  defsig_exit.o ABSOLUTE
    ../clib/signal.c                         0x00000000   Number         0  defsig_rtmem_inner.o ABSOLUTE
    ../clib/signal.c                         0x00000000   Number         0  __raise.o ABSOLUTE
    ../clib/signal.c                         0x00000000   Number         0  defsig_general.o ABSOLUTE
    ../clib/signal.c                         0x00000000   Number         0  defsig_cppl_inner.o ABSOLUTE
    ../clib/signal.c                         0x00000000   Number         0  defsig_abrt_inner.o ABSOLUTE
    ../clib/signal.c                         0x00000000   Number         0  defsig_fpe_inner.o ABSOLUTE
    ../clib/signal.c                         0x00000000   Number         0  defsig_rtred_inner.o ABSOLUTE
    ../clib/signal.c                         0x00000000   Number         0  defsig_stak_inner.o ABSOLUTE
    ../clib/signal.c                         0x00000000   Number         0  defsig_pvfn_inner.o ABSOLUTE
    ../clib/signal.c                         0x00000000   Number         0  defsig_rtmem_formal.o ABSOLUTE
    ../clib/signal.c                         0x00000000   Number         0  defsig_segv_inner.o ABSOLUTE
    ../clib/signal.c                         0x00000000   Number         0  defsig_other.o ABSOLUTE
    ../clib/signal.s                         0x00000000   Number         0  defsig.o ABSOLUTE
    ../clib/stdlib.c                         0x00000000   Number         0  exit.o ABSOLUTE
    ../fplib/basic.s                         0x00000000   Number         0  basic.o ABSOLUTE
    ../fplib/d2f.s                           0x00000000   Number         0  d2f.o ABSOLUTE
    ../fplib/daddsub.s                       0x00000000   Number         0  daddsub_clz.o ABSOLUTE
    ../fplib/dcheck1.s                       0x00000000   Number         0  dcheck1.o ABSOLUTE
    ../fplib/dcmpi.s                         0x00000000   Number         0  dcmpi.o ABSOLUTE
    ../fplib/ddiv.s                          0x00000000   Number         0  ddiv.o ABSOLUTE
    ../fplib/dfixull.s                       0x00000000   Number         0  dfixull.o ABSOLUTE
    ../fplib/dflt.s                          0x00000000   Number         0  dflt_clz.o ABSOLUTE
    ../fplib/dleqf.s                         0x00000000   Number         0  dleqf.o ABSOLUTE
    ../fplib/dmul.s                          0x00000000   Number         0  dmul.o ABSOLUTE
    ../fplib/dnaninf.s                       0x00000000   Number         0  dnaninf.o ABSOLUTE
    ../fplib/dretinf.s                       0x00000000   Number         0  dretinf.o ABSOLUTE
    ../fplib/drleqf.s                        0x00000000   Number         0  drleqf.o ABSOLUTE
    ../fplib/dsqrt.s                         0x00000000   Number         0  dsqrt_umaal.o ABSOLUTE
    ../fplib/f2d.s                           0x00000000   Number         0  f2d.o ABSOLUTE
    ../fplib/ffltll.s                        0x00000000   Number         0  ffltll_clz.o ABSOLUTE
    ../fplib/fnaninf.s                       0x00000000   Number         0  fnaninf.o ABSOLUTE
    ../fplib/fpinit.s                        0x00000000   Number         0  fpinit.o ABSOLUTE
    ../fplib/fretinf.s                       0x00000000   Number         0  fretinf.o ABSOLUTE
    ../fplib/retnan.s                        0x00000000   Number         0  retnan.o ABSOLUTE
    ../fplib/scalbn.s                        0x00000000   Number         0  scalbn.o ABSOLUTE
    ../fplib/trapv.s                         0x00000000   Number         0  trapv.o ABSOLUTE
    ../fplib/usenofp.s                       0x00000000   Number         0  usenofp.o ABSOLUTE
    ../mathlib/dunder.c                      0x00000000   Number         0  dunder.o ABSOLUTE
    ../mathlib/fabs.c                        0x00000000   Number         0  fabs.o ABSOLUTE
    ../mathlib/fpclassify.c                  0x00000000   Number         0  fpclassify.o ABSOLUTE
    ../mathlib/poly.c                        0x00000000   Number         0  poly.o ABSOLUTE
    ../mathlib/pow.c                         0x00000000   Number         0  pow.o ABSOLUTE
    ../mathlib/pow.c                         0x00000000   Number         0  pow_x.o ABSOLUTE
    ../mathlib/qnan.c                        0x00000000   Number         0  qnan.o ABSOLUTE
    ../mathlib/sqrt.c                        0x00000000   Number         0  sqrt_x.o ABSOLUTE
    ../mathlib/sqrt.c                        0x00000000   Number         0  sqrt.o ABSOLUTE
    RTE\Device\TM4C123GH6PM\startup_TM4C123.s 0x00000000   Number         0  startup_tm4c123.o ABSOLUTE
    RTE\Device\TM4C123GH6PM\system_TM4C123.c 0x00000000   Number         0  system_tm4c123.o ABSOLUTE
    RTE\\Device\\TM4C123GH6PM\\system_TM4C123.c 0x00000000   Number         0  system_tm4c123.o ABSOLUTE
    app.c                                    0x00000000   Number         0  app.o ABSOLUTE
    app.c                                    0x00000000   Number         0  app.o ABSOLUTE
    btn.c                                    0x00000000   Number         0  btn.o ABSOLUTE
    dc.s                                     0x00000000   Number         0  dc.o ABSOLUTE
    delay.c                                  0x00000000   Number         0  delay.o ABSOLUTE
    delay.c                                  0x00000000   Number         0  delay.o ABSOLUTE
    gpio.c                                   0x00000000   Number         0  gpio.o ABSOLUTE
    gpt.c                                    0x00000000   Number         0  gpt.o ABSOLUTE
    gpt.c                                    0x00000000   Number         0  gpt.o ABSOLUTE
    gpt_lcfg.c                               0x00000000   Number         0  gpt_lcfg.o ABSOLUTE
    gpt_lcfg.c                               0x00000000   Number         0  gpt_lcfg.o ABSOLUTE
    led.c                                    0x00000000   Number         0  led.o ABSOLUTE
    main.c                                   0x00000000   Number         0  main.o ABSOLUTE
    main.c                                   0x00000000   Number         0  main.o ABSOLUTE
    pwm.c                                    0x00000000   Number         0  pwm.o ABSOLUTE
    pwm.c                                    0x00000000   Number         0  pwm.o ABSOLUTE
    !!!main                                  0x0000026c   Section        8  __main.o(!!!main)
    !!!scatter                               0x00000274   Section       52  __scatter.o(!!!scatter)
    !!handler_copy                           0x000002a8   Section       26  __scatter_copy.o(!!handler_copy)
    !!handler_zi                             0x000002c4   Section       28  __scatter_zi.o(!!handler_zi)
    .ARM.Collect$$libinit$$00000000          0x000002e0   Section        2  libinit.o(.ARM.Collect$$libinit$$00000000)
    .ARM.Collect$$libinit$$00000001          0x000002e2   Section        4  libinit2.o(.ARM.Collect$$libinit$$00000001)
    .ARM.Collect$$libinit$$00000004          0x000002e6   Section        0  libinit2.o(.ARM.Collect$$libinit$$00000004)
    .ARM.Collect$$libinit$$0000000A          0x000002e6   Section        0  libinit2.o(.ARM.Collect$$libinit$$0000000A)
    .ARM.Collect$$libinit$$0000000C          0x000002e6   Section        0  libinit2.o(.ARM.Collect$$libinit$$0000000C)
    .ARM.Collect$$libinit$$0000000E          0x000002e6   Section        0  libinit2.o(.ARM.Collect$$libinit$$0000000E)
    .ARM.Collect$$libinit$$00000011          0x000002e6   Section        0  libinit2.o(.ARM.Collect$$libinit$$00000011)
    .ARM.Collect$$libinit$$00000013          0x000002e6   Section        0  libinit2.o(.ARM.Collect$$libinit$$00000013)
    .ARM.Collect$$libinit$$00000015          0x000002e6   Section        0  libinit2.o(.ARM.Collect$$libinit$$00000015)
    .ARM.Collect$$libinit$$00000017          0x000002e6   Section        0  libinit2.o(.ARM.Collect$$libinit$$00000017)
    .ARM.Collect$$libinit$$00000019          0x000002e6   Section        0  libinit2.o(.ARM.Collect$$libinit$$00000019)
    .ARM.Collect$$libinit$$0000001B          0x000002e6   Section        0  libinit2.o(.ARM.Collect$$libinit$$0000001B)
    .ARM.Collect$$libinit$$0000001D          0x000002e6   Section        0  libinit2.o(.ARM.Collect$$libinit$$0000001D)
    .ARM.Collect$$libinit$$0000001F          0x000002e6   Section        0  libinit2.o(.ARM.Collect$$libinit$$0000001F)
    .ARM.Collect$$libinit$$00000021          0x000002e6   Section        0  libinit2.o(.ARM.Collect$$libinit$$00000021)
    .ARM.Collect$$libinit$$00000023          0x000002e6   Section        0  libinit2.o(.ARM.Collect$$libinit$$00000023)
    .ARM.Collect$$libinit$$00000025          0x000002e6   Section        0  libinit2.o(.ARM.Collect$$libinit$$00000025)
    .ARM.Collect$$libinit$$0000002C          0x000002e6   Section        0  libinit2.o(.ARM.Collect$$libinit$$0000002C)
    .ARM.Collect$$libinit$$0000002E          0x000002e6   Section        0  libinit2.o(.ARM.Collect$$libinit$$0000002E)
    .ARM.Collect$$libinit$$00000030          0x000002e6   Section        0  libinit2.o(.ARM.Collect$$libinit$$00000030)
    .ARM.Collect$$libinit$$00000032          0x000002e6   Section        0  libinit2.o(.ARM.Collect$$libinit$$00000032)
    .ARM.Collect$$libinit$$00000033          0x000002e6   Section        2  libinit2.o(.ARM.Collect$$libinit$$00000033)
    .ARM.Collect$$libshutdown$$00000000      0x000002e8   Section        2  libshutdown.o(.ARM.Collect$$libshutdown$$00000000)
    .ARM.Collect$$libshutdown$$00000002      0x000002ea   Section        0  libshutdown2.o(.ARM.Collect$$libshutdown$$00000002)
    .ARM.Collect$$libshutdown$$00000004      0x000002ea   Section        0  libshutdown2.o(.ARM.Collect$$libshutdown$$00000004)
    .ARM.Collect$$libshutdown$$00000007      0x000002ea   Section        0  libshutdown2.o(.ARM.Collect$$libshutdown$$00000007)
    .ARM.Collect$$libshutdown$$0000000A      0x000002ea   Section        0  libshutdown2.o(.ARM.Collect$$libshutdown$$0000000A)
    .ARM.Collect$$libshutdown$$0000000C      0x000002ea   Section        0  libshutdown2.o(.ARM.Collect$$libshutdown$$0000000C)
    .ARM.Collect$$libshutdown$$0000000F      0x000002ea   Section        0  libshutdown2.o(.ARM.Collect$$libshutdown$$0000000F)
    .ARM.Collect$$libshutdown$$00000010      0x000002ea   Section        2  libshutdown2.o(.ARM.Collect$$libshutdown$$00000010)
    .ARM.Collect$$rtentry$$00000000          0x000002ec   Section        0  __rtentry.o(.ARM.Collect$$rtentry$$00000000)
    .ARM.Collect$$rtentry$$00000002          0x000002ec   Section        0  __rtentry2.o(.ARM.Collect$$rtentry$$00000002)
    .ARM.Collect$$rtentry$$00000004          0x000002ec   Section        6  __rtentry4.o(.ARM.Collect$$rtentry$$00000004)
    .ARM.Collect$$rtentry$$00000009          0x000002f2   Section        0  __rtentry2.o(.ARM.Collect$$rtentry$$00000009)
    .ARM.Collect$$rtentry$$0000000A          0x000002f2   Section        4  __rtentry2.o(.ARM.Collect$$rtentry$$0000000A)
    .ARM.Collect$$rtentry$$0000000C          0x000002f6   Section        0  __rtentry2.o(.ARM.Collect$$rtentry$$0000000C)
    .ARM.Collect$$rtentry$$0000000D          0x000002f6   Section        8  __rtentry2.o(.ARM.Collect$$rtentry$$0000000D)
    .ARM.Collect$$rtexit$$00000000           0x000002fe   Section        2  rtexit.o(.ARM.Collect$$rtexit$$00000000)
    .ARM.Collect$$rtexit$$00000002           0x00000300   Section        0  rtexit2.o(.ARM.Collect$$rtexit$$00000002)
    .ARM.Collect$$rtexit$$00000003           0x00000300   Section        4  rtexit2.o(.ARM.Collect$$rtexit$$00000003)
    .ARM.Collect$$rtexit$$00000004           0x00000304   Section        6  rtexit2.o(.ARM.Collect$$rtexit$$00000004)
    .text                                    0x0000030c   Section      276  startup_tm4c123.o(.text)
    $v0                                      0x0000030c   Number         0  startup_tm4c123.o(.text)
    .text                                    0x00000420   Section        0  heapauxi.o(.text)
    .text                                    0x00000426   Section        0  _rserrno.o(.text)
    .text                                    0x0000043c   Section        8  rt_errno_addr_intlibspace.o(.text)
    .text                                    0x00000444   Section        8  libspace.o(.text)
    .text                                    0x0000044c   Section       74  sys_stackheap_outer.o(.text)
    .text                                    0x00000496   Section        0  exit.o(.text)
    .text                                    0x000004a8   Section        0  sys_exit.o(.text)
    .text                                    0x000004b4   Section        2  use_no_semi.o(.text)
    .text                                    0x000004b6   Section        0  indicate_semi.o(.text)
    i.APP_init                               0x000004b8   Section        0  app.o(i.APP_init)
    i.APP_start                              0x00000518   Section        0  app.o(i.APP_start)
    i.BUTTON_init                            0x000005a8   Section        0  btn.o(i.BUTTON_init)
    i.BUTTON_read                            0x000005c4   Section        0  btn.o(i.BUTTON_read)
    i.GPIO_init                              0x000005dc   Section        0  gpio.o(i.GPIO_init)
    i.GPIO_read                              0x000009b8   Section        0  gpio.o(i.GPIO_read)
    i.GPIO_write                             0x000009f8   Section        0  gpio.o(i.GPIO_write)
    i.GPTM_clearInt                          0x00000abc   Section        0  gpt.o(i.GPTM_clearInt)
    i.GPTM_disableTimer                      0x00000b7c   Section        0  gpt.o(i.GPTM_disableTimer)
    i.GPTM_enableTimer                       0x00000c48   Section        0  gpt.o(i.GPTM_enableTimer)
    i.GPTM_initialization                    0x00000d14   Section        0  gpt.o(i.GPTM_initialization)
    i.GPTM_setCallback                       0x00001634   Section        0  gpt.o(i.GPTM_setCallback)
    i.GPTM_setTimer                          0x00001664   Section        0  gpt.o(i.GPTM_setTimer)
    i.LED_init                               0x00001a24   Section        0  led.o(i.LED_init)
    i.LED_off                                0x00001a40   Section        0  led.o(i.LED_off)
    i.PWM_gen                                0x00001a50   Section        0  pwm.o(i.PWM_gen)
    i.PWM_init                               0x00001ac8   Section        0  pwm.o(i.PWM_init)
    i.PWM_start                              0x00001b14   Section        0  pwm.o(i.PWM_start)
    i.SystemInit                             0x00001be4   Section        0  system_tm4c123.o(i.SystemInit)
    i.TIMER0A_Handler                        0x00001c7c   Section        0  gpt.o(i.TIMER0A_Handler)
    i.TIMER0B_Handler                        0x00001c90   Section        0  gpt.o(i.TIMER0B_Handler)
    i.TIMER1A_Handler                        0x00001ca4   Section        0  gpt.o(i.TIMER1A_Handler)
    i.TIMER1B_Handler                        0x00001cb8   Section        0  gpt.o(i.TIMER1B_Handler)
    i.TIMER2A_Handler                        0x00001ccc   Section        0  gpt.o(i.TIMER2A_Handler)
    i.TIMER2B_Handler                        0x00001ce0   Section        0  gpt.o(i.TIMER2B_Handler)
    i.TIMER3A_Handler                        0x00001cf4   Section        0  gpt.o(i.TIMER3A_Handler)
    i.TIMER3B_Handler                        0x00001d08   Section        0  gpt.o(i.TIMER3B_Handler)
    i.TIMER4A_Handler                        0x00001d1c   Section        0  gpt.o(i.TIMER4A_Handler)
    i.TIMER4B_Handler                        0x00001d30   Section        0  gpt.o(i.TIMER4B_Handler)
    i.TIMER5A_Handler                        0x00001d44   Section        0  gpt.o(i.TIMER5A_Handler)
    i.TIMER5B_Handler                        0x00001d58   Section        0  gpt.o(i.TIMER5B_Handler)
    i.WTIMER0A_Handler                       0x00001d6c   Section        0  gpt.o(i.WTIMER0A_Handler)
    i.WTIMER0B_Handler                       0x00001d80   Section        0  gpt.o(i.WTIMER0B_Handler)
    i.WTIMER1A_Handler                       0x00001d94   Section        0  gpt.o(i.WTIMER1A_Handler)
    i.WTIMER1B_Handler                       0x00001da8   Section        0  gpt.o(i.WTIMER1B_Handler)
    i.WTIMER2A_Handler                       0x00001dbc   Section        0  gpt.o(i.WTIMER2A_Handler)
    i.WTIMER2B_Handler                       0x00001dd0   Section        0  gpt.o(i.WTIMER2B_Handler)
    i.WTIMER3A_Handler                       0x00001de4   Section        0  gpt.o(i.WTIMER3A_Handler)
    i.WTIMER3B_Handler                       0x00001df8   Section        0  gpt.o(i.WTIMER3B_Handler)
    i.WTIMER4A_Handler                       0x00001e0c   Section        0  gpt.o(i.WTIMER4A_Handler)
    i.WTIMER4B_Handler                       0x00001e20   Section        0  gpt.o(i.WTIMER4B_Handler)
    i.WTIMER5A_Handler                       0x00001e34   Section        0  gpt.o(i.WTIMER5A_Handler)
    i.WTIMER5B_Handler                       0x00001e48   Section        0  gpt.o(i.WTIMER5B_Handler)
    i.__ARM_fpclassify                       0x00001e5c   Section        0  fpclassify.o(i.__ARM_fpclassify)
    i.__NVIC_DisableIRQ                      0x00001e8c   Section        0  gpt.o(i.__NVIC_DisableIRQ)
    __NVIC_DisableIRQ                        0x00001e8d   Thumb Code    30  gpt.o(i.__NVIC_DisableIRQ)
    i.__NVIC_EnableIRQ                       0x00001eb0   Section        0  gpt.o(i.__NVIC_EnableIRQ)
    __NVIC_EnableIRQ                         0x00001eb1   Thumb Code    34  gpt.o(i.__NVIC_EnableIRQ)
    i.__hardfp_pow                           0x00001ed8   Section        0  pow.o(i.__hardfp_pow)
    i.__kernel_poly                          0x00002b28   Section        0  poly.o(i.__kernel_poly)
    i.__mathlib_dbl_divzero                  0x00002c20   Section        0  dunder.o(i.__mathlib_dbl_divzero)
    i.__mathlib_dbl_infnan2                  0x00002c50   Section        0  dunder.o(i.__mathlib_dbl_infnan2)
    i.__mathlib_dbl_invalid                  0x00002c68   Section        0  dunder.o(i.__mathlib_dbl_invalid)
    i.__mathlib_dbl_overflow                 0x00002c88   Section        0  dunder.o(i.__mathlib_dbl_overflow)
    i.__mathlib_dbl_underflow                0x00002ca8   Section        0  dunder.o(i.__mathlib_dbl_underflow)
    i.fabs                                   0x00002cc8   Section        0  fabs.o(i.fabs)
    i.main                                   0x00002ce0   Section        0  main.o(i.main)
    i.sqrt                                   0x00002cec   Section        0  sqrt.o(i.sqrt)
    x$fpl$basic                              0x00002d5a   Section       24  basic.o(x$fpl$basic)
    $v0                                      0x00002d5a   Number         0  basic.o(x$fpl$basic)
    x$fpl$d2f                                0x00002d74   Section       98  d2f.o(x$fpl$d2f)
    $v0                                      0x00002d74   Number         0  d2f.o(x$fpl$d2f)
    x$fpl$dadd                               0x00002dd8   Section      336  daddsub_clz.o(x$fpl$dadd)
    $v0                                      0x00002dd8   Number         0  daddsub_clz.o(x$fpl$dadd)
    _dadd1                                   0x00002de9   Thumb Code     0  daddsub_clz.o(x$fpl$dadd)
    x$fpl$dcheck1                            0x00002f28   Section       16  dcheck1.o(x$fpl$dcheck1)
    $v0                                      0x00002f28   Number         0  dcheck1.o(x$fpl$dcheck1)
    x$fpl$dcmpinf                            0x00002f38   Section       24  dcmpi.o(x$fpl$dcmpinf)
    $v0                                      0x00002f38   Number         0  dcmpi.o(x$fpl$dcmpinf)
    x$fpl$ddiv                               0x00002f50   Section      688  ddiv.o(x$fpl$ddiv)
    $v0                                      0x00002f50   Number         0  ddiv.o(x$fpl$ddiv)
    ddiv_entry                               0x00002f57   Thumb Code     0  ddiv.o(x$fpl$ddiv)
    x$fpl$dflt                               0x00003200   Section       46  dflt_clz.o(x$fpl$dflt)
    $v0                                      0x00003200   Number         0  dflt_clz.o(x$fpl$dflt)
    x$fpl$dleqf                              0x00003230   Section      120  dleqf.o(x$fpl$dleqf)
    $v0                                      0x00003230   Number         0  dleqf.o(x$fpl$dleqf)
    x$fpl$dmul                               0x000032a8   Section      340  dmul.o(x$fpl$dmul)
    $v0                                      0x000032a8   Number         0  dmul.o(x$fpl$dmul)
    x$fpl$dnaninf                            0x000033fc   Section      156  dnaninf.o(x$fpl$dnaninf)
    $v0                                      0x000033fc   Number         0  dnaninf.o(x$fpl$dnaninf)
    x$fpl$dretinf                            0x00003498   Section       12  dretinf.o(x$fpl$dretinf)
    $v0                                      0x00003498   Number         0  dretinf.o(x$fpl$dretinf)
    x$fpl$drleqf                             0x000034a4   Section      108  drleqf.o(x$fpl$drleqf)
    $v0                                      0x000034a4   Number         0  drleqf.o(x$fpl$drleqf)
    x$fpl$drsb                               0x00003510   Section       22  daddsub_clz.o(x$fpl$drsb)
    $v0                                      0x00003510   Number         0  daddsub_clz.o(x$fpl$drsb)
    x$fpl$dsqrt                              0x00003528   Section      408  dsqrt_umaal.o(x$fpl$dsqrt)
    $v0                                      0x00003528   Number         0  dsqrt_umaal.o(x$fpl$dsqrt)
    x$fpl$dsub                               0x000036c0   Section      468  daddsub_clz.o(x$fpl$dsub)
    $v0                                      0x000036c0   Number         0  daddsub_clz.o(x$fpl$dsub)
    _dsub1                                   0x000036d1   Thumb Code     0  daddsub_clz.o(x$fpl$dsub)
    x$fpl$f2d                                0x00003894   Section       86  f2d.o(x$fpl$f2d)
    $v0                                      0x00003894   Number         0  f2d.o(x$fpl$f2d)
    x$fpl$ffltll                             0x000038ea   Section       96  ffltll_clz.o(x$fpl$ffltll)
    $v0                                      0x000038ea   Number         0  ffltll_clz.o(x$fpl$ffltll)
    x$fpl$fnaninf                            0x0000394a   Section      140  fnaninf.o(x$fpl$fnaninf)
    $v0                                      0x0000394a   Number         0  fnaninf.o(x$fpl$fnaninf)
    x$fpl$fpinit                             0x000039d6   Section       10  fpinit.o(x$fpl$fpinit)
    $v0                                      0x000039d6   Number         0  fpinit.o(x$fpl$fpinit)
    x$fpl$fretinf                            0x000039e0   Section       10  fretinf.o(x$fpl$fretinf)
    $v0                                      0x000039e0   Number         0  fretinf.o(x$fpl$fretinf)
    x$fpl$llufromd                           0x000039ec   Section      120  dfixull.o(x$fpl$llufromd)
    $v0                                      0x000039ec   Number         0  dfixull.o(x$fpl$llufromd)
    x$fpl$retnan                             0x00003a64   Section      100  retnan.o(x$fpl$retnan)
    $v0                                      0x00003a64   Number         0  retnan.o(x$fpl$retnan)
    x$fpl$scalbn                             0x00003ac8   Section       92  scalbn.o(x$fpl$scalbn)
    $v0                                      0x00003ac8   Number         0  scalbn.o(x$fpl$scalbn)
    x$fpl$trapveneer                         0x00003b24   Section       48  trapv.o(x$fpl$trapveneer)
    $v0                                      0x00003b24   Number         0  trapv.o(x$fpl$trapveneer)
    x$fpl$usenofp                            0x00003b54   Section        0  usenofp.o(x$fpl$usenofp)
    .constdata                               0x00003b58   Section      136  pow.o(.constdata)
    bp                                       0x00003b58   Data          16  pow.o(.constdata)
    dp_h                                     0x00003b68   Data          16  pow.o(.constdata)
    dp_l                                     0x00003b78   Data          16  pow.o(.constdata)
    L                                        0x00003b88   Data          48  pow.o(.constdata)
    P                                        0x00003bb8   Data          40  pow.o(.constdata)
    .constdata                               0x00003be0   Section        8  qnan.o(.constdata)
    .data                                    0x20000000   Section        4  gpt.o(.data)
    f32_gs_timerTickTime                     0x20000000   Data           4  gpt.o(.data)
    .data                                    0x20000008   Section       48  gpt_lcfg.o(.data)
    .data                                    0x20000038   Section       33  pwm.o(.data)
    .data                                    0x20000059   Section       11  app.o(.data)
    Counter                                  0x20000063   Data           1  app.o(.data)
    .bss                                     0x20000064   Section       96  gpt.o(.bss)
    avpf_gs_timersInterruptsAction           0x20000064   Data          96  gpt.o(.bss)
    .bss                                     0x200000c4   Section       96  libspace.o(.bss)
    HEAP                                     0x20000128   Section        0  startup_tm4c123.o(HEAP)
    STACK                                    0x20000128   Section      512  startup_tm4c123.o(STACK)
    Heap_Mem                                 0x20000128   Data           0  startup_tm4c123.o(HEAP)
    Stack_Mem                                0x20000128   Data         512  startup_tm4c123.o(STACK)
    __initial_sp                             0x20000328   Data           0  startup_tm4c123.o(STACK)

    Global Symbols

    Symbol Name                              Value     Ov Type        Size  Object(Section)

    BuildAttributes$$THM_ISAv4$E$P$D$K$B$S$7EM$VFPi3$EXTD16$VFPS$VFMA$PE$A:L22UL41UL21$X:L11$S22US41US21$IEEE1$IW$USESV6$~STKCKD$USESV7$~SHL$OTIME$ROPI$IEEEX$EBA8$UX$STANDARDLIB$REQ8$PRES8$EABIv2 0x00000000   Number         0  anon$$obj.o ABSOLUTE
    __ARM_use_no_argv                        0x00000000   Number         0  main.o ABSOLUTE
    __Vectors                                0x00000000   Data           4  startup_tm4c123.o(RESET)
    __ARM_exceptions_init                     - Undefined Weak Reference
    __alloca_initialize                       - Undefined Weak Reference
    __arm_preinit_                            - Undefined Weak Reference
    __cpp_initialize__aeabi_                  - Undefined Weak Reference
    __cxa_finalize                            - Undefined Weak Reference
    __rt_locale                               - Undefined Weak Reference
    __sigvec_lookup                           - Undefined Weak Reference
    _atexit_init                              - Undefined Weak Reference
    _call_atexit_fns                          - Undefined Weak Reference
    _clock_init                               - Undefined Weak Reference
    _fp_trap_init                             - Undefined Weak Reference
    _fp_trap_shutdown                         - Undefined Weak Reference
    _get_lc_collate                           - Undefined Weak Reference
    _get_lc_ctype                             - Undefined Weak Reference
    _get_lc_monetary                          - Undefined Weak Reference
    _get_lc_numeric                           - Undefined Weak Reference
    _get_lc_time                              - Undefined Weak Reference
    _getenv_init                              - Undefined Weak Reference
    _handle_redirection                       - Undefined Weak Reference
    _init_alloc                               - Undefined Weak Reference
    _init_user_alloc                          - Undefined Weak Reference
    _initio                                   - Undefined Weak Reference
    _rand_init                                - Undefined Weak Reference
    _signal_finish                            - Undefined Weak Reference
    _signal_init                              - Undefined Weak Reference
    _terminate_alloc                          - Undefined Weak Reference
    _terminate_user_alloc                     - Undefined Weak Reference
    _terminateio                              - Undefined Weak Reference
    __Vectors_End                            0x0000026c   Data           0  startup_tm4c123.o(RESET)
    __Vectors_Size                           0x0000026c   Number         0  startup_tm4c123.o ABSOLUTE
    __main                                   0x0000026d   Thumb Code     8  __main.o(!!!main)
    __scatterload                            0x00000275   Thumb Code     0  __scatter.o(!!!scatter)
    __scatterload_rt2                        0x00000275   Thumb Code    44  __scatter.o(!!!scatter)
    __scatterload_rt2_thumb_only             0x00000275   Thumb Code     0  __scatter.o(!!!scatter)
    __scatterload_null                       0x00000283   Thumb Code     0  __scatter.o(!!!scatter)
    __scatterload_copy                       0x000002a9   Thumb Code    26  __scatter_copy.o(!!handler_copy)
    __scatterload_zeroinit                   0x000002c5   Thumb Code    28  __scatter_zi.o(!!handler_zi)
    __rt_lib_init                            0x000002e1   Thumb Code     0  libinit.o(.ARM.Collect$$libinit$$00000000)
    __rt_lib_init_fp_1                       0x000002e3   Thumb Code     0  libinit2.o(.ARM.Collect$$libinit$$00000001)
    __rt_lib_init_alloca_1                   0x000002e7   Thumb Code     0  libinit2.o(.ARM.Collect$$libinit$$0000002E)
    __rt_lib_init_argv_1                     0x000002e7   Thumb Code     0  libinit2.o(.ARM.Collect$$libinit$$0000002C)
    __rt_lib_init_atexit_1                   0x000002e7   Thumb Code     0  libinit2.o(.ARM.Collect$$libinit$$0000001B)
    __rt_lib_init_clock_1                    0x000002e7   Thumb Code     0  libinit2.o(.ARM.Collect$$libinit$$00000021)
    __rt_lib_init_cpp_1                      0x000002e7   Thumb Code     0  libinit2.o(.ARM.Collect$$libinit$$00000032)
    __rt_lib_init_exceptions_1               0x000002e7   Thumb Code     0  libinit2.o(.ARM.Collect$$libinit$$00000030)
    __rt_lib_init_fp_trap_1                  0x000002e7   Thumb Code     0  libinit2.o(.ARM.Collect$$libinit$$0000001F)
    __rt_lib_init_getenv_1                   0x000002e7   Thumb Code     0  libinit2.o(.ARM.Collect$$libinit$$00000023)
    __rt_lib_init_heap_1                     0x000002e7   Thumb Code     0  libinit2.o(.ARM.Collect$$libinit$$0000000A)
    __rt_lib_init_lc_collate_1               0x000002e7   Thumb Code     0  libinit2.o(.ARM.Collect$$libinit$$00000011)
    __rt_lib_init_lc_ctype_1                 0x000002e7   Thumb Code     0  libinit2.o(.ARM.Collect$$libinit$$00000013)
    __rt_lib_init_lc_monetary_1              0x000002e7   Thumb Code     0  libinit2.o(.ARM.Collect$$libinit$$00000015)
    __rt_lib_init_lc_numeric_1               0x000002e7   Thumb Code     0  libinit2.o(.ARM.Collect$$libinit$$00000017)
    __rt_lib_init_lc_time_1                  0x000002e7   Thumb Code     0  libinit2.o(.ARM.Collect$$libinit$$00000019)
    __rt_lib_init_preinit_1                  0x000002e7   Thumb Code     0  libinit2.o(.ARM.Collect$$libinit$$00000004)
    __rt_lib_init_rand_1                     0x000002e7   Thumb Code     0  libinit2.o(.ARM.Collect$$libinit$$0000000E)
    __rt_lib_init_return                     0x000002e7   Thumb Code     0  libinit2.o(.ARM.Collect$$libinit$$00000033)
    __rt_lib_init_signal_1                   0x000002e7   Thumb Code     0  libinit2.o(.ARM.Collect$$libinit$$0000001D)
    __rt_lib_init_stdio_1                    0x000002e7   Thumb Code     0  libinit2.o(.ARM.Collect$$libinit$$00000025)
    __rt_lib_init_user_alloc_1               0x000002e7   Thumb Code     0  libinit2.o(.ARM.Collect$$libinit$$0000000C)
    __rt_lib_shutdown                        0x000002e9   Thumb Code     0  libshutdown.o(.ARM.Collect$$libshutdown$$00000000)
    __rt_lib_shutdown_cpp_1                  0x000002eb   Thumb Code     0  libshutdown2.o(.ARM.Collect$$libshutdown$$00000002)
    __rt_lib_shutdown_fp_trap_1              0x000002eb   Thumb Code     0  libshutdown2.o(.ARM.Collect$$libshutdown$$00000007)
    __rt_lib_shutdown_heap_1                 0x000002eb   Thumb Code     0  libshutdown2.o(.ARM.Collect$$libshutdown$$0000000F)
    __rt_lib_shutdown_return                 0x000002eb   Thumb Code     0  libshutdown2.o(.ARM.Collect$$libshutdown$$00000010)
    __rt_lib_shutdown_signal_1               0x000002eb   Thumb Code     0  libshutdown2.o(.ARM.Collect$$libshutdown$$0000000A)
    __rt_lib_shutdown_stdio_1                0x000002eb   Thumb Code     0  libshutdown2.o(.ARM.Collect$$libshutdown$$00000004)
    __rt_lib_shutdown_user_alloc_1           0x000002eb   Thumb Code     0  libshutdown2.o(.ARM.Collect$$libshutdown$$0000000C)
    __rt_entry                               0x000002ed   Thumb Code     0  __rtentry.o(.ARM.Collect$$rtentry$$00000000)
    __rt_entry_presh_1                       0x000002ed   Thumb Code     0  __rtentry2.o(.ARM.Collect$$rtentry$$00000002)
    __rt_entry_sh                            0x000002ed   Thumb Code     0  __rtentry4.o(.ARM.Collect$$rtentry$$00000004)
    __rt_entry_li                            0x000002f3   Thumb Code     0  __rtentry2.o(.ARM.Collect$$rtentry$$0000000A)
    __rt_entry_postsh_1                      0x000002f3   Thumb Code     0  __rtentry2.o(.ARM.Collect$$rtentry$$00000009)
    __rt_entry_main                          0x000002f7   Thumb Code     0  __rtentry2.o(.ARM.Collect$$rtentry$$0000000D)
    __rt_entry_postli_1                      0x000002f7   Thumb Code     0  __rtentry2.o(.ARM.Collect$$rtentry$$0000000C)
    __rt_exit                                0x000002ff   Thumb Code     0  rtexit.o(.ARM.Collect$$rtexit$$00000000)
    __rt_exit_ls                             0x00000301   Thumb Code     0  rtexit2.o(.ARM.Collect$$rtexit$$00000003)
    __rt_exit_prels_1                        0x00000301   Thumb Code     0  rtexit2.o(.ARM.Collect$$rtexit$$00000002)
    __rt_exit_exit                           0x00000305   Thumb Code     0  rtexit2.o(.ARM.Collect$$rtexit$$00000004)
    Reset_Handler                            0x0000030d   Thumb Code     8  startup_tm4c123.o(.text)
    NMI_Handler                              0x00000315   Thumb Code     2  startup_tm4c123.o(.text)
    HardFault_Handler                        0x00000317   Thumb Code     2  startup_tm4c123.o(.text)
    MemManage_Handler                        0x00000319   Thumb Code     2  startup_tm4c123.o(.text)
    BusFault_Handler                         0x0000031b   Thumb Code     2  startup_tm4c123.o(.text)
    UsageFault_Handler                       0x0000031d   Thumb Code     2  startup_tm4c123.o(.text)
    SVC_Handler                              0x0000031f   Thumb Code     2  startup_tm4c123.o(.text)
    DebugMon_Handler                         0x00000321   Thumb Code     2  startup_tm4c123.o(.text)
    PendSV_Handler                           0x00000323   Thumb Code     2  startup_tm4c123.o(.text)
    SysTick_Handler                          0x00000325   Thumb Code     2  startup_tm4c123.o(.text)
    GPIOA_Handler                            0x00000327   Thumb Code     2  startup_tm4c123.o(.text)
    GPIOB_Handler                            0x00000329   Thumb Code     2  startup_tm4c123.o(.text)
    GPIOC_Handler                            0x0000032b   Thumb Code     2  startup_tm4c123.o(.text)
    GPIOD_Handler                            0x0000032d   Thumb Code     2  startup_tm4c123.o(.text)
    GPIOE_Handler                            0x0000032f   Thumb Code     2  startup_tm4c123.o(.text)
    UART0_Handler                            0x00000331   Thumb Code     2  startup_tm4c123.o(.text)
    UART1_Handler                            0x00000333   Thumb Code     2  startup_tm4c123.o(.text)
    SSI0_Handler                             0x00000335   Thumb Code     2  startup_tm4c123.o(.text)
    I2C0_Handler                             0x00000337   Thumb Code     2  startup_tm4c123.o(.text)
    PMW0_FAULT_Handler                       0x00000339   Thumb Code     2  startup_tm4c123.o(.text)
    PWM0_0_Handler                           0x0000033b   Thumb Code     2  startup_tm4c123.o(.text)
    PWM0_1_Handler                           0x0000033d   Thumb Code     2  startup_tm4c123.o(.text)
    PWM0_2_Handler                           0x0000033f   Thumb Code     2  startup_tm4c123.o(.text)
    QEI0_Handler                             0x00000341   Thumb Code     2  startup_tm4c123.o(.text)
    ADC0SS0_Handler                          0x00000343   Thumb Code     2  startup_tm4c123.o(.text)
    ADC0SS1_Handler                          0x00000345   Thumb Code     2  startup_tm4c123.o(.text)
    ADC0SS2_Handler                          0x00000347   Thumb Code     2  startup_tm4c123.o(.text)
    ADC0SS3_Handler                          0x00000349   Thumb Code     2  startup_tm4c123.o(.text)
    WDT0_Handler                             0x0000034b   Thumb Code     2  startup_tm4c123.o(.text)
    COMP0_Handler                            0x00000359   Thumb Code     2  startup_tm4c123.o(.text)
    COMP1_Handler                            0x0000035b   Thumb Code     2  startup_tm4c123.o(.text)
    COMP2_Handler                            0x0000035d   Thumb Code     2  startup_tm4c123.o(.text)
    SYSCTL_Handler                           0x0000035f   Thumb Code     2  startup_tm4c123.o(.text)
    FLASH_Handler                            0x00000361   Thumb Code     2  startup_tm4c123.o(.text)
    GPIOF_Handler                            0x00000363   Thumb Code     2  startup_tm4c123.o(.text)
    GPIOG_Handler                            0x00000365   Thumb Code     2  startup_tm4c123.o(.text)
    GPIOH_Handler                            0x00000367   Thumb Code     2  startup_tm4c123.o(.text)
    UART2_Handler                            0x00000369   Thumb Code     2  startup_tm4c123.o(.text)
    SSI1_Handler                             0x0000036b   Thumb Code     2  startup_tm4c123.o(.text)
    I2C1_Handler                             0x00000371   Thumb Code     2  startup_tm4c123.o(.text)
    QEI1_Handler                             0x00000373   Thumb Code     2  startup_tm4c123.o(.text)
    CAN0_Handler                             0x00000375   Thumb Code     2  startup_tm4c123.o(.text)
    CAN1_Handler                             0x00000377   Thumb Code     2  startup_tm4c123.o(.text)
    CAN2_Handler                             0x00000379   Thumb Code     2  startup_tm4c123.o(.text)
    HIB_Handler                              0x0000037b   Thumb Code     2  startup_tm4c123.o(.text)
    USB0_Handler                             0x0000037d   Thumb Code     2  startup_tm4c123.o(.text)
    PWM0_3_Handler                           0x0000037f   Thumb Code     2  startup_tm4c123.o(.text)
    UDMA_Handler                             0x00000381   Thumb Code     2  startup_tm4c123.o(.text)
    UDMAERR_Handler                          0x00000383   Thumb Code     2  startup_tm4c123.o(.text)
    ADC1SS0_Handler                          0x00000385   Thumb Code     2  startup_tm4c123.o(.text)
    ADC1SS1_Handler                          0x00000387   Thumb Code     2  startup_tm4c123.o(.text)
    ADC1SS2_Handler                          0x00000389   Thumb Code     2  startup_tm4c123.o(.text)
    ADC1SS3_Handler                          0x0000038b   Thumb Code     2  startup_tm4c123.o(.text)
    GPIOJ_Handler                            0x0000038d   Thumb Code     2  startup_tm4c123.o(.text)
    GPIOK_Handler                            0x0000038f   Thumb Code     2  startup_tm4c123.o(.text)
    GPIOL_Handler                            0x00000391   Thumb Code     2  startup_tm4c123.o(.text)
    SSI2_Handler                             0x00000393   Thumb Code     2  startup_tm4c123.o(.text)
    SSI3_Handler                             0x00000395   Thumb Code     2  startup_tm4c123.o(.text)
    UART3_Handler                            0x00000397   Thumb Code     2  startup_tm4c123.o(.text)
    UART4_Handler                            0x00000399   Thumb Code     2  startup_tm4c123.o(.text)
    UART5_Handler                            0x0000039b   Thumb Code     2  startup_tm4c123.o(.text)
    UART6_Handler                            0x0000039d   Thumb Code     2  startup_tm4c123.o(.text)
    UART7_Handler                            0x0000039f   Thumb Code     2  startup_tm4c123.o(.text)
    I2C2_Handler                             0x000003a1   Thumb Code     2  startup_tm4c123.o(.text)
    I2C3_Handler                             0x000003a3   Thumb Code     2  startup_tm4c123.o(.text)
    FPU_Handler                              0x000003c5   Thumb Code     2  startup_tm4c123.o(.text)
    I2C4_Handler                             0x000003c7   Thumb Code     2  startup_tm4c123.o(.text)
    I2C5_Handler                             0x000003c9   Thumb Code     2  startup_tm4c123.o(.text)
    GPIOM_Handler                            0x000003cb   Thumb Code     2  startup_tm4c123.o(.text)
    GPION_Handler                            0x000003cd   Thumb Code     2  startup_tm4c123.o(.text)
    QEI2_Handler                             0x000003cf   Thumb Code     2  startup_tm4c123.o(.text)
    GPIOP0_Handler                           0x000003d1   Thumb Code     2  startup_tm4c123.o(.text)
    GPIOP1_Handler                           0x000003d3   Thumb Code     2  startup_tm4c123.o(.text)
    GPIOP2_Handler                           0x000003d5   Thumb Code     2  startup_tm4c123.o(.text)
    GPIOP3_Handler                           0x000003d7   Thumb Code     2  startup_tm4c123.o(.text)
    GPIOP4_Handler                           0x000003d9   Thumb Code     2  startup_tm4c123.o(.text)
    GPIOP5_Handler                           0x000003db   Thumb Code     2  startup_tm4c123.o(.text)
    GPIOP6_Handler                           0x000003dd   Thumb Code     2  startup_tm4c123.o(.text)
    GPIOP7_Handler                           0x000003df   Thumb Code     2  startup_tm4c123.o(.text)
    GPIOQ0_Handler                           0x000003e1   Thumb Code     2  startup_tm4c123.o(.text)
    GPIOQ1_Handler                           0x000003e3   Thumb Code     2  startup_tm4c123.o(.text)
    GPIOQ2_Handler                           0x000003e5   Thumb Code     2  startup_tm4c123.o(.text)
    GPIOQ3_Handler                           0x000003e7   Thumb Code     2  startup_tm4c123.o(.text)
    GPIOQ4_Handler                           0x000003e9   Thumb Code     2  startup_tm4c123.o(.text)
    GPIOQ5_Handler                           0x000003eb   Thumb Code     2  startup_tm4c123.o(.text)
    GPIOQ6_Handler                           0x000003ed   Thumb Code     2  startup_tm4c123.o(.text)
    GPIOQ7_Handler                           0x000003ef   Thumb Code     2  startup_tm4c123.o(.text)
    GPIOR_Handler                            0x000003f1   Thumb Code     2  startup_tm4c123.o(.text)
    GPIOS_Handler                            0x000003f3   Thumb Code     2  startup_tm4c123.o(.text)
    PMW1_0_Handler                           0x000003f5   Thumb Code     2  startup_tm4c123.o(.text)
    PWM1_1_Handler                           0x000003f7   Thumb Code     2  startup_tm4c123.o(.text)
    PWM1_2_Handler                           0x000003f9   Thumb Code     2  startup_tm4c123.o(.text)
    PWM1_3_Handler                           0x000003fb   Thumb Code     2  startup_tm4c123.o(.text)
    PWM1_FAULT_Handler                       0x000003fd   Thumb Code     2  startup_tm4c123.o(.text)
    __user_initial_stackheap                 0x00000401   Thumb Code     0  startup_tm4c123.o(.text)
    __use_two_region_memory                  0x00000421   Thumb Code     2  heapauxi.o(.text)
    __rt_heap_escrow$2region                 0x00000423   Thumb Code     2  heapauxi.o(.text)
    __rt_heap_expand$2region                 0x00000425   Thumb Code     2  heapauxi.o(.text)
    __read_errno                             0x00000427   Thumb Code    10  _rserrno.o(.text)
    __set_errno                              0x00000431   Thumb Code    12  _rserrno.o(.text)
    __aeabi_errno_addr                       0x0000043d   Thumb Code     8  rt_errno_addr_intlibspace.o(.text)
    __errno$intlibspace                      0x0000043d   Thumb Code     0  rt_errno_addr_intlibspace.o(.text)
    __rt_errno_addr$intlibspace              0x0000043d   Thumb Code     0  rt_errno_addr_intlibspace.o(.text)
    __user_libspace                          0x00000445   Thumb Code     8  libspace.o(.text)
    __user_perproc_libspace                  0x00000445   Thumb Code     0  libspace.o(.text)
    __user_perthread_libspace                0x00000445   Thumb Code     0  libspace.o(.text)
    __user_setup_stackheap                   0x0000044d   Thumb Code    74  sys_stackheap_outer.o(.text)
    exit                                     0x00000497   Thumb Code    18  exit.o(.text)
    _sys_exit                                0x000004a9   Thumb Code     8  sys_exit.o(.text)
    __I$use$semihosting                      0x000004b5   Thumb Code     0  use_no_semi.o(.text)
    __use_no_semihosting_swi                 0x000004b5   Thumb Code     2  use_no_semi.o(.text)
    __semihosting_library_function           0x000004b7   Thumb Code     0  indicate_semi.o(.text)
    APP_init                                 0x000004b9   Thumb Code    88  app.o(i.APP_init)
    APP_start                                0x00000519   Thumb Code   134  app.o(i.APP_start)
    BUTTON_init                              0x000005a9   Thumb Code    28  btn.o(i.BUTTON_init)
    BUTTON_read                              0x000005c5   Thumb Code    24  btn.o(i.BUTTON_read)
    GPIO_init                                0x000005dd   Thumb Code   976  gpio.o(i.GPIO_init)
    GPIO_read                                0x000009b9   Thumb Code    58  gpio.o(i.GPIO_read)
    GPIO_write                               0x000009f9   Thumb Code   190  gpio.o(i.GPIO_write)
    GPTM_clearInt                            0x00000abd   Thumb Code   182  gpt.o(i.GPTM_clearInt)
    GPTM_disableTimer                        0x00000b7d   Thumb Code   196  gpt.o(i.GPTM_disableTimer)
    GPTM_enableTimer                         0x00000c49   Thumb Code   196  gpt.o(i.GPTM_enableTimer)
    GPTM_initialization                      0x00000d15   Thumb Code  2326  gpt.o(i.GPTM_initialization)
    GPTM_setCallback                         0x00001635   Thumb Code    42  gpt.o(i.GPTM_setCallback)
    GPTM_setTimer                            0x00001665   Thumb Code   906  gpt.o(i.GPTM_setTimer)
    LED_init                                 0x00001a25   Thumb Code    28  led.o(i.LED_init)
    LED_off                                  0x00001a41   Thumb Code    14  led.o(i.LED_off)
    PWM_gen                                  0x00001a51   Thumb Code   104  pwm.o(i.PWM_gen)
    PWM_init                                 0x00001ac9   Thumb Code    64  pwm.o(i.PWM_init)
    PWM_start                                0x00001b15   Thumb Code   186  pwm.o(i.PWM_start)
    SystemInit                               0x00001be5   Thumb Code   112  system_tm4c123.o(i.SystemInit)
    TIMER0A_Handler                          0x00001c7d   Thumb Code    16  gpt.o(i.TIMER0A_Handler)
    TIMER0B_Handler                          0x00001c91   Thumb Code    16  gpt.o(i.TIMER0B_Handler)
    TIMER1A_Handler                          0x00001ca5   Thumb Code    16  gpt.o(i.TIMER1A_Handler)
    TIMER1B_Handler                          0x00001cb9   Thumb Code    16  gpt.o(i.TIMER1B_Handler)
    TIMER2A_Handler                          0x00001ccd   Thumb Code    16  gpt.o(i.TIMER2A_Handler)
    TIMER2B_Handler                          0x00001ce1   Thumb Code    16  gpt.o(i.TIMER2B_Handler)
    TIMER3A_Handler                          0x00001cf5   Thumb Code    16  gpt.o(i.TIMER3A_Handler)
    TIMER3B_Handler                          0x00001d09   Thumb Code    16  gpt.o(i.TIMER3B_Handler)
    TIMER4A_Handler                          0x00001d1d   Thumb Code    16  gpt.o(i.TIMER4A_Handler)
    TIMER4B_Handler                          0x00001d31   Thumb Code    16  gpt.o(i.TIMER4B_Handler)
    TIMER5A_Handler                          0x00001d45   Thumb Code    16  gpt.o(i.TIMER5A_Handler)
    TIMER5B_Handler                          0x00001d59   Thumb Code    16  gpt.o(i.TIMER5B_Handler)
    WTIMER0A_Handler                         0x00001d6d   Thumb Code    16  gpt.o(i.WTIMER0A_Handler)
    WTIMER0B_Handler                         0x00001d81   Thumb Code    16  gpt.o(i.WTIMER0B_Handler)
    WTIMER1A_Handler                         0x00001d95   Thumb Code    16  gpt.o(i.WTIMER1A_Handler)
    WTIMER1B_Handler                         0x00001da9   Thumb Code    16  gpt.o(i.WTIMER1B_Handler)
    WTIMER2A_Handler                         0x00001dbd   Thumb Code    16  gpt.o(i.WTIMER2A_Handler)
    WTIMER2B_Handler                         0x00001dd1   Thumb Code    16  gpt.o(i.WTIMER2B_Handler)
    WTIMER3A_Handler                         0x00001de5   Thumb Code    16  gpt.o(i.WTIMER3A_Handler)
    WTIMER3B_Handler                         0x00001df9   Thumb Code    16  gpt.o(i.WTIMER3B_Handler)
    WTIMER4A_Handler                         0x00001e0d   Thumb Code    16  gpt.o(i.WTIMER4A_Handler)
    WTIMER4B_Handler                         0x00001e21   Thumb Code    16  gpt.o(i.WTIMER4B_Handler)
    WTIMER5A_Handler                         0x00001e35   Thumb Code    16  gpt.o(i.WTIMER5A_Handler)
    WTIMER5B_Handler                         0x00001e49   Thumb Code    16  gpt.o(i.WTIMER5B_Handler)
    __ARM_fpclassify                         0x00001e5d   Thumb Code    48  fpclassify.o(i.__ARM_fpclassify)
    __hardfp_pow                             0x00001ed9   Thumb Code  3072  pow.o(i.__hardfp_pow)
    __kernel_poly                            0x00002b29   Thumb Code   248  poly.o(i.__kernel_poly)
    __mathlib_dbl_divzero                    0x00002c21   Thumb Code    28  dunder.o(i.__mathlib_dbl_divzero)
    __mathlib_dbl_infnan2                    0x00002c51   Thumb Code    20  dunder.o(i.__mathlib_dbl_infnan2)
    __mathlib_dbl_invalid                    0x00002c69   Thumb Code    24  dunder.o(i.__mathlib_dbl_invalid)
    __mathlib_dbl_overflow                   0x00002c89   Thumb Code    24  dunder.o(i.__mathlib_dbl_overflow)
    __mathlib_dbl_underflow                  0x00002ca9   Thumb Code    24  dunder.o(i.__mathlib_dbl_underflow)
    fabs                                     0x00002cc9   Thumb Code    24  fabs.o(i.fabs)
    main                                     0x00002ce1   Thumb Code    12  main.o(i.main)
    sqrt                                     0x00002ced   Thumb Code   110  sqrt.o(i.sqrt)
    __aeabi_dneg                             0x00002d5b   Thumb Code     0  basic.o(x$fpl$basic)
    _dneg                                    0x00002d5b   Thumb Code     6  basic.o(x$fpl$basic)
    __aeabi_fneg                             0x00002d61   Thumb Code     0  basic.o(x$fpl$basic)
    _fneg                                    0x00002d61   Thumb Code     6  basic.o(x$fpl$basic)
    _dabs                                    0x00002d67   Thumb Code     6  basic.o(x$fpl$basic)
    _fabs                                    0x00002d6d   Thumb Code     6  basic.o(x$fpl$basic)
    __aeabi_d2f                              0x00002d75   Thumb Code     0  d2f.o(x$fpl$d2f)
    _d2f                                     0x00002d75   Thumb Code    98  d2f.o(x$fpl$d2f)
    __aeabi_dadd                             0x00002dd9   Thumb Code     0  daddsub_clz.o(x$fpl$dadd)
    _dadd                                    0x00002dd9   Thumb Code   332  daddsub_clz.o(x$fpl$dadd)
    __fpl_dcheck_NaN1                        0x00002f29   Thumb Code    10  dcheck1.o(x$fpl$dcheck1)
    __fpl_dcmp_Inf                           0x00002f39   Thumb Code    24  dcmpi.o(x$fpl$dcmpinf)
    __aeabi_ddiv                             0x00002f51   Thumb Code     0  ddiv.o(x$fpl$ddiv)
    _ddiv                                    0x00002f51   Thumb Code   552  ddiv.o(x$fpl$ddiv)
    __aeabi_i2d                              0x00003201   Thumb Code     0  dflt_clz.o(x$fpl$dflt)
    _dflt                                    0x00003201   Thumb Code    46  dflt_clz.o(x$fpl$dflt)
    __aeabi_cdcmple                          0x00003231   Thumb Code     0  dleqf.o(x$fpl$dleqf)
    _dcmple                                  0x00003231   Thumb Code   120  dleqf.o(x$fpl$dleqf)
    __fpl_dcmple_InfNaN                      0x00003293   Thumb Code     0  dleqf.o(x$fpl$dleqf)
    __aeabi_dmul                             0x000032a9   Thumb Code     0  dmul.o(x$fpl$dmul)
    _dmul                                    0x000032a9   Thumb Code   332  dmul.o(x$fpl$dmul)
    __fpl_dnaninf                            0x000033fd   Thumb Code   156  dnaninf.o(x$fpl$dnaninf)
    __fpl_dretinf                            0x00003499   Thumb Code    12  dretinf.o(x$fpl$dretinf)
    __aeabi_cdrcmple                         0x000034a5   Thumb Code     0  drleqf.o(x$fpl$drleqf)
    _drcmple                                 0x000034a5   Thumb Code   108  drleqf.o(x$fpl$drleqf)
    __aeabi_drsub                            0x00003511   Thumb Code     0  daddsub_clz.o(x$fpl$drsb)
    _drsb                                    0x00003511   Thumb Code    22  daddsub_clz.o(x$fpl$drsb)
    _dsqrt                                   0x00003529   Thumb Code   404  dsqrt_umaal.o(x$fpl$dsqrt)
    __aeabi_dsub                             0x000036c1   Thumb Code     0  daddsub_clz.o(x$fpl$dsub)
    _dsub                                    0x000036c1   Thumb Code   464  daddsub_clz.o(x$fpl$dsub)
    __aeabi_f2d                              0x00003895   Thumb Code     0  f2d.o(x$fpl$f2d)
    _f2d                                     0x00003895   Thumb Code    86  f2d.o(x$fpl$f2d)
    __aeabi_ul2f                             0x000038eb   Thumb Code     0  ffltll_clz.o(x$fpl$ffltll)
    _ll_uto_f                                0x000038eb   Thumb Code     6  ffltll_clz.o(x$fpl$ffltll)
    __aeabi_l2f                              0x000038f1   Thumb Code     0  ffltll_clz.o(x$fpl$ffltll)
    _ll_sto_f                                0x000038f1   Thumb Code    90  ffltll_clz.o(x$fpl$ffltll)
    __fpl_fnaninf                            0x0000394b   Thumb Code   140  fnaninf.o(x$fpl$fnaninf)
    _fp_init                                 0x000039d7   Thumb Code    10  fpinit.o(x$fpl$fpinit)
    __fplib_config_fpu_vfp                   0x000039df   Thumb Code     0  fpinit.o(x$fpl$fpinit)
    __fplib_config_pureend_doubles           0x000039df   Thumb Code     0  fpinit.o(x$fpl$fpinit)
    __fpl_fretinf                            0x000039e1   Thumb Code    10  fretinf.o(x$fpl$fretinf)
    __aeabi_d2ulz                            0x000039ed   Thumb Code     0  dfixull.o(x$fpl$llufromd)
    _ll_ufrom_d                              0x000039ed   Thumb Code   120  dfixull.o(x$fpl$llufromd)
    __fpl_return_NaN                         0x00003a65   Thumb Code   100  retnan.o(x$fpl$retnan)
    __ARM_scalbn                             0x00003ac9   Thumb Code    92  scalbn.o(x$fpl$scalbn)
    __fpl_cmpreturn                          0x00003b25   Thumb Code    48  trapv.o(x$fpl$trapveneer)
    __I$use$fp                               0x00003b54   Number         0  usenofp.o(x$fpl$usenofp)
    __mathlib_zero                           0x00003be0   Data           8  qnan.o(.constdata)
    Region$$Table$$Base                      0x00003be8   Number         0  anon$$obj.o(Region$$Table)
    Region$$Table$$Limit                     0x00003c08   Number         0  anon$$obj.o(Region$$Table)
    ast_gs_timersLinkConfig                  0x20000008   Data          48  gpt_lcfg.o(.data)
    pin1                                     0x20000038   Data           5  pwm.o(.data)
    pin2                                     0x2000003d   Data           5  pwm.o(.data)
    PWM_count_ON                             0x20000048   Data           8  pwm.o(.data)
    PWM_count_OFF                            0x20000050   Data           8  pwm.o(.data)
    PWM_Count                                0x20000058   Data           1  pwm.o(.data)
    GREEN_LED                                0x20000059   Data           5  app.o(.data)
    SW1                                      0x2000005e   Data           5  app.o(.data)
    __libspace_start                         0x200000c4   Data          96  libspace.o(.bss)
    __temporary_stack_top$libspace           0x20000124   Data           0  libspace.o(.bss)



==============================================================================

Memory Map of the image

  Image Entry point : 0x0000030d

  Load Region LR_1 (Base: 0x00000000, Size: 0x00003c6c, Max: 0xffffffff, ABSOLUTE)

    Execution Region ER_RO (Exec base: 0x00000000, Load base: 0x00000000, Size: 0x00003c08, Max: 0xffffffff, ABSOLUTE)

    Exec Addr    Load Addr    Size         Type   Attr      Idx    E Section Name        Object

    0x00000000   0x00000000   0x0000026c   Data   RO          540    RESET               startup_tm4c123.o
    0x0000026c   0x0000026c   0x00000008   Code   RO          590  * !!!main             c_w.l(__main.o)
    0x00000274   0x00000274   0x00000034   Code   RO          860    !!!scatter          c_w.l(__scatter.o)
    0x000002a8   0x000002a8   0x0000001a   Code   RO          862    !!handler_copy      c_w.l(__scatter_copy.o)
    0x000002c2   0x000002c2   0x00000002   PAD
    0x000002c4   0x000002c4   0x0000001c   Code   RO          864    !!handler_zi        c_w.l(__scatter_zi.o)
    0x000002e0   0x000002e0   0x00000002   Code   RO          727    .ARM.Collect$$libinit$$00000000  c_w.l(libinit.o)
    0x000002e2   0x000002e2   0x00000004   Code   RO          734    .ARM.Collect$$libinit$$00000001  c_w.l(libinit2.o)
    0x000002e6   0x000002e6   0x00000000   Code   RO          737    .ARM.Collect$$libinit$$00000004  c_w.l(libinit2.o)
    0x000002e6   0x000002e6   0x00000000   Code   RO          740    .ARM.Collect$$libinit$$0000000A  c_w.l(libinit2.o)
    0x000002e6   0x000002e6   0x00000000   Code   RO          742    .ARM.Collect$$libinit$$0000000C  c_w.l(libinit2.o)
    0x000002e6   0x000002e6   0x00000000   Code   RO          744    .ARM.Collect$$libinit$$0000000E  c_w.l(libinit2.o)
    0x000002e6   0x000002e6   0x00000000   Code   RO          747    .ARM.Collect$$libinit$$00000011  c_w.l(libinit2.o)
    0x000002e6   0x000002e6   0x00000000   Code   RO          749    .ARM.Collect$$libinit$$00000013  c_w.l(libinit2.o)
    0x000002e6   0x000002e6   0x00000000   Code   RO          751    .ARM.Collect$$libinit$$00000015  c_w.l(libinit2.o)
    0x000002e6   0x000002e6   0x00000000   Code   RO          753    .ARM.Collect$$libinit$$00000017  c_w.l(libinit2.o)
    0x000002e6   0x000002e6   0x00000000   Code   RO          755    .ARM.Collect$$libinit$$00000019  c_w.l(libinit2.o)
    0x000002e6   0x000002e6   0x00000000   Code   RO          757    .ARM.Collect$$libinit$$0000001B  c_w.l(libinit2.o)
    0x000002e6   0x000002e6   0x00000000   Code   RO          759    .ARM.Collect$$libinit$$0000001D  c_w.l(libinit2.o)
    0x000002e6   0x000002e6   0x00000000   Code   RO          761    .ARM.Collect$$libinit$$0000001F  c_w.l(libinit2.o)
    0x000002e6   0x000002e6   0x00000000   Code   RO          763    .ARM.Collect$$libinit$$00000021  c_w.l(libinit2.o)
    0x000002e6   0x000002e6   0x00000000   Code   RO          765    .ARM.Collect$$libinit$$00000023  c_w.l(libinit2.o)
    0x000002e6   0x000002e6   0x00000000   Code   RO          767    .ARM.Collect$$libinit$$00000025  c_w.l(libinit2.o)
    0x000002e6   0x000002e6   0x00000000   Code   RO          771    .ARM.Collect$$libinit$$0000002C  c_w.l(libinit2.o)
    0x000002e6   0x000002e6   0x00000000   Code   RO          773    .ARM.Collect$$libinit$$0000002E  c_w.l(libinit2.o)
    0x000002e6   0x000002e6   0x00000000   Code   RO          775    .ARM.Collect$$libinit$$00000030  c_w.l(libinit2.o)
    0x000002e6   0x000002e6   0x00000000   Code   RO          777    .ARM.Collect$$libinit$$00000032  c_w.l(libinit2.o)
    0x000002e6   0x000002e6   0x00000002   Code   RO          778    .ARM.Collect$$libinit$$00000033  c_w.l(libinit2.o)
    0x000002e8   0x000002e8   0x00000002   Code   RO          800    .ARM.Collect$$libshutdown$$00000000  c_w.l(libshutdown.o)
    0x000002ea   0x000002ea   0x00000000   Code   RO          813    .ARM.Collect$$libshutdown$$00000002  c_w.l(libshutdown2.o)
    0x000002ea   0x000002ea   0x00000000   Code   RO          815    .ARM.Collect$$libshutdown$$00000004  c_w.l(libshutdown2.o)
    0x000002ea   0x000002ea   0x00000000   Code   RO          818    .ARM.Collect$$libshutdown$$00000007  c_w.l(libshutdown2.o)
    0x000002ea   0x000002ea   0x00000000   Code   RO          821    .ARM.Collect$$libshutdown$$0000000A  c_w.l(libshutdown2.o)
    0x000002ea   0x000002ea   0x00000000   Code   RO          823    .ARM.Collect$$libshutdown$$0000000C  c_w.l(libshutdown2.o)
    0x000002ea   0x000002ea   0x00000000   Code   RO          826    .ARM.Collect$$libshutdown$$0000000F  c_w.l(libshutdown2.o)
    0x000002ea   0x000002ea   0x00000002   Code   RO          827    .ARM.Collect$$libshutdown$$00000010  c_w.l(libshutdown2.o)
    0x000002ec   0x000002ec   0x00000000   Code   RO          624    .ARM.Collect$$rtentry$$00000000  c_w.l(__rtentry.o)
    0x000002ec   0x000002ec   0x00000000   Code   RO          690    .ARM.Collect$$rtentry$$00000002  c_w.l(__rtentry2.o)
    0x000002ec   0x000002ec   0x00000006   Code   RO          702    .ARM.Collect$$rtentry$$00000004  c_w.l(__rtentry4.o)
    0x000002f2   0x000002f2   0x00000000   Code   RO          692    .ARM.Collect$$rtentry$$00000009  c_w.l(__rtentry2.o)
    0x000002f2   0x000002f2   0x00000004   Code   RO          693    .ARM.Collect$$rtentry$$0000000A  c_w.l(__rtentry2.o)
    0x000002f6   0x000002f6   0x00000000   Code   RO          695    .ARM.Collect$$rtentry$$0000000C  c_w.l(__rtentry2.o)
    0x000002f6   0x000002f6   0x00000008   Code   RO          696    .ARM.Collect$$rtentry$$0000000D  c_w.l(__rtentry2.o)
    0x000002fe   0x000002fe   0x00000002   Code   RO          732    .ARM.Collect$$rtexit$$00000000  c_w.l(rtexit.o)
    0x00000300   0x00000300   0x00000000   Code   RO          782    .ARM.Collect$$rtexit$$00000002  c_w.l(rtexit2.o)
    0x00000300   0x00000300   0x00000004   Code   RO          783    .ARM.Collect$$rtexit$$00000003  c_w.l(rtexit2.o)
    0x00000304   0x00000304   0x00000006   Code   RO          784    .ARM.Collect$$rtexit$$00000004  c_w.l(rtexit2.o)
    0x0000030a   0x0000030a   0x00000002   PAD
    0x0000030c   0x0000030c   0x00000114   Code   RO          541  * .text               startup_tm4c123.o
    0x00000420   0x00000420   0x00000006   Code   RO          588    .text               c_w.l(heapauxi.o)
    0x00000426   0x00000426   0x00000016   Code   RO          625    .text               c_w.l(_rserrno.o)
    0x0000043c   0x0000043c   0x00000008   Code   RO          707    .text               c_w.l(rt_errno_addr_intlibspace.o)
    0x00000444   0x00000444   0x00000008   Code   RO          715    .text               c_w.l(libspace.o)
    0x0000044c   0x0000044c   0x0000004a   Code   RO          718    .text               c_w.l(sys_stackheap_outer.o)
    0x00000496   0x00000496   0x00000012   Code   RO          720    .text               c_w.l(exit.o)
    0x000004a8   0x000004a8   0x0000000c   Code   RO          792    .text               c_w.l(sys_exit.o)
    0x000004b4   0x000004b4   0x00000002   Code   RO          803    .text               c_w.l(use_no_semi.o)
    0x000004b6   0x000004b6   0x00000000   Code   RO          805    .text               c_w.l(indicate_semi.o)
    0x000004b6   0x000004b6   0x00000002   PAD
    0x000004b8   0x000004b8   0x00000060   Code   RO          508    i.APP_init          app.o
    0x00000518   0x00000518   0x00000090   Code   RO          509    i.APP_start         app.o
    0x000005a8   0x000005a8   0x0000001c   Code   RO          418    i.BUTTON_init       btn.o
    0x000005c4   0x000005c4   0x00000018   Code   RO          419    i.BUTTON_read       btn.o
    0x000005dc   0x000005dc   0x000003dc   Code   RO          329    i.GPIO_init         gpio.o
    0x000009b8   0x000009b8   0x00000040   Code   RO          330    i.GPIO_read         gpio.o
    0x000009f8   0x000009f8   0x000000c4   Code   RO          332    i.GPIO_write        gpio.o
    0x00000abc   0x00000abc   0x000000c0   Code   RO           98    i.GPTM_clearInt     gpt.o
    0x00000b7c   0x00000b7c   0x000000cc   Code   RO          100    i.GPTM_disableTimer  gpt.o
    0x00000c48   0x00000c48   0x000000cc   Code   RO          102    i.GPTM_enableTimer  gpt.o
    0x00000d14   0x00000d14   0x00000920   Code   RO          104    i.GPTM_initialization  gpt.o
    0x00001634   0x00001634   0x00000030   Code   RO          105    i.GPTM_setCallback  gpt.o
    0x00001664   0x00001664   0x000003c0   Code   RO          106    i.GPTM_setTimer     gpt.o
    0x00001a24   0x00001a24   0x0000001c   Code   RO          388    i.LED_init          led.o
    0x00001a40   0x00001a40   0x0000000e   Code   RO          389    i.LED_off           led.o
    0x00001a4e   0x00001a4e   0x00000002   PAD
    0x00001a50   0x00001a50   0x00000078   Code   RO          440    i.PWM_gen           pwm.o
    0x00001ac8   0x00001ac8   0x0000004c   Code   RO          441    i.PWM_init          pwm.o
    0x00001b14   0x00001b14   0x000000d0   Code   RO          442    i.PWM_start         pwm.o
    0x00001be4   0x00001be4   0x00000098   Code   RO          549    i.SystemInit        system_tm4c123.o
    0x00001c7c   0x00001c7c   0x00000014   Code   RO          107    i.TIMER0A_Handler   gpt.o
    0x00001c90   0x00001c90   0x00000014   Code   RO          108    i.TIMER0B_Handler   gpt.o
    0x00001ca4   0x00001ca4   0x00000014   Code   RO          109    i.TIMER1A_Handler   gpt.o
    0x00001cb8   0x00001cb8   0x00000014   Code   RO          110    i.TIMER1B_Handler   gpt.o
    0x00001ccc   0x00001ccc   0x00000014   Code   RO          111    i.TIMER2A_Handler   gpt.o
    0x00001ce0   0x00001ce0   0x00000014   Code   RO          112    i.TIMER2B_Handler   gpt.o
    0x00001cf4   0x00001cf4   0x00000014   Code   RO          113    i.TIMER3A_Handler   gpt.o
    0x00001d08   0x00001d08   0x00000014   Code   RO          114    i.TIMER3B_Handler   gpt.o
    0x00001d1c   0x00001d1c   0x00000014   Code   RO          115    i.TIMER4A_Handler   gpt.o
    0x00001d30   0x00001d30   0x00000014   Code   RO          116    i.TIMER4B_Handler   gpt.o
    0x00001d44   0x00001d44   0x00000014   Code   RO          117    i.TIMER5A_Handler   gpt.o
    0x00001d58   0x00001d58   0x00000014   Code   RO          118    i.TIMER5B_Handler   gpt.o
    0x00001d6c   0x00001d6c   0x00000014   Code   RO          119    i.WTIMER0A_Handler  gpt.o
    0x00001d80   0x00001d80   0x00000014   Code   RO          120    i.WTIMER0B_Handler  gpt.o
    0x00001d94   0x00001d94   0x00000014   Code   RO          121    i.WTIMER1A_Handler  gpt.o
    0x00001da8   0x00001da8   0x00000014   Code   RO          122    i.WTIMER1B_Handler  gpt.o
    0x00001dbc   0x00001dbc   0x00000014   Code   RO          123    i.WTIMER2A_Handler  gpt.o
    0x00001dd0   0x00001dd0   0x00000014   Code   RO          124    i.WTIMER2B_Handler  gpt.o
    0x00001de4   0x00001de4   0x00000014   Code   RO          125    i.WTIMER3A_Handler  gpt.o
    0x00001df8   0x00001df8   0x00000014   Code   RO          126    i.WTIMER3B_Handler  gpt.o
    0x00001e0c   0x00001e0c   0x00000014   Code   RO          127    i.WTIMER4A_Handler  gpt.o
    0x00001e20   0x00001e20   0x00000014   Code   RO          128    i.WTIMER4B_Handler  gpt.o
    0x00001e34   0x00001e34   0x00000014   Code   RO          129    i.WTIMER5A_Handler  gpt.o
    0x00001e48   0x00001e48   0x00000014   Code   RO          130    i.WTIMER5B_Handler  gpt.o
    0x00001e5c   0x00001e5c   0x00000030   Code   RO          672    i.__ARM_fpclassify  m_wm.l(fpclassify.o)
    0x00001e8c   0x00001e8c   0x00000024   Code   RO          131    i.__NVIC_DisableIRQ  gpt.o
    0x00001eb0   0x00001eb0   0x00000022   Code   RO          132    i.__NVIC_EnableIRQ  gpt.o
    0x00001ed2   0x00001ed2   0x00000006   PAD
    0x00001ed8   0x00001ed8   0x00000c50   Code   RO          610    i.__hardfp_pow      m_wm.l(pow.o)
    0x00002b28   0x00002b28   0x000000f8   Code   RO          674    i.__kernel_poly     m_wm.l(poly.o)
    0x00002c20   0x00002c20   0x00000030   Code   RO          652    i.__mathlib_dbl_divzero  m_wm.l(dunder.o)
    0x00002c50   0x00002c50   0x00000014   Code   RO          654    i.__mathlib_dbl_infnan2  m_wm.l(dunder.o)
    0x00002c64   0x00002c64   0x00000004   PAD
    0x00002c68   0x00002c68   0x00000020   Code   RO          655    i.__mathlib_dbl_invalid  m_wm.l(dunder.o)
    0x00002c88   0x00002c88   0x00000020   Code   RO          656    i.__mathlib_dbl_overflow  m_wm.l(dunder.o)
    0x00002ca8   0x00002ca8   0x00000020   Code   RO          658    i.__mathlib_dbl_underflow  m_wm.l(dunder.o)
    0x00002cc8   0x00002cc8   0x00000018   Code   RO          668    i.fabs              m_wm.l(fabs.o)
    0x00002ce0   0x00002ce0   0x0000000c   Code   RO            4    i.main              main.o
    0x00002cec   0x00002cec   0x0000006e   Code   RO          679    i.sqrt              m_wm.l(sqrt.o)
    0x00002d5a   0x00002d5a   0x00000018   Code   RO          627    x$fpl$basic         fz_wm.l(basic.o)
    0x00002d72   0x00002d72   0x00000002   PAD
    0x00002d74   0x00002d74   0x00000062   Code   RO          592    x$fpl$d2f           fz_wm.l(d2f.o)
    0x00002dd6   0x00002dd6   0x00000002   PAD
    0x00002dd8   0x00002dd8   0x00000150   Code   RO          594    x$fpl$dadd          fz_wm.l(daddsub_clz.o)
    0x00002f28   0x00002f28   0x00000010   Code   RO          709    x$fpl$dcheck1       fz_wm.l(dcheck1.o)
    0x00002f38   0x00002f38   0x00000018   Code   RO          728    x$fpl$dcmpinf       fz_wm.l(dcmpi.o)
    0x00002f50   0x00002f50   0x000002b0   Code   RO          630    x$fpl$ddiv          fz_wm.l(ddiv.o)
    0x00003200   0x00003200   0x0000002e   Code   RO          634    x$fpl$dflt          fz_wm.l(dflt_clz.o)
    0x0000322e   0x0000322e   0x00000002   PAD
    0x00003230   0x00003230   0x00000078   Code   RO          711    x$fpl$dleqf         fz_wm.l(dleqf.o)
    0x000032a8   0x000032a8   0x00000154   Code   RO          604    x$fpl$dmul          fz_wm.l(dmul.o)
    0x000033fc   0x000033fc   0x0000009c   Code   RO          639    x$fpl$dnaninf       fz_wm.l(dnaninf.o)
    0x00003498   0x00003498   0x0000000c   Code   RO          641    x$fpl$dretinf       fz_wm.l(dretinf.o)
    0x000034a4   0x000034a4   0x0000006c   Code   RO          643    x$fpl$drleqf        fz_wm.l(drleqf.o)
    0x00003510   0x00003510   0x00000016   Code   RO          595    x$fpl$drsb          fz_wm.l(daddsub_clz.o)
    0x00003526   0x00003526   0x00000002   PAD
    0x00003528   0x00003528   0x00000198   Code   RO          713    x$fpl$dsqrt         fz_wm.l(dsqrt_umaal.o)
    0x000036c0   0x000036c0   0x000001d4   Code   RO          596    x$fpl$dsub          fz_wm.l(daddsub_clz.o)
    0x00003894   0x00003894   0x00000056   Code   RO          606    x$fpl$f2d           fz_wm.l(f2d.o)
    0x000038ea   0x000038ea   0x00000060   Code   RO          608    x$fpl$ffltll        fz_wm.l(ffltll_clz.o)
    0x0000394a   0x0000394a   0x0000008c   Code   RO          645    x$fpl$fnaninf       fz_wm.l(fnaninf.o)
    0x000039d6   0x000039d6   0x0000000a   Code   RO          790    x$fpl$fpinit        fz_wm.l(fpinit.o)
    0x000039e0   0x000039e0   0x0000000a   Code   RO          647    x$fpl$fretinf       fz_wm.l(fretinf.o)
    0x000039ea   0x000039ea   0x00000002   PAD
    0x000039ec   0x000039ec   0x00000078   Code   RO          600    x$fpl$llufromd      fz_wm.l(dfixull.o)
    0x00003a64   0x00003a64   0x00000064   Code   RO          730    x$fpl$retnan        fz_wm.l(retnan.o)
    0x00003ac8   0x00003ac8   0x0000005c   Code   RO          649    x$fpl$scalbn        fz_wm.l(scalbn.o)
    0x00003b24   0x00003b24   0x00000030   Code   RO          779    x$fpl$trapveneer    fz_wm.l(trapv.o)
    0x00003b54   0x00003b54   0x00000000   Code   RO          651    x$fpl$usenofp       fz_wm.l(usenofp.o)
    0x00003b54   0x00003b54   0x00000004   PAD
    0x00003b58   0x00003b58   0x00000088   Data   RO          613    .constdata          m_wm.l(pow.o)
    0x00003be0   0x00003be0   0x00000008   Data   RO          676    .constdata          m_wm.l(qnan.o)
    0x00003be8   0x00003be8   0x00000020   Data   RO          858    Region$$Table       anon$$obj.o


    Execution Region ER_RW (Exec base: 0x20000000, Load base: 0x00003c08, Size: 0x00000064, Max: 0xffffffff, ABSOLUTE)

    Exec Addr    Load Addr    Size         Type   Attr      Idx    E Section Name        Object

    0x20000000   0x00003c08   0x00000004   Data   RW          134    .data               gpt.o
    0x20000004   0x00003c0c   0x00000004   PAD
    0x20000008   0x00003c10   0x00000030   Data   RW          367    .data               gpt_lcfg.o
    0x20000038   0x00003c40   0x00000021   Data   RW          443    .data               pwm.o
    0x20000059   0x00003c61   0x0000000b   Data   RW          510    .data               app.o


    Execution Region ER_ZI (Exec base: 0x20000064, Load base: 0x00003c6c, Size: 0x000002c4, Max: 0xffffffff, ABSOLUTE)

    Exec Addr    Load Addr    Size         Type   Attr      Idx    E Section Name        Object

    0x20000064        -       0x00000060   Zero   RW          133    .bss                gpt.o
    0x200000c4        -       0x00000060   Zero   RW          716    .bss                c_w.l(libspace.o)
    0x20000124   0x00003c6c   0x00000004   PAD
    0x20000128        -       0x00000000   Zero   RW          539    HEAP                startup_tm4c123.o
    0x20000128        -       0x00000200   Zero   RW          538    STACK               startup_tm4c123.o


==============================================================================

Image component sizes


      Code (inc. data)   RO Data    RW Data    ZI Data      Debug   Object Name

       240         18          0         11          0       1187   app.o
        52          0          0          0          0        976   btn.o
      1248         24          0          0          0       1889   gpio.o
      4494        234          0          4         96      18040   gpt.o
         0          0          0         48          0       2658   gpt_lcfg.o
        42          0          0          0          0        917   led.o
        12          0          0          0          0      31933   main.o
       404         50          0         33          0       2262   pwm.o
       276         24        620          0        512       5444   startup_tm4c123.o
       152         40          0          0          0        589   system_tm4c123.o

    ----------------------------------------------------------------------
      6928        390        652        100        608      65895   Object Totals
         0          0         32          0          0          0   (incl. Generated)
         8          0          0          4          0          0   (incl. Padding)

    ----------------------------------------------------------------------

      Code (inc. data)   RO Data    RW Data    ZI Data      Debug   Library Member Name

         8          0          0          0          0         68   __main.o
         0          0          0          0          0          0   __rtentry.o
        12          0          0          0          0          0   __rtentry2.o
         6          0          0          0          0          0   __rtentry4.o
        52          8          0          0          0          0   __scatter.o
        26          0          0          0          0          0   __scatter_copy.o
        28          0          0          0          0          0   __scatter_zi.o
        22          0          0          0          0        100   _rserrno.o
        18          0          0          0          0         80   exit.o
         6          0          0          0          0        152   heapauxi.o
         0          0          0          0          0          0   indicate_semi.o
         2          0          0          0          0          0   libinit.o
         6          0          0          0          0          0   libinit2.o
         2          0          0          0          0          0   libshutdown.o
         2          0          0          0          0          0   libshutdown2.o
         8          4          0          0         96         68   libspace.o
         8          4          0          0          0         68   rt_errno_addr_intlibspace.o
         2          0          0          0          0          0   rtexit.o
        10          0          0          0          0          0   rtexit2.o
        12          4          0          0          0         68   sys_exit.o
        74          0          0          0          0         80   sys_stackheap_outer.o
         2          0          0          0          0         68   use_no_semi.o
        24          0          0          0          0        164   basic.o
        98          4          0          0          0        140   d2f.o
       826         16          0          0          0        492   daddsub_clz.o
        16          4          0          0          0        116   dcheck1.o
        24          0          0          0          0        116   dcmpi.o
       688        140          0          0          0        256   ddiv.o
       120          4          0          0          0        152   dfixull.o
        46          0          0          0          0        116   dflt_clz.o
       120          4          0          0          0        140   dleqf.o
       340         12          0          0          0        152   dmul.o
       156          4          0          0          0        140   dnaninf.o
        12          0          0          0          0        116   dretinf.o
       108          0          0          0          0        128   drleqf.o
       408         56          0          0          0        168   dsqrt_umaal.o
        86          4          0          0          0        132   f2d.o
        96          0          0          0          0        132   ffltll_clz.o
       140          4          0          0          0        132   fnaninf.o
        10          0          0          0          0        116   fpinit.o
        10          0          0          0          0        116   fretinf.o
       100          0          0          0          0        116   retnan.o
        92          0          0          0          0        116   scalbn.o
        48          0          0          0          0        116   trapv.o
         0          0          0          0          0          0   usenofp.o
       164         44          0          0          0        620   dunder.o
        24          0          0          0          0        124   fabs.o
        48          0          0          0          0        124   fpclassify.o
       248          0          0          0          0        152   poly.o
      3152        296        136          0          0        352   pow.o
         0          0          8          0          0          0   qnan.o
       110          0          0          0          0        148   sqrt.o

    ----------------------------------------------------------------------
      7644        612        144          0        100       5644   Library Totals
        24          0          0          0          4          0   (incl. Padding)

    ----------------------------------------------------------------------

      Code (inc. data)   RO Data    RW Data    ZI Data      Debug   Library Name

       306         20          0          0         96        752   c_w.l
      3568        252          0          0          0       3372   fz_wm.l
      3746        340        144          0          0       1520   m_wm.l

    ----------------------------------------------------------------------
      7644        612        144          0        100       5644   Library Totals

    ----------------------------------------------------------------------

==============================================================================


      Code (inc. data)   RO Data    RW Data    ZI Data      Debug   

     14572       1002        796        100        708      63679   Grand Totals
     14572       1002        796        100        708      63679   ELF Image Totals
     14572       1002        796        100          0          0   ROM Totals

==============================================================================

    Total RO  Size (Code + RO Data)                15368 (  15.01kB)
    Total RW  Size (RW Data + ZI Data)               808 (   0.79kB)
    Total ROM Size (Code + RO Data + RW Data)      15468 (  15.11kB)

==============================================================================

