Component: ARM Compiler 5.06 update 6 (build 750) Tool: armlink [4d35ed]

==============================================================================

Section Cross References

    main.o(i.main) refers to app.o(i.APP_init) for APP_init
    main.o(i.main) refers to app.o(i.APP_start) for APP_start
    gpt.o(i.GPTM_disableInterrupt) refers to gpt.o(i.__NVIC_DisableIRQ) for __NVIC_DisableIRQ
    gpt.o(i.GPTM_enableInterrupt) refers to gpt.o(i.__NVIC_EnableIRQ) for __NVIC_EnableIRQ
    gpt.o(i.GPTM_initialization) refers to gpt.o(.data) for f32_gs_timerTickTime
    gpt.o(i.GPTM_initialization) refers to gpt.o(i.__NVIC_DisableIRQ) for __NVIC_DisableIRQ
    gpt.o(i.GPTM_initialization) refers to gpt.o(i.__NVIC_EnableIRQ) for __NVIC_EnableIRQ
    gpt.o(i.GPTM_setCallback) refers to gpt.o(.bss) for avpf_gs_timersInterruptsAction
    gpt.o(i.GPTM_setTimer) refers to pow.o(i.__hardfp_pow) for __hardfp_pow
    gpt.o(i.GPTM_setTimer) refers to f2d.o(x$fpl$f2d) for __aeabi_f2d
    gpt.o(i.GPTM_setTimer) refers to dmul.o(x$fpl$dmul) for __aeabi_dmul
    gpt.o(i.GPTM_setTimer) refers to d2f.o(x$fpl$d2f) for __aeabi_d2f
    gpt.o(i.GPTM_setTimer) refers to ffltll_clz.o(x$fpl$ffltll) for __aeabi_ul2f
    gpt.o(i.GPTM_setTimer) refers to daddsub_clz.o(x$fpl$dsub) for __aeabi_dsub
    gpt.o(i.GPTM_setTimer) refers to dfixull.o(x$fpl$llufromd) for __aeabi_d2ulz
    gpt.o(i.GPTM_setTimer) refers to gpt.o(.data) for f32_gs_timerTickTime
    gpt.o(i.TIMER0A_Handler) refers to gpt.o(.bss) for avpf_gs_timersInterruptsAction
    gpt.o(i.TIMER0B_Handler) refers to gpt.o(.bss) for avpf_gs_timersInterruptsAction
    gpt.o(i.TIMER1A_Handler) refers to gpt.o(.bss) for avpf_gs_timersInterruptsAction
    gpt.o(i.TIMER1B_Handler) refers to gpt.o(.bss) for avpf_gs_timersInterruptsAction
    gpt.o(i.TIMER2A_Handler) refers to gpt.o(.bss) for avpf_gs_timersInterruptsAction
    gpt.o(i.TIMER2B_Handler) refers to gpt.o(.bss) for avpf_gs_timersInterruptsAction
    gpt.o(i.TIMER3A_Handler) refers to gpt.o(.bss) for avpf_gs_timersInterruptsAction
    gpt.o(i.TIMER3B_Handler) refers to gpt.o(.bss) for avpf_gs_timersInterruptsAction
    gpt.o(i.TIMER4A_Handler) refers to gpt.o(.bss) for avpf_gs_timersInterruptsAction
    gpt.o(i.TIMER4B_Handler) refers to gpt.o(.bss) for avpf_gs_timersInterruptsAction
    gpt.o(i.TIMER5A_Handler) refers to gpt.o(.bss) for avpf_gs_timersInterruptsAction
    gpt.o(i.TIMER5B_Handler) refers to gpt.o(.bss) for avpf_gs_timersInterruptsAction
    gpt.o(i.WTIMER0A_Handler) refers to gpt.o(.bss) for avpf_gs_timersInterruptsAction
    gpt.o(i.WTIMER0B_Handler) refers to gpt.o(.bss) for avpf_gs_timersInterruptsAction
    gpt.o(i.WTIMER1A_Handler) refers to gpt.o(.bss) for avpf_gs_timersInterruptsAction
    gpt.o(i.WTIMER1B_Handler) refers to gpt.o(.bss) for avpf_gs_timersInterruptsAction
    gpt.o(i.WTIMER2A_Handler) refers to gpt.o(.bss) for avpf_gs_timersInterruptsAction
    gpt.o(i.WTIMER2B_Handler) refers to gpt.o(.bss) for avpf_gs_timersInterruptsAction
    gpt.o(i.WTIMER3A_Handler) refers to gpt.o(.bss) for avpf_gs_timersInterruptsAction
    gpt.o(i.WTIMER3B_Handler) refers to gpt.o(.bss) for avpf_gs_timersInterruptsAction
    gpt.o(i.WTIMER4A_Handler) refers to gpt.o(.bss) for avpf_gs_timersInterruptsAction
    gpt.o(i.WTIMER4B_Handler) refers to gpt.o(.bss) for avpf_gs_timersInterruptsAction
    gpt.o(i.WTIMER5A_Handler) refers to gpt.o(.bss) for avpf_gs_timersInterruptsAction
    gpt.o(i.WTIMER5B_Handler) refers to gpt.o(.bss) for avpf_gs_timersInterruptsAction
    btn.o(i.BUTTON_init) refers to gpio.o(i.GPIO_init) for GPIO_init
    btn.o(i.BUTTON_read) refers to gpio.o(i.GPIO_read) for GPIO_read
    led.o(i.LED_init) refers to gpio.o(i.GPIO_init) for GPIO_init
    led.o(i.LED_off) refers to gpio.o(i.GPIO_write) for GPIO_write
    led.o(i.LED_on) refers to gpio.o(i.GPIO_write) for GPIO_write
    led.o(i.LED_toggle) refers to gpio.o(i.GPIO_tog) for GPIO_tog
    pwm.o(i.PWM_Stop) refers to gpt.o(i.GPTM_disableTimer) for GPTM_disableTimer
    pwm.o(i.PWM_gen) refers to gpio.o(i.GPIO_write) for GPIO_write
    pwm.o(i.PWM_gen) refers to gpt.o(i.GPTM_setTimer) for GPTM_setTimer
    pwm.o(i.PWM_gen) refers to gpt.o(i.GPTM_clearInt) for GPTM_clearInt
    pwm.o(i.PWM_gen) refers to pwm.o(.data) for PWM_Flag
    pwm.o(i.PWM_init) refers to gpio.o(i.GPIO_init) for GPIO_init
    pwm.o(i.PWM_init) refers to gpt.o(i.GPTM_initialization) for GPTM_initialization
    pwm.o(i.PWM_init) refers to gpt.o(i.GPTM_setCallback) for GPTM_setCallback
    pwm.o(i.PWM_init) refers to pwm.o(.data) for pin1
    pwm.o(i.PWM_init) refers to gpt_lcfg.o(.data) for ast_gs_timersLinkConfig
    pwm.o(i.PWM_init) refers to pwm.o(i.PWM_gen) for PWM_gen
    pwm.o(i.PWM_start) refers to gpio.o(i.GPIO_write) for GPIO_write
    pwm.o(i.PWM_start) refers to gpt.o(i.GPTM_disableTimer) for GPTM_disableTimer
    pwm.o(i.PWM_start) refers to gpt.o(i.GPTM_setTimer) for GPTM_setTimer
[...]
    libinit.o(.ARM.Collect$$libinit$$00000000) refers (Special) to libinit2.o(.ARM.Collect$$libinit$$00000004) for __rt_lib_init_preinit_1
    libinit.o(.ARM.Collect$$libinit$$00000000) refers (Special) to libinit2.o(.ARM.Collect$$libinit$$0000000E) for __rt_lib_init_rand_1
    libinit.o(.ARM.Collect$$libinit$$00000000) refers (Special) to libinit2.o(.ARM.Collect$$libinit$$00000033) for __rt_lib_init_return
    libinit.o(.ARM.Collect$$libinit$$00000000) refers (Special) to libinit2.o(.ARM.Collect$$libinit$$0000001D) for __rt_lib_init_signal_1
    libinit.o(.ARM.Collect$$libinit$$00000000) refers (Special) to libinit2.o(.ARM.Collect$$libinit$$00000025) for __rt_lib_init_stdio_1
    libinit.o(.ARM.Collect$$libinit$$00000000) refers (Special) to libinit2.o(.ARM.Collect$$libinit$$0000000C) for __rt_lib_init_user_alloc_1
    dcmpi.o(x$fpl$dcmpinf) refers (Special) to usenofp.o(x$fpl$usenofp) for __I$use$fp
    retnan.o(x$fpl$retnan) refers (Special) to usenofp.o(x$fpl$usenofp) for __I$use$fp
    retnan.o(x$fpl$retnan) refers to trapv.o(x$fpl$trapveneer) for __fpl_cmpreturn
    rtexit.o(.ARM.Collect$$rtexit$$00000000) refers (Special) to rtexit2.o(.ARM.Collect$$rtexit$$00000004) for __rt_exit_exit
    rtexit.o(.ARM.Collect$$rtexit$$00000000) refers (Special) to rtexit2.o(.ARM.Collect$$rtexit$$00000003) for __rt_exit_ls
    rtexit.o(.ARM.Collect$$rtexit$$00000000) refers (Special) to rtexit2.o(.ARM.Collect$$rtexit$$00000002) for __rt_exit_prels_1
    rtexit.o(.ARM.exidx) refers (Special) to rtexit2.o(.ARM.Collect$$rtexit$$00000004) for __rt_exit_exit
    rtexit.o(.ARM.exidx) refers (Special) to rtexit2.o(.ARM.Collect$$rtexit$$00000003) for __rt_exit_ls
    rtexit.o(.ARM.exidx) refers (Special) to rtexit2.o(.ARM.Collect$$rtexit$$00000002) for __rt_exit_prels_1
    rtexit.o(.ARM.exidx) refers to rtexit.o(.ARM.Collect$$rtexit$$00000000) for .ARM.Collect$$rtexit$$00000000
    libinit2.o(.ARM.Collect$$libinit$$00000001) refers to fpinit.o(x$fpl$fpinit) for _fp_init
    libinit2.o(.ARM.Collect$$libinit$$00000010) refers to libinit2.o(.ARM.Collect$$libinit$$0000000F) for .ARM.Collect$$libinit$$0000000F
    libinit2.o(.ARM.Collect$$libinit$$00000012) refers to libinit2.o(.ARM.Collect$$libinit$$0000000F) for .ARM.Collect$$libinit$$0000000F
    libinit2.o(.ARM.Collect$$libinit$$00000014) refers to libinit2.o(.ARM.Collect$$libinit$$0000000F) for .ARM.Collect$$libinit$$0000000F
    libinit2.o(.ARM.Collect$$libinit$$00000016) refers to libinit2.o(.ARM.Collect$$libinit$$0000000F) for .ARM.Collect$$libinit$$0000000F
    libinit2.o(.ARM.Collect$$libinit$$00000018) refers to libinit2.o(.ARM.Collect$$libinit$$0000000F) for .ARM.Collect$$libinit$$0000000F
    libinit2.o(.ARM.Collect$$libinit$$00000026) refers to argv_veneer.o(.emb_text) for __ARM_argv_veneer
    libinit2.o(.ARM.Collect$$libinit$$00000027) refers to argv_veneer.o(.emb_text) for __ARM_argv_veneer
    trapv.o(x$fpl$trapveneer) refers (Special) to usenofp.o(x$fpl$usenofp) for __I$use$fp
    rtexit2.o(.ARM.Collect$$rtexit$$00000003) refers to libshutdown.o(.ARM.Collect$$libshutdown$$00000000) for __rt_lib_shutdown
    rtexit2.o(.ARM.Collect$$rtexit$$00000004) refers to sys_exit.o(.text) for _sys_exit
    rtexit2.o(.ARM.exidx) refers to rtexit2.o(.ARM.Collect$$rtexit$$00000001) for .ARM.Collect$$rtexit$$00000001
    rtexit2.o(.ARM.exidx) refers to rtexit2.o(.ARM.Collect$$rtexit$$00000003) for .ARM.Collect$$rtexit$$00000003
    rtexit2.o(.ARM.exidx) refers to rtexit2.o(.ARM.Collect$$rtexit$$00000004) for .ARM.Collect$$rtexit$$00000004
    argv_veneer.o(.emb_text) refers to no_argv.o(.text) for __ARM_get_argv
    sys_exit.o(.text) refers (Special) to use_no_semi.o(.text) for __I$use$semihosting
    sys_exit.o(.text) refers (Special) to indicate_semi.o(.text) for __semihosting_library_function
    _get_argv_nomalloc.o(.text) refers (Special) to hrguard.o(.text) for __heap_region$guard
    _get_argv_nomalloc.o(.text) refers to defsig_rtmem_outer.o(.text) for __rt_SIGRTMEM
    _get_argv_nomalloc.o(.text) refers to sys_command.o(.text) for _sys_command_string
    libshutdown.o(.ARM.Collect$$libshutdown$$00000000) refers (Special) to libshutdown2.o(.ARM.Collect$$libshutdown$$00000002) for __rt_lib_shutdown_cpp_1
    libshutdown.o(.ARM.Collect$$libshutdown$$00000000) refers (Special) to libshutdown2.o(.ARM.Collect$$libshutdown$$00000007) for __rt_lib_shutdown_fp_trap_1
    libshutdown.o(.ARM.Collect$$libshutdown$$00000000) refers (Special) to libshutdown2.o(.ARM.Collect$$libshutdown$$0000000F) for __rt_lib_shutdown_heap_1
    libshutdown.o(.ARM.Collect$$libshutdown$$00000000) refers (Special) to libshutdown2.o(.ARM.Collect$$libshutdown$$00000010) for __rt_lib_shutdown_return
    libshutdown.o(.ARM.Collect$$libshutdown$$00000000) refers (Special) to libshutdown2.o(.ARM.Collect$$libshutdown$$0000000A) for __rt_lib_shutdown_signal_1
    libshutdown.o(.ARM.Collect$$libshutdown$$00000000) refers (Special) to libshutdown2.o(.ARM.Collect$$libshutdown$$00000004) for __rt_lib_shutdown_stdio_1
    libshutdown.o(.ARM.Collect$$libshutdown$$00000000) refers (Special) to libshutdown2.o(.ARM.Collect$$libshutdown$$0000000C) for __rt_lib_shutdown_user_alloc_1
    sys_command.o(.text) refers (Special) to use_no_semi.o(.text) for __I$use$semihosting
    sys_command.o(.text) refers (Special) to indicate_semi.o(.text) for __semihosting_library_function
    defsig_rtmem_outer.o(.text) refers to defsig_rtmem_inner.o(.text) for __rt_SIGRTMEM_inner
    defsig_rtmem_outer.o(.text) refers to defsig_exit.o(.text) for __sig_exit
    defsig_rtmem_formal.o(.text) refers to rt_raise.o(.text) for __rt_raise
    rt_raise.o(.text) refers to __raise.o(.text) for __raise
    rt_raise.o(.text) refers to sys_exit.o(.text) for _sys_exit
    defsig_exit.o(.text) refers to sys_exit.o(.text) for _sys_exit
    defsig_rtmem_inner.o(.text) refers to defsig_general.o(.text) for __default_signal_display
    __raise.o(.text) refers to defsig.o(CL$$defsig) for __default_signal_handler
    defsig_general.o(.text) refers to sys_wrch.o(.text) for _ttywrch
    sys_wrch.o(.text) refers (Special) to use_no_semi.o(.text) for __I$use$semihosting
    sys_wrch.o(.text) refers (Special) to indicate_semi.o(.text) for __semihosting_library_function
    defsig.o(CL$$defsig) refers to defsig_rtmem_inner.o(.text) for __rt_SIGRTMEM_inner
    defsig_abrt_inner.o(.text) refers to defsig_general.o(.text) for __default_signal_display
    defsig_fpe_inner.o(.text) refers to defsig_general.o(.text) for __default_signal_display
    defsig_rtred_inner.o(.text) refers to defsig_general.o(.text) for __default_signal_display
    defsig_stak_inner.o(.text) refers to defsig_general.o(.text) for __default_signal_display
    defsig_pvfn_inner.o(.text) refers to defsig_general.o(.text) for __default_signal_display
    defsig_cppl_inner.o(.text) refers to defsig_general.o(.text) for __default_signal_display
    defsig_segv_inner.o(.text) refers to defsig_general.o(.text) for __default_signal_display
    defsig_other.o(.text) refers to defsig_general.o(.text) for __default_signal_display


==============================================================================

Removing Unused input sections from the image.

    Removing main.o(.rev16_text), (4 bytes).
    Removing main.o(.revsh_text), (4 bytes).
    Removing main.o(.rrx_text), (6 bytes).
    Removing gpio.o(i.GPIO_dinit), (312 bytes).
    Removing gpio.o(i.GPIO_tog), (96 bytes).
    Removing gpt.o(.rev16_text), (4 bytes).
    Removing gpt.o(.revsh_text), (4 bytes).
    Removing gpt.o(.rrx_text), (6 bytes).
    Removing gpt.o(i.GPTM_disableInterrupt), (24 bytes).
    Removing gpt.o(i.GPTM_enableInterrupt), (26 bytes).
    Removing gpt.o(i.GPTM_getStatus), (120 bytes).
    Removing gpt_lcfg.o(.rev16_text), (4 bytes).
    Removing gpt_lcfg.o(.revsh_text), (4 bytes).
    Removing gpt_lcfg.o(.rrx_text), (6 bytes).
    Removing led.o(i.LED_on), (26 bytes).
    Removing led.o(i.LED_toggle), (24 bytes).
    Removing pwm.o(.rev16_text), (4 bytes).
    Removing pwm.o(.revsh_text), (4 bytes).
    Removing pwm.o(.rrx_text), (6 bytes).
    Removing pwm.o(i.PWM_Stop), (24 bytes).
    Removing delay.o(.rev16_text), (4 bytes).
    Removing delay.o(.revsh_text), (4 bytes).
    Removing delay.o(.rrx_text), (6 bytes).
    Removing delay.o(i.Delay), (88 bytes).
    Removing app.o(.rev16_text), (4 bytes).
    Removing app.o(.revsh_text), (4 bytes).
    Removing app.o(.rrx_text), (6 bytes).
    Removing system_tm4c123.o(.rev16_text), (4 bytes).
    Removing system_tm4c123.o(.revsh_text), (4 bytes).
    Removing system_tm4c123.o(.rrx_text), (6 bytes).
    Removing system_tm4c123.o(i.SystemCoreClockUpdate), (196 bytes).
    Removing system_tm4c123.o(i.getOscClk), (244 bytes).
    Removing system_tm4c123.o(.data), (4 bytes).

33 unused section(s) (total 1282 bytes) removed from the image.

==============================================================================

Image Symbol Table

    Local Symbols

    Symbol Name                              Value     Ov Type        Size  Object(Section)

    RESET                                    0x00000000   Section      620  startup_tm4c123.o(RESET)
    ../clib/angel/boardlib.s                 0x00000000   Number         0  boardinit2.o ABSOLUTE
    ../clib/angel/boardlib.s                 0x00000000   Number         0  boardshut.o ABSOLUTE
    ../clib/angel/boardlib.s                 0x00000000   Number         0  boardinit3.o ABSOLUTE
    ../clib/angel/boardlib.s                 0x00000000   Number         0  boardinit1.o ABSOLUTE
    ../clib/angel/handlers.s                 0x00000000   Number         0  __scatter_zi.o ABSOLUTE
    ../clib/angel/handlers.s                 0x00000000   Number         0  __scatter_copy.o ABSOLUTE
    ../clib/angel/kernel.s                   0x00000000   Number         0  rtexit.o ABSOLUTE
    ../clib/angel/kernel.s                   0x00000000   Number         0  rtexit2.o ABSOLUTE
    ../clib/angel/kernel.s                   0x00000000   Number         0  __rtentry4.o ABSOLUTE
    ../clib/angel/kernel.s                   0x00000000   Number         0  __rtentry.o ABSOLUTE
    ../clib/angel/kernel.s                   0x00000000   Number         0  __rtentry2.o ABSOLUTE
    ../clib/angel/rt.s                       0x00000000   Number         0  rt_raise.o ABSOLUTE
    ../clib/angel/rt.s                       0x00000000   Number         0  rt_errno_addr_intlibspace.o ABSOLUTE
    ../clib/angel/rt.s                       0x00000000   Number         0  rt_errno_addr.o ABSOLUTE
    ../clib/angel/scatter.s                  0x00000000   Number         0  __scatter.o ABSOLUTE
    ../clib/angel/startup.s                  0x00000000   Number         0  __main.o ABSOLUTE
    ../clib/angel/sys.s                      0x00000000   Number         0  sys_stackheap_outer.o ABSOLUTE
    ../clib/angel/sys.s                      0x00000000   Number         0  libspace.o ABSOLUTE
    ../clib/angel/sys.s                      0x00000000   Number         0  use_no_semi.o ABSOLUTE
    ../clib/angel/sys.s                      0x00000000   Number         0  indicate_semi.o ABSOLUTE
    ../clib/angel/sysapp.c                   0x00000000   Number         0  sys_wrch.o ABSOLUTE
    ../clib/angel/sysapp.c                   0x00000000   Number         0  sys_command.o ABSOLUTE
    ../clib/angel/sysapp.c                   0x00000000   Number         0  sys_exit.o ABSOLUTE
    ../clib/armsys.c                         0x00000000   Number         0  argv_veneer.o ABSOLUTE
    ../clib/armsys.c                         0x00000000   Number         0  argv_veneer.o ABSOLUTE
    ../clib/armsys.c                         0x00000000   Number         0  _get_argv_nomalloc.o ABSOLUTE
    ../clib/armsys.c                         0x00000000   Number         0  no_argv.o ABSOLUTE
    ../clib/fenv.c                           0x00000000   Number         0  _rserrno.o ABSOLUTE
    ../clib/heapalloc.c                      0x00000000   Number         0  hrguard.o ABSOLUTE
    ../clib/heapaux.c                        0x00000000   Number         0  heapauxi.o ABSOLUTE
    ../clib/libinit.s                        0x00000000   Number         0  libshutdown.o ABSOLUTE
    ../clib/libinit.s                        0x00000000   Number         0  libinit2.o ABSOLUTE
    ../clib/libinit.s                        0x00000000   Number         0  libshutdown2.o ABSOLUTE
    ../clib/libinit.s                        0x00000000   Number         0  libinit.o ABSOLUTE
    ../clib/signal.c                         0x00000000   Number         0  defsig_general.o ABSOLUTE
    ../clib/signal.c                         0x00000000   Number         0  defsig_pvfn_inner.o ABSOLUTE
    ../clib/signal.c                         0x00000000   Number         0  defsig_cppl_inner.o ABSOLUTE
    ../clib/signal.c                         0x00000000   Number         0  defsig_other.o ABSOLUTE
    ../clib/signal.c                         0x00000000   Number         0  defsig_exit.o ABSOLUTE
    ../clib/signal.c                         0x00000000   Number         0  defsig_abrt_inner.o ABSOLUTE
    ../clib/signal.c                         0x00000000   Number         0  defsig_rtred_inner.o ABSOLUTE
    ../clib/signal.c                         0x00000000   Number         0  defsig_fpe_inner.o ABSOLUTE
    ../clib/signal.c                         0x00000000   Number         0  __raise.o ABSOLUTE
    ../clib/signal.c                         0x00000000   Number         0  defsig_stak_inner.o ABSOLUTE
    ../clib/signal.c                         0x00000000   Number         0  defsig_rtmem_inner.o ABSOLUTE
    ../clib/signal.c                         0x00000000   Number         0  defsig_rtmem_outer.o ABSOLUTE
    ../clib/signal.c                         0x00000000   Number         0  defsig_segv_inner.o ABSOLUTE
    ../clib/signal.c                         0x00000000   Number         0  defsig_rtmem_formal.o ABSOLUTE
    ../clib/signal.s                         0x00000000   Number         0  defsig.o ABSOLUTE
    ../clib/stdlib.c                         0x00000000   Number         0  exit.o ABSOLUTE
    ../fplib/basic.s                         0x00000000   Number         0  basic.o ABSOLUTE
    ../fplib/d2f.s                           0x00000000   Number         0  d2f.o ABSOLUTE
    ../fplib/daddsub.s                       0x00000000   Number         0  daddsub_clz.o ABSOLUTE
    ../fplib/dcheck1.s                       0x00000000   Number         0  dcheck1.o ABSOLUTE
    ../fplib/dcmpi.s                         0x00000000   Number         0  dcmpi.o ABSOLUTE
    ../fplib/ddiv.s                          0x00000000   Number         0  ddiv.o ABSOLUTE
    ../fplib/dfixull.s                       0x00000000   Number         0  dfixull.o ABSOLUTE
    ../fplib/dflt.s                          0x00000000   Number         0  dflt_clz.o ABSOLUTE
    ../fplib/dleqf.s                         0x00000000   Number         0  dleqf.o ABSOLUTE
    ../fplib/dmul.s                          0x00000000   Number         0  dmul.o ABSOLUTE
    ../fplib/dnaninf.s                       0x00000000   Number         0  dnaninf.o ABSOLUTE
    ../fplib/dretinf.s                       0x00000000   Number         0  dretinf.o ABSOLUTE
    ../fplib/drleqf.s                        0x00000000   Number         0  drleqf.o ABSOLUTE
    ../fplib/dsqrt.s                         0x00000000   Number         0  dsqrt_umaal.o ABSOLUTE
    ../fplib/f2d.s                           0x00000000   Number         0  f2d.o ABSOLUTE
    ../fplib/ffltll.s                        0x00000000   Number         0  ffltll_clz.o ABSOLUTE
    ../fplib/fnaninf.s                       0x00000000   Number         0  fnaninf.o ABSOLUTE
    ../fplib/fpinit.s                        0x00000000   Number         0  fpinit.o ABSOLUTE
    ../fplib/fretinf.s                       0x00000000   Number         0  fretinf.o ABSOLUTE
    ../fplib/retnan.s                        0x00000000   Number         0  retnan.o ABSOLUTE
    ../fplib/scalbn.s                        0x00000000   Number         0  scalbn.o ABSOLUTE
    ../fplib/trapv.s                         0x00000000   Number         0  trapv.o ABSOLUTE
    ../fplib/usenofp.s                       0x00000000   Number         0  usenofp.o ABSOLUTE
    ../mathlib/dunder.c                      0x00000000   Number         0  dunder.o ABSOLUTE
    ../mathlib/fabs.c                        0x00000000   Number         0  fabs.o ABSOLUTE
    ../mathlib/fpclassify.c                  0x00000000   Number         0  fpclassify.o ABSOLUTE
    ../mathlib/poly.c                        0x00000000   Number         0  poly.o ABSOLUTE
    ../mathlib/pow.c                         0x00000000   Number         0  pow_x.o ABSOLUTE
    ../mathlib/pow.c                         0x00000000   Number         0  pow.o ABSOLUTE
    ../mathlib/qnan.c                        0x00000000   Number         0  qnan.o ABSOLUTE
    ../mathlib/sqrt.c                        0x00000000   Number         0  sqrt.o ABSOLUTE
    ../mathlib/sqrt.c                        0x00000000   Number         0  sqrt_x.o ABSOLUTE
    APP\\app.c                               0x00000000   Number         0  app.o ABSOLUTE
    APP\app.c                                0x00000000   Number         0  app.o ABSOLUTE
    HAL\\pwm\\pwm.c                          0x00000000   Number         0  pwm.o ABSOLUTE
    HAL\btn\btn.c                            0x00000000   Number         0  btn.o ABSOLUTE
    HAL\led\led.c                            0x00000000   Number         0  led.o ABSOLUTE
    HAL\pwm\pwm.c                            0x00000000   Number         0  pwm.o ABSOLUTE
    MCAL\\gpt\\gpt.c                         0x00000000   Number         0  gpt.o ABSOLUTE
    MCAL\\gpt\\gpt_lcfg.c                    0x00000000   Number         0  gpt_lcfg.o ABSOLUTE
    MCAL\gpio\gpio.c                         0x00000000   Number         0  gpio.o ABSOLUTE
    MCAL\gpt\gpt.c                           0x00000000   Number         0  gpt.o ABSOLUTE
    MCAL\gpt\gpt_lcfg.c                      0x00000000   Number         0  gpt_lcfg.o ABSOLUTE
    RTE\Device\TM4C123GH6PM\startup_TM4C123.s 0x00000000   Number         0  startup_tm4c123.o ABSOLUTE
    RTE\Device\TM4C123GH6PM\system_TM4C123.c 0x00000000   Number         0  system_tm4c123.o ABSOLUTE
    RTE\\Device\\TM4C123GH6PM\\system_TM4C123.c 0x00000000   Number         0  system_tm4c123.o ABSOLUTE
    SERVICE\\delay\\delay.c                  0x00000000   Number         0  delay.o ABSOLUTE
    SERVICE\delay\delay.c                    0x00000000   Number         0  delay.o ABSOLUTE
    dc.s                                     0x00000000   Number         0  dc.o ABSOLUTE
    main.c                                   0x00000000   Number         0  main.o ABSOLUTE
    main.c                                   0x00000000   Number         0  main.o ABSOLUTE
    !!!main                                  0x0000026c   Section        8  __main.o(!!!main)
    !!!scatter                               0x00000274   Section       52  __scatter.o(!!!scatter)
    !!handler_copy                           0x000002a8   Section       26  __scatter_copy.o(!!handler_copy)
    !!handler_zi                             0x000002c4   Section       28  __scatter_zi.o(!!handler_zi)
    .ARM.Collect$$libinit$$00000000          0x000002e0   Section        2  libinit.o(.ARM.Collect$$libinit$$00000000)
    .ARM.Collect$$libinit$$00000001          0x000002e2   Section        4  libinit2.o(.ARM.Collect$$libinit$$00000001)
    .ARM.Collect$$libinit$$00000004          0x000002e6   Section        0  libinit2.o(.ARM.Collect$$libinit$$00000004)
    .ARM.Collect$$libinit$$0000000A          0x000002e6   Section        0  libinit2.o(.ARM.Collect$$libinit$$0000000A)
    .ARM.Collect$$libinit$$0000000C          0x000002e6   Section        0  libinit2.o(.ARM.Collect$$libinit$$0000000C)
    .ARM.Collect$$libinit$$0000000E          0x000002e6   Section        0  libinit2.o(.ARM.Collect$$libinit$$0000000E)
    .ARM.Collect$$libinit$$00000011          0x000002e6   Section        0  libinit2.o(.ARM.Collect$$libinit$$00000011)
    .ARM.Collect$$libinit$$00000013          0x000002e6   Section        0  libinit2.o(.ARM.Collect$$libinit$$00000013)
    .ARM.Collect$$libinit$$00000015          0x000002e6   Section        0  libinit2.o(.ARM.Collect$$libinit$$00000015)
    .ARM.Collect$$libinit$$00000017          0x000002e6   Section        0  libinit2.o(.ARM.Collect$$libinit$$00000017)
    .ARM.Collect$$libinit$$00000019          0x000002e6   Section        0  libinit2.o(.ARM.Collect$$libinit$$00000019)
    .ARM.Collect$$libinit$$0000001B          0x000002e6   Section        0  libinit2.o(.ARM.Collect$$libinit$$0000001B)
    .ARM.Collect$$libinit$$0000001D          0x000002e6   Section        0  libinit2.o(.ARM.Collect$$libinit$$0000001D)
    .ARM.Collect$$libinit$$0000001F          0x000002e6   Section        0  libinit2.o(.ARM.Collect$$libinit$$0000001F)
    .ARM.Collect$$libinit$$00000021          0x000002e6   Section        0  libinit2.o(.ARM.Collect$$libinit$$00000021)
    .ARM.Collect$$libinit$$00000023          0x000002e6   Section        0  libinit2.o(.ARM.Collect$$libinit$$00000023)
    .ARM.Collect$$libinit$$00000025          0x000002e6   Section        0  libinit2.o(.ARM.Collect$$libinit$$00000025)
    .ARM.Collect$$libinit$$0000002C          0x000002e6   Section        0  libinit2.o(.ARM.Collect$$libinit$$0000002C)
    .ARM.Collect$$libinit$$0000002E          0x000002e6   Section        0  libinit2.o(.ARM.Collect$$libinit$$0000002E)
    .ARM.Collect$$libinit$$00000030          0x000002e6   Section        0  libinit2.o(.ARM.Collect$$libinit$$00000030)
    .ARM.Collect$$libinit$$00000032          0x000002e6   Section        0  libinit2.o(.ARM.Collect$$libinit$$00000032)
    .ARM.Collect$$libinit$$00000033          0x000002e6   Section        2  libinit2.o(.ARM.Collect$$libinit$$00000033)
    .ARM.Collect$$libshutdown$$00000000      0x000002e8   Section        2  libshutdown.o(.ARM.Collect$$libshutdown$$00000000)
    .ARM.Collect$$libshutdown$$00000002      0x000002ea   Section        0  libshutdown2.o(.ARM.Collect$$libshutdown$$00000002)
    .ARM.Collect$$libshutdown$$00000004      0x000002ea   Section        0  libshutdown2.o(.ARM.Collect$$libshutdown$$00000004)
    .ARM.Collect$$libshutdown$$00000007      0x000002ea   Section        0  libshutdown2.o(.ARM.Collect$$libshutdown$$00000007)
    .ARM.Collect$$libshutdown$$0000000A      0x000002ea   Section        0  libshutdown2.o(.ARM.Collect$$libshutdown$$0000000A)
    .ARM.Collect$$libshutdown$$0000000C      0x000002ea   Section        0  libshutdown2.o(.ARM.Collect$$libshutdown$$0000000C)
    .ARM.Collect$$libshutdown$$0000000F      0x000002ea   Section        0  libshutdown2.o(.ARM.Collect$$libshutdown$$0000000F)
    .ARM.Collect$$libshutdown$$00000010      0x000002ea   Section        2  libshutdown2.o(.ARM.Collect$$libshutdown$$00000010)
    .ARM.Collect$$rtentry$$00000000          0x000002ec   Section        0  __rtentry.o(.ARM.Collect$$rtentry$$00000000)
    .ARM.Collect$$rtentry$$00000002          0x000002ec   Section        0  __rtentry2.o(.ARM.Collect$$rtentry$$00000002)
    .ARM.Collect$$rtentry$$00000004          0x000002ec   Section        6  __rtentry4.o(.ARM.Collect$$rtentry$$00000004)
    .ARM.Collect$$rtentry$$00000009          0x000002f2   Section        0  __rtentry2.o(.ARM.Collect$$rtentry$$00000009)
    .ARM.Collect$$rtentry$$0000000A          0x000002f2   Section        4  __rtentry2.o(.ARM.Collect$$rtentry$$0000000A)
    .ARM.Collect$$rtentry$$0000000C          0x000002f6   Section        0  __rtentry2.o(.ARM.Collect$$rtentry$$0000000C)
    .ARM.Collect$$rtentry$$0000000D          0x000002f6   Section        8  __rtentry2.o(.ARM.Collect$$rtentry$$0000000D)
    .ARM.Collect$$rtexit$$00000000           0x000002fe   Section        2  rtexit.o(.ARM.Collect$$rtexit$$00000000)
    .ARM.Collect$$rtexit$$00000002           0x00000300   Section        0  rtexit2.o(.ARM.Collect$$rtexit$$00000002)
    .ARM.Collect$$rtexit$$00000003           0x00000300   Section        4  rtexit2.o(.ARM.Collect$$rtexit$$00000003)
    .ARM.Collect$$rtexit$$00000004           0x00000304   Section        6  rtexit2.o(.ARM.Collect$$rtexit$$00000004)
    .text                                    0x0000030c   Section      276  startup_tm4c123.o(.text)
    $v0                                      0x0000030c   Number         0  startup_tm4c123.o(.text)
    .text                                    0x00000420   Section        0  heapauxi.o(.text)
    .text                                    0x00000426   Section        0  _rserrno.o(.text)
    .text                                    0x0000043c   Section        8  rt_errno_addr_intlibspace.o(.text)
    .text                                    0x00000444   Section        8  libspace.o(.text)
    .text                                    0x0000044c   Section       74  sys_stackheap_outer.o(.text)
    .text                                    0x00000496   Section        0  exit.o(.text)
    .text                                    0x000004a8   Section        0  sys_exit.o(.text)
    .text                                    0x000004b4   Section        2  use_no_semi.o(.text)
    .text                                    0x000004b6   Section        0  indicate_semi.o(.text)
    i.APP_init                               0x000004b8   Section        0  app.o(i.APP_init)
    i.APP_start                              0x00000518   Section        0  app.o(i.APP_start)
    i.BUTTON_init                            0x000005a8   Section        0  btn.o(i.BUTTON_init)
    i.BUTTON_read                            0x000005d0   Section        0  btn.o(i.BUTTON_read)
    i.GPIO_init                              0x000005e8   Section        0  gpio.o(i.GPIO_init)
    i.GPIO_read                              0x000009d0   Section        0  gpio.o(i.GPIO_read)
    i.GPIO_write                             0x00000a10   Section        0  gpio.o(i.GPIO_write)
    i.GPTM_clearInt                          0x00000ad4   Section        0  gpt.o(i.GPTM_clearInt)
    i.GPTM_disableTimer                      0x00000b94   Section        0  gpt.o(i.GPTM_disableTimer)
    i.GPTM_enableTimer                       0x00000c60   Section        0  gpt.o(i.GPTM_enableTimer)
    i.GPTM_initialization                    0x00000d2c   Section        0  gpt.o(i.GPTM_initialization)
    i.GPTM_setCallback                       0x0000164c   Section        0  gpt.o(i.GPTM_setCallback)
    i.GPTM_setTimer                          0x0000167c   Section        0  gpt.o(i.GPTM_setTimer)
    i.LED_init                               0x00001a3c   Section        0  led.o(i.LED_init)
    i.LED_off                                0x00001a64   Section        0  led.o(i.LED_off)
    i.PWM_gen                                0x00001a80   Section        0  pwm.o(i.PWM_gen)
    i.PWM_init                               0x00001af8   Section        0  pwm.o(i.PWM_init)
    i.PWM_start                              0x00001b5c   Section        0  pwm.o(i.PWM_start)
    i.SystemInit                             0x00001c78   Section        0  system_tm4c123.o(i.SystemInit)
    i.TIMER0A_Handler                        0x00001d10   Section        0  gpt.o(i.TIMER0A_Handler)
    i.TIMER0B_Handler                        0x00001d24   Section        0  gpt.o(i.TIMER0B_Handler)
    i.TIMER1A_Handler                        0x00001d38   Section        0  gpt.o(i.TIMER1A_Handler)
    i.TIMER1B_Handler                        0x00001d4c   Section        0  gpt.o(i.TIMER1B_Handler)
    i.TIMER2A_Handler                        0x00001d60   Section        0  gpt.o(i.TIMER2A_Handler)
    i.TIMER2B_Handler                        0x00001d74   Section        0  gpt.o(i.TIMER2B_Handler)
    i.TIMER3A_Handler                        0x00001d88   Section        0  gpt.o(i.TIMER3A_Handler)
    i.TIMER3B_Handler                        0x00001d9c   Section        0  gpt.o(i.TIMER3B_Handler)
    i.TIMER4A_Handler                        0x00001db0   Section        0  gpt.o(i.TIMER4A_Handler)
    i.TIMER4B_Handler                        0x00001dc4   Section        0  gpt.o(i.TIMER4B_Handler)
    i.TIMER5A_Handler                        0x00001dd8   Section        0  gpt.o(i.TIMER5A_Handler)
    i.TIMER5B_Handler                        0x00001dec   Section        0  gpt.o(i.TIMER5B_Handler)
    i.WTIMER0A_Handler                       0x00001e00   Section        0  gpt.o(i.WTIMER0A_Handler)
    i.WTIMER0B_Handler                       0x00001e14   Section        0  gpt.o(i.WTIMER0B_Handler)
    i.WTIMER1A_Handler                       0x00001e28   Section        0  gpt.o(i.WTIMER1A_Handler)
    i.WTIMER1B_Handler                       0x00001e3c   Section        0  gpt.o(i.WTIMER1B_Handler)
    i.WTIMER2A_Handler                       0x00001e50   Section        0  gpt.o(i.WTIMER2A_Handler)
    i.WTIMER2B_Handler                       0x00001e64   Section        0  gpt.o(i.WTIMER2B_Handler)
    i.WTIMER3A_Handler                       0x00001e78   Section        0  gpt.o(i.WTIMER3A_Handler)
    i.WTIMER3B_Handler                       0x00001e8c   Section        0  gpt.o(i.WTIMER3B_Handler)
    i.WTIMER4A_Handler                       0x00001ea0   Section        0  gpt.o(i.WTIMER4A_Handler)
    i.WTIMER4B_Handler                       0x00001eb4   Section        0  gpt.o(i.WTIMER4B_Handler)
    i.WTIMER5A_Handler                       0x00001ec8   Section        0  gpt.o(i.WTIMER5A_Handler)
    i.WTIMER5B_Handler                       0x00001edc   Section        0  gpt.o(i.WTIMER5B_Handler)
    i.__ARM_fpclassify                       0x00001ef0   Section        0  fpclassify.o(i.__ARM_fpclassify)
    i.__NVIC_DisableIRQ                      0x00001f20   Section        0  gpt.o(i.__NVIC_DisableIRQ)
    __NVIC_DisableIRQ                        0x00001f21   Thumb Code    30  gpt.o(i.__NVIC_DisableIRQ)
    i.__NVIC_EnableIRQ                       0x00001f44   Section        0  gpt.o(i.__NVIC_EnableIRQ)
    __NVIC_EnableIRQ                         0x00001f45   Thumb Code    34  gpt.o(i.__NVIC_EnableIRQ)
    i.__hardfp_pow                           0x00001f68   Section        0  pow.o(i.__hardfp_pow)
    i.__kernel_poly                          0x00002bb8   Section        0  poly.o(i.__kernel_poly)
    i.__mathlib_dbl_divzero                  0x00002cb0   Section        0  dunder.o(i.__mathlib_dbl_divzero)
    i.__mathlib_dbl_infnan2                  0x00002ce0   Section        0  dunder.o(i.__mathlib_dbl_infnan2)
    i.__mathlib_dbl_invalid                  0x00002cf8   Section        0  dunder.o(i.__mathlib_dbl_invalid)
    i.__mathlib_dbl_overflow                 0x00002d18   Section        0  dunder.o(i.__mathlib_dbl_overflow)
    i.__mathlib_dbl_underflow                0x00002d38   Section        0  dunder.o(i.__mathlib_dbl_underflow)
    i.fabs                                   0x00002d58   Section        0  fabs.o(i.fabs)
    i.main                                   0x00002d70   Section        0  main.o(i.main)
    i.sqrt                                   0x00002d7c   Section        0  sqrt.o(i.sqrt)
    x$fpl$basic                              0x00002dea   Section       24  basic.o(x$fpl$basic)
    $v0                                      0x00002dea   Number         0  basic.o(x$fpl$basic)
    x$fpl$d2f                                0x00002e04   Section       98  d2f.o(x$fpl$d2f)
    $v0                                      0x00002e04   Number         0  d2f.o(x$fpl$d2f)
    x$fpl$dadd                               0x00002e68   Section      336  daddsub_clz.o(x$fpl$dadd)
    $v0                                      0x00002e68   Number         0  daddsub_clz.o(x$fpl$dadd)
    _dadd1                                   0x00002e79   Thumb Code     0  daddsub_clz.o(x$fpl$dadd)
    x$fpl$dcheck1                            0x00002fb8   Section       16  dcheck1.o(x$fpl$dcheck1)
    $v0                                      0x00002fb8   Number         0  dcheck1.o(x$fpl$dcheck1)
    x$fpl$dcmpinf                            0x00002fc8   Section       24  dcmpi.o(x$fpl$dcmpinf)
    $v0                                      0x00002fc8   Number         0  dcmpi.o(x$fpl$dcmpinf)
    x$fpl$ddiv                               0x00002fe0   Section      688  ddiv.o(x$fpl$ddiv)
    $v0                                      0x00002fe0   Number         0  ddiv.o(x$fpl$ddiv)
    ddiv_entry                               0x00002fe7   Thumb Code     0  ddiv.o(x$fpl$ddiv)
    x$fpl$dflt                               0x00003290   Section       46  dflt_clz.o(x$fpl$dflt)
    $v0                                      0x00003290   Number         0  dflt_clz.o(x$fpl$dflt)
    x$fpl$dleqf                              0x000032c0   Section      120  dleqf.o(x$fpl$dleqf)
    $v0                                      0x000032c0   Number         0  dleqf.o(x$fpl$dleqf)
    x$fpl$dmul                               0x00003338   Section      340  dmul.o(x$fpl$dmul)
    $v0                                      0x00003338   Number         0  dmul.o(x$fpl$dmul)
    x$fpl$dnaninf                            0x0000348c   Section      156  dnaninf.o(x$fpl$dnaninf)
    $v0                                      0x0000348c   Number         0  dnaninf.o(x$fpl$dnaninf)
    x$fpl$dretinf                            0x00003528   Section       12  dretinf.o(x$fpl$dretinf)
    $v0                                      0x00003528   Number         0  dretinf.o(x$fpl$dretinf)
    x$fpl$drleqf                             0x00003534   Section      108  drleqf.o(x$fpl$drleqf)
    $v0                                      0x00003534   Number         0  drleqf.o(x$fpl$drleqf)
    x$fpl$drsb                               0x000035a0   Section       22  daddsub_clz.o(x$fpl$drsb)
    $v0                                      0x000035a0   Number         0  daddsub_clz.o(x$fpl$drsb)
    x$fpl$dsqrt                              0x000035b8   Section      408  dsqrt_umaal.o(x$fpl$dsqrt)
    $v0                                      0x000035b8   Number         0  dsqrt_umaal.o(x$fpl$dsqrt)
    x$fpl$dsub                               0x00003750   Section      468  daddsub_clz.o(x$fpl$dsub)
    $v0                                      0x00003750   Number         0  daddsub_clz.o(x$fpl$dsub)
    _dsub1                                   0x00003761   Thumb Code     0  daddsub_clz.o(x$fpl$dsub)
    x$fpl$f2d                                0x00003924   Section       86  f2d.o(x$fpl$f2d)
    $v0                                      0x00003924   Number         0  f2d.o(x$fpl$f2d)
    x$fpl$ffltll                             0x0000397a   Section       96  ffltll_clz.o(x$fpl$ffltll)
    $v0                                      0x0000397a   Number         0  ffltll_clz.o(x$fpl$ffltll)
    x$fpl$fnaninf                            0x000039da   Section      140  fnaninf.o(x$fpl$fnaninf)
    $v0                                      0x000039da   Number         0  fnaninf.o(x$fpl$fnaninf)
    x$fpl$fpinit                             0x00003a66   Section       10  fpinit.o(x$fpl$fpinit)
    $v0                                      0x00003a66   Number         0  fpinit.o(x$fpl$fpinit)
    x$fpl$fretinf                            0x00003a70   Section       10  fretinf.o(x$fpl$fretinf)
    $v0                                      0x00003a70   Number         0  fretinf.o(x$fpl$fretinf)
    x$fpl$llufromd                           0x00003a7c   Section      120  dfixull.o(x$fpl$llufromd)
    $v0                                      0x00003a7c   Number         0  dfixull.o(x$fpl$llufromd)
    x$fpl$retnan                             0x00003af4   Section      100  retnan.o(x$fpl$retnan)
    $v0                                      0x00003af4   Number         0  retnan.o(x$fpl$retnan)
    x$fpl$scalbn                             0x00003b58   Section       92  scalbn.o(x$fpl$scalbn)
    $v0                                      0x00003b58   Number         0  scalbn.o(x$fpl$scalbn)
    x$fpl$trapveneer                         0x00003bb4   Section       48  trapv.o(x$fpl$trapveneer)
    $v0                                      0x00003bb4   Number         0  trapv.o(x$fpl$trapveneer)
    x$fpl$usenofp                            0x00003be4   Section        0  usenofp.o(x$fpl$usenofp)
    .constdata                               0x00003be8   Section      136  pow.o(.constdata)
    bp                                       0x00003be8   Data          16  pow.o(.constdata)
    dp_h                                     0x00003bf8   Data          16  pow.o(.constdata)
    dp_l                                     0x00003c08   Data          16  pow.o(.constdata)
    L                                        0x00003c18   Data          48  pow.o(.constdata)
    P                                        0x00003c48   Data          40  pow.o(.constdata)
    .constdata                               0x00003c70   Section        8  qnan.o(.constdata)
    .data                                    0x20000000   Section        4  gpt.o(.data)
    f32_gs_timerTickTime                     0x20000000   Data           4  gpt.o(.data)
    .data                                    0x20000008   Section       48  gpt_lcfg.o(.data)
    .data                                    0x20000038   Section       25  pwm.o(.data)
    .data                                    0x20000051   Section       11  app.o(.data)
    app_u8_l_Counter                         0x2000005b   Data           1  app.o(.data)
    .bss                                     0x2000005c   Section       96  gpt.o(.bss)
    avpf_gs_timersInterruptsAction           0x2000005c   Data          96  gpt.o(.bss)
    .bss                                     0x200000bc   Section       96  libspace.o(.bss)
    HEAP                                     0x20000120   Section        0  startup_tm4c123.o(HEAP)
    STACK                                    0x20000120   Section      512  startup_tm4c123.o(STACK)
    Heap_Mem                                 0x20000120   Data           0  startup_tm4c123.o(HEAP)
    Stack_Mem                                0x20000120   Data         512  startup_tm4c123.o(STACK)
    __initial_sp                             0x20000320   Data           0  startup_tm4c123.o(STACK)

    Global Symbols

    Symbol Name                              Value     Ov Type        Size  Object(Section)

    BuildAttributes$$THM_ISAv4$E$P$D$K$B$S$7EM$VFPi3$EXTD16$VFPS$VFMA$PE$A:L22UL41UL21$X:L11$S22US41US21$IEEE1$IW$USESV6$~STKCKD$USESV7$~SHL$OTIME$ROPI$IEEEX$EBA8$UX$STANDARDLIB$REQ8$PRES8$EABIv2 0x00000000   Number         0  anon$$obj.o ABSOLUTE
    __ARM_use_no_argv                        0x00000000   Number         0  main.o ABSOLUTE
    __Vectors                                0x00000000   Data           4  startup_tm4c123.o(RESET)
    __ARM_exceptions_init                     - Undefined Weak Reference
    __alloca_initialize                       - Undefined Weak Reference
    __arm_preinit_                            - Undefined Weak Reference
    __cpp_initialize__aeabi_                  - Undefined Weak Reference
    __cxa_finalize                            - Undefined Weak Reference
    __rt_locale                               - Undefined Weak Reference
    __sigvec_lookup                           - Undefined Weak Reference
    _atexit_init                              - Undefined Weak Reference
    _call_atexit_fns                          - Undefined Weak Reference
    _clock_init                               - Undefined Weak Reference
    _fp_trap_init                             - Undefined Weak Reference
    _fp_trap_shutdown                         - Undefined Weak Reference
    _get_lc_collate                           - Undefined Weak Reference
    _get_lc_ctype                             - Undefined Weak Reference
    _get_lc_monetary                          - Undefined Weak Reference
    _get_lc_numeric                           - Undefined Weak Reference
    _get_lc_time                              - Undefined Weak Reference
    _getenv_init                              - Undefined Weak Reference
    _handle_redirection                       - Undefined Weak Reference
    _init_alloc                               - Undefined Weak Reference
    _init_user_alloc                          - Undefined Weak Reference
    _initio                                   - Undefined Weak Reference
    _rand_init                                - Undefined Weak Reference
    _signal_finish                            - Undefined Weak Reference
    _signal_init                              - Undefined Weak Reference
    _terminate_alloc                          - Undefined Weak Reference
    _terminate_user_alloc                     - Undefined Weak Reference
    _terminateio                              - Undefined Weak Reference
    __Vectors_End                            0x0000026c   Data           0  startup_tm4c123.o(RESET)
    __Vectors_Size                           0x0000026c   Number         0  startup_tm4c123.o ABSOLUTE
    __main                                   0x0000026d   Thumb Code     8  __main.o(!!!main)
    __scatterload                            0x00000275   Thumb Code     0  __scatter.o(!!!scatter)
    __scatterload_rt2                        0x00000275   Thumb Code    44  __scatter.o(!!!scatter)
    __scatterload_rt2_thumb_only             0x00000275   Thumb Code     0  __scatter.o(!!!scatter)
    __scatterload_null                       0x00000283   Thumb Code     0  __scatter.o(!!!scatter)
    __scatterload_copy                       0x000002a9   Thumb Code    26  __scatter_copy.o(!!handler_copy)
    __scatterload_zeroinit                   0x000002c5   Thumb Code    28  __scatter_zi.o(!!handler_zi)
    __rt_lib_init                            0x000002e1   Thumb Code     0  libinit.o(.ARM.Collect$$libinit$$00000000)
    __rt_lib_init_fp_1                       0x000002e3   Thumb Code     0  libinit2.o(.ARM.Collect$$libinit$$00000001)
    __rt_lib_init_alloca_1                   0x000002e7   Thumb Code     0  libinit2.o(.ARM.Collect$$libinit$$0000002E)
    __rt_lib_init_argv_1                     0x000002e7   Thumb Code     0  libinit2.o(.ARM.Collect$$libinit$$0000002C)
    __rt_lib_init_atexit_1                   0x000002e7   Thumb Code     0  libinit2.o(.ARM.Collect$$libinit$$0000001B)
    __rt_lib_init_clock_1                    0x000002e7   Thumb Code     0  libinit2.o(.ARM.Collect$$libinit$$00000021)
    __rt_lib_init_cpp_1                      0x000002e7   Thumb Code     0  libinit2.o(.ARM.Collect$$libinit$$00000032)
    __rt_lib_init_exceptions_1               0x000002e7   Thumb Code     0  libinit2.o(.ARM.Collect$$libinit$$00000030)
    __rt_lib_init_fp_trap_1                  0x000002e7   Thumb Code     0  libinit2.o(.ARM.Collect$$libinit$$0000001F)
    __rt_lib_init_getenv_1                   0x000002e7   Thumb Code     0  libinit2.o(.ARM.Collect$$libinit$$00000023)
    __rt_lib_init_heap_1                     0x000002e7   Thumb Code     0  libinit2.o(.ARM.Collect$$libinit$$0000000A)
    __rt_lib_init_lc_collate_1               0x000002e7   Thumb Code     0  libinit2.o(.ARM.Collect$$libinit$$00000011)
    __rt_lib_init_lc_ctype_1                 0x000002e7   Thumb Code     0  libinit2.o(.ARM.Collect$$libinit$$00000013)
    __rt_lib_init_lc_monetary_1              0x000002e7   Thumb Code     0  libinit2.o(.ARM.Collect$$libinit$$00000015)
    __rt_lib_init_lc_numeric_1               0x000002e7   Thumb Code     0  libinit2.o(.ARM.Collect$$libinit$$00000017)
    __rt_lib_init_lc_time_1                  0x000002e7   Thumb Code     0  libinit2.o(.ARM.Collect$$libinit$$00000019)
    __rt_lib_init_preinit_1                  0x000002e7   Thumb Code     0  libinit2.o(.ARM.Collect$$libinit$$00000004)
    __rt_lib_init_rand_1                     0x000002e7   Thumb Code     0  libinit2.o(.ARM.Collect$$libinit$$0000000E)
    __rt_lib_init_return                     0x000002e7   Thumb Code     0  libinit2.o(.ARM.Collect$$libinit$$00000033)
    __rt_lib_init_signal_1                   0x000002e7   Thumb Code     0  libinit2.o(.ARM.Collect$$libinit$$0000001D)
    __rt_lib_init_stdio_1                    0x000002e7   Thumb Code     0  libinit2.o(.ARM.Collect$$libinit$$00000025)
    __rt_lib_init_user_alloc_1               0x000002e7   Thumb Code     0  libinit2.o(.ARM.Collect$$libinit$$0000000C)
    __rt_lib_shutdown                        0x000002e9   Thumb Code     0  libshutdown.o(.ARM.Collect$$libshutdown$$00000000)
    __rt_lib_shutdown_cpp_1                  0x000002eb   Thumb Code     0  libshutdown2.o(.ARM.Collect$$libshutdown$$00000002)
    __rt_lib_shutdown_fp_trap_1              0x000002eb   Thumb Code     0  libshutdown2.o(.ARM.Collect$$libshutdown$$00000007)
    __rt_lib_shutdown_heap_1                 0x000002eb   Thumb Code     0  libshutdown2.o(.ARM.Collect$$libshutdown$$0000000F)
    __rt_lib_shutdown_return                 0x000002eb   Thumb Code     0  libshutdown2.o(.ARM.Collect$$libshutdown$$00000010)
    __rt_lib_shutdown_signal_1               0x000002eb   Thumb Code     0  libshutdown2.o(.ARM.Collect$$libshutdown$$0000000A)
    __rt_lib_shutdown_stdio_1                0x000002eb   Thumb Code     0  libshutdown2.o(.ARM.Collect$$libshutdown$$00000004)
    __rt_lib_shutdown_user_alloc_1           0x000002eb   Thumb Code     0  libshutdown2.o(.ARM.Collect$$libshutdown$$0000000C)
    __rt_entry                               0x000002ed   Thumb Code     0  __rtentry.o(.ARM.Collect$$rtentry$$00000000)
    __rt_entry_presh_1                       0x000002ed   Thumb Code     0  __rtentry2.o(.ARM.Collect$$rtentry$$00000002)
    __rt_entry_sh                            0x000002ed   Thumb Code     0  __rtentry4.o(.ARM.Collect$$rtentry$$00000004)
    __rt_entry_li                            0x000002f3   Thumb Code     0  __rtentry2.o(.ARM.Collect$$rtentry$$0000000A)
    __rt_entry_postsh_1                      0x000002f3   Thumb Code     0  __rtentry2.o(.ARM.Collect$$rtentry$$00000009)
    __rt_entry_main                          0x000002f7   Thumb Code     0  __rtentry2.o(.ARM.Collect$$rtentry$$0000000D)
    __rt_entry_postli_1                      0x000002f7   Thumb Code     0  __rtentry2.o(.ARM.Collect$$rtentry$$0000000C)
    __rt_exit                                0x000002ff   Thumb Code     0  rtexit.o(.ARM.Collect$$rtexit$$00000000)
    __rt_exit_ls                             0x00000301   Thumb Code     0  rtexit2.o(.ARM.Collect$$rtexit$$00000003)
    __rt_exit_prels_1                        0x00000301   Thumb Code     0  rtexit2.o(.ARM.Collect$$rtexit$$00000002)
    __rt_exit_exit                           0x00000305   Thumb Code     0  rtexit2.o(.ARM.Collect$$rtexit$$00000004)
    Reset_Handler                            0x0000030d   Thumb Code     8  startup_tm4c123.o(.text)
    NMI_Handler                              0x00000315   Thumb Code     2  startup_tm4c123.o(.text)
    HardFault_Handler                        0x00000317   Thumb Code     2  startup_tm4c123.o(.text)
    MemManage_Handler                        0x00000319   Thumb Code     2  startup_tm4c123.o(.text)
    BusFault_Handler                         0x0000031b   Thumb Code     2  startup_tm4c123.o(.text)
    UsageFault_Handler                       0x0000031d   Thumb Code     2  startup_tm4c123.o(.text)
    SVC_Handler                              0x0000031f   Thumb Code     2  startup_tm4c123.o(.text)
    DebugMon_Handler                         0x00000321   Thumb Code     2  startup_tm4c123.o(.text)
    PendSV_Handler                           0x00000323   Thumb Code     2  startup_tm4c123.o(.text)
    SysTick_Handler                          0x00000325   Thumb Code     2  startup_tm4c123.o(.text)
    GPIOA_Handler                            0x00000327   Thumb Code     2  startup_tm4c123.o(.text)
    GPIOB_Handler                            0x00000329   Thumb Code     2  startup_tm4c123.o(.text)
    GPIOC_Handler                            0x0000032b   Thumb Code     2  startup_tm4c123.o(.text)
    GPIOD_Handler                            0x0000032d   Thumb Code     2  startup_tm4c123.o(.text)
    GPIOE_Handler                            0x0000032f   Thumb Code     2  startup_tm4c123.o(.text)
    UART0_Handler                            0x00000331   Thumb Code     2  startup_tm4c123.o(.text)
    UART1_Handler                            0x00000333   Thumb Code     2  startup_tm4c123.o(.text)
    SSI0_Handler                             0x00000335   Thumb Code     2  startup_tm4c123.o(.text)
    I2C0_Handler                             0x00000337   Thumb Code     2  startup_tm4c123.o(.text)
    PMW0_FAULT_Handler                       0x00000339   Thumb Code     2  startup_tm4c123.o(.text)
    PWM0_0_Handler                           0x0000033b   Thumb Code     2  startup_tm4c123.o(.text)
    PWM0_1_Handler                           0x0000033d   Thumb Code     2  startup_tm4c123.o(.text)
    PWM0_2_Handler                           0x0000033f   Thumb Code     2  startup_tm4c123.o(.text)
    QEI0_Handler                             0x00000341   Thumb Code     2  startup_tm4c123.o(.text)
    ADC0SS0_Handler                          0x00000343   Thumb Code     2  startup_tm4c123.o(.text)
    ADC0SS1_Handler                          0x00000345   Thumb Code     2  startup_tm4c123.o(.text)
    ADC0SS2_Handler                          0x00000347   Thumb Code     2  startup_tm4c123.o(.text)
    ADC0SS3_Handler                          0x00000349   Thumb Code     2  startup_tm4c123.o(.text)
    WDT0_Handler                             0x0000034b   Thumb Code     2  startup_tm4c123.o(.text)
    COMP0_Handler                            0x00000359   Thumb Code     2  startup_tm4c123.o(.text)
    COMP1_Handler                            0x0000035b   Thumb Code     2  startup_tm4c123.o(.text)
    COMP2_Handler                            0x0000035d   Thumb Code     2  startup_tm4c123.o(.text)
    SYSCTL_Handler                           0x0000035f   Thumb Code     2  startup_tm4c123.o(.text)
    FLASH_Handler                            0x00000361   Thumb Code     2  startup_tm4c123.o(.text)
    GPIOF_Handler                            0x00000363   Thumb Code     2  startup_tm4c123.o(.text)
    GPIOG_Handler                            0x00000365   Thumb Code     2  startup_tm4c123.o(.text)
    GPIOH_Handler                            0x00000367   Thumb Code     2  startup_tm4c123.o(.text)
    UART2_Handler                            0x00000369   Thumb Code     2  startup_tm4c123.o(.text)
    SSI1_Handler                             0x0000036b   Thumb Code     2  startup_tm4c123.o(.text)
    I2C1_Handler                             0x00000371   Thumb Code     2  startup_tm4c123.o(.text)
    QEI1_Handler                             0x00000373   Thumb Code     2  startup_tm4c123.o(.text)
    CAN0_Handler                             0x00000375   Thumb Code     2  startup_tm4c123.o(.text)
    CAN1_Handler                             0x00000377   Thumb Code     2  startup_tm4c123.o(.text)
    CAN2_Handler                             0x00000379   Thumb Code     2  startup_tm4c123.o(.text)
    HIB_Handler                              0x0000037b   Thumb Code     2  startup_tm4c123.o(.text)
    USB0_Handler                             0x0000037d   Thumb Code     2  startup_tm4c123.o(.text)
    PWM0_3_Handler                           0x0000037f   Thumb Code     2  startup_tm4c123.o(.text)
    UDMA_Handler                             0x00000381   Thumb Code     2  startup_tm4c123.o(.text)
    UDMAERR_Handler                          0x00000383   Thumb Code     2  startup_tm4c123.o(.text)
    ADC1SS0_Handler                          0x00000385   Thumb Code     2  startup_tm4c123.o(.text)
    ADC1SS1_Handler                          0x00000387   Thumb Code     2  startup_tm4c123.o(.text)
    ADC1SS2_Handler                          0x00000389   Thumb Code     2  startup_tm4c123.o(.text)
    ADC1SS3_Handler                          0x0000038b   Thumb Code     2  startup_tm4c123.o(.text)
    GPIOJ_Handler                            0x0000038d   Thumb Code     2  startup_tm4c123.o(.text)
    GPIOK_Handler                            0x0000038f   Thumb Code     2  startup_tm4c123.o(.text)
    GPIOL_Handler                            0x00000391   Thumb Code     2  startup_tm4c123.o(.text)
    SSI2_Handler                             0x00000393   Thumb Code     2  startup_tm4c123.o(.text)
    SSI3_Handler                             0x00000395   Thumb Code     2  startup_tm4c123.o(.text)
    UART3_Handler                            0x00000397   Thumb Code     2  startup_tm4c123.o(.text)
    UART4_Handler                            0x00000399   Thumb Code     2  startup_tm4c123.o(.text)
    UART5_Handler                            0x0000039b   Thumb Code     2  startup_tm4c123.o(.text)
    UART6_Handler                            0x0000039d   Thumb Code     2  startup_tm4c123.o(.text)
    UART7_Handler                            0x0000039f   Thumb Code     2  startup_tm4c123.o(.text)
    I2C2_Handler                             0x000003a1   Thumb Code     2  startup_tm4c123.o(.text)
    I2C3_Handler                             0x000003a3   Thumb Code     2  startup_tm4c123.o(.text)
    FPU_Handler                              0x000003c5   Thumb Code     2  startup_tm4c123.o(.text)
    I2C4_Handler                             0x000003c7   Thumb Code     2  startup_tm4c123.o(.text)
    I2C5_Handler                             0x000003c9   Thumb Code     2  startup_tm4c123.o(.text)
    GPIOM_Handler                            0x000003cb   Thumb Code     2  startup_tm4c123.o(.text)
    GPION_Handler                            0x000003cd   Thumb Code     2  startup_tm4c123.o(.text)
    QEI2_Handler                             0x000003cf   Thumb Code     2  startup_tm4c123.o(.text)
    GPIOP0_Handler                           0x000003d1   Thumb Code     2  startup_tm4c123.o(.text)
    GPIOP1_Handler                           0x000003d3   Thumb Code     2  startup_tm4c123.o(.text)
    GPIOP2_Handler                           0x000003d5   Thumb Code     2  startup_tm4c123.o(.text)
    GPIOP3_Handler                           0x000003d7   Thumb Code     2  startup_tm4c123.o(.text)
    GPIOP4_Handler                           0x000003d9   Thumb Code     2  startup_tm4c123.o(.text)
    GPIOP5_Handler                           0x000003db   Thumb Code     2  startup_tm4c123.o(.text)
    GPIOP6_Handler                           0x000003dd   Thumb Code     2  startup_tm4c123.o(.text)
    GPIOP7_Handler                           0x000003df   Thumb Code     2  startup_tm4c123.o(.text)
    GPIOQ0_Handler                           0x000003e1   Thumb Code     2  startup_tm4c123.o(.text)
    GPIOQ1_Handler                           0x000003e3   Thumb Code     2  startup_tm4c123.o(.text)
    GPIOQ2_Handler                           0x000003e5   Thumb Code     2  startup_tm4c123.o(.text)
    GPIOQ3_Handler                           0x000003e7   Thumb Code     2  startup_tm4c123.o(.text)
    GPIOQ4_Handler                           0x000003e9   Thumb Code     2  startup_tm4c123.o(.text)
    GPIOQ5_Handler                           0x000003eb   Thumb Code     2  startup_tm4c123.o(.text)
    GPIOQ6_Handler                           0x000003ed   Thumb Code     2  startup_tm4c123.o(.text)
    GPIOQ7_Handler                           0x000003ef   Thumb Code     2  startup_tm4c123.o(.text)
    GPIOR_Handler                            0x000003f1   Thumb Code     2  startup_tm4c123.o(.text)
    GPIOS_Handler                            0x000003f3   Thumb Code     2  startup_tm4c123.o(.text)
    PMW1_0_Handler                           0x000003f5   Thumb Code     2  startup_tm4c123.o(.text)
    PWM1_1_Handler                           0x000003f7   Thumb Code     2  startup_tm4c123.o(.text)
    PWM1_2_Handler                           0x000003f9   Thumb Code     2  startup_tm4c123.o(.text)
    PWM1_3_Handler                           0x000003fb   Thumb Code     2  startup_tm4c123.o(.text)
    PWM1_FAULT_Handler                       0x000003fd   Thumb Code     2  startup_tm4c123.o(.text)
    __user_initial_stackheap                 0x00000401   Thumb Code     0  startup_tm4c123.o(.text)
    __use_two_region_memory                  0x00000421   Thumb Code     2  heapauxi.o(.text)
    __rt_heap_escrow$2region                 0x00000423   Thumb Code     2  heapauxi.o(.text)
    __rt_heap_expand$2region                 0x00000425   Thumb Code     2  heapauxi.o(.text)
    __read_errno                             0x00000427   Thumb Code    10  _rserrno.o(.text)
    __set_errno                              0x00000431   Thumb Code    12  _rserrno.o(.text)
    __aeabi_errno_addr                       0x0000043d   Thumb Code     8  rt_errno_addr_intlibspace.o(.text)
    __errno$intlibspace                      0x0000043d   Thumb Code     0  rt_errno_addr_intlibspace.o(.text)
    __rt_errno_addr$intlibspace              0x0000043d   Thumb Code     0  rt_errno_addr_intlibspace.o(.text)
    __user_libspace                          0x00000445   Thumb Code     8  libspace.o(.text)
    __user_perproc_libspace                  0x00000445   Thumb Code     0  libspace.o(.text)
    __user_perthread_libspace                0x00000445   Thumb Code     0  libspace.o(.text)
    __user_setup_stackheap                   0x0000044d   Thumb Code    74  sys_stackheap_outer.o(.text)
    exit                                     0x00000497   Thumb Code    18  exit.o(.text)
    _sys_exit                                0x000004a9   Thumb Code     8  sys_exit.o(.text)
    __I$use$semihosting                      0x000004b5   Thumb Code     0  use_no_semi.o(.text)
    __use_no_semihosting_swi                 0x000004b5   Thumb Code     2  use_no_semi.o(.text)
    __semihosting_library_function           0x000004b7   Thumb Code     0  indicate_semi.o(.text)
    APP_init                                 0x000004b9   Thumb Code    88  app.o(i.APP_init)
    APP_start                                0x00000519   Thumb Code   134  app.o(i.APP_start)
    BUTTON_init                              0x000005a9   Thumb Code    40  btn.o(i.BUTTON_init)
    BUTTON_read                              0x000005d1   Thumb Code    24  btn.o(i.BUTTON_read)
    GPIO_init                                0x000005e9   Thumb Code   988  gpio.o(i.GPIO_init)
    GPIO_read                                0x000009d1   Thumb Code    58  gpio.o(i.GPIO_read)
    GPIO_write                               0x00000a11   Thumb Code   190  gpio.o(i.GPIO_write)
    GPTM_clearInt                            0x00000ad5   Thumb Code   182  gpt.o(i.GPTM_clearInt)
    GPTM_disableTimer                        0x00000b95   Thumb Code   196  gpt.o(i.GPTM_disableTimer)
    GPTM_enableTimer                         0x00000c61   Thumb Code   196  gpt.o(i.GPTM_enableTimer)
    GPTM_initialization                      0x00000d2d   Thumb Code  2326  gpt.o(i.GPTM_initialization)
    GPTM_setCallback                         0x0000164d   Thumb Code    42  gpt.o(i.GPTM_setCallback)
    GPTM_setTimer                            0x0000167d   Thumb Code   906  gpt.o(i.GPTM_setTimer)
    LED_init                                 0x00001a3d   Thumb Code    40  led.o(i.LED_init)
    LED_off                                  0x00001a65   Thumb Code    26  led.o(i.LED_off)
    PWM_gen                                  0x00001a81   Thumb Code   104  pwm.o(i.PWM_gen)
    PWM_init                                 0x00001af9   Thumb Code    86  pwm.o(i.PWM_init)
    PWM_start                                0x00001b5d   Thumb Code   262  pwm.o(i.PWM_start)
    SystemInit                               0x00001c79   Thumb Code   112  system_tm4c123.o(i.SystemInit)
    TIMER0A_Handler                          0x00001d11   Thumb Code    16  gpt.o(i.TIMER0A_Handler)
    TIMER0B_Handler                          0x00001d25   Thumb Code    16  gpt.o(i.TIMER0B_Handler)
    TIMER1A_Handler                          0x00001d39   Thumb Code    16  gpt.o(i.TIMER1A_Handler)
    TIMER1B_Handler                          0x00001d4d   Thumb Code    16  gpt.o(i.TIMER1B_Handler)
    TIMER2A_Handler                          0x00001d61   Thumb Code    16  gpt.o(i.TIMER2A_Handler)
    TIMER2B_Handler                          0x00001d75   Thumb Code    16  gpt.o(i.TIMER2B_Handler)
    TIMER3A_Handler                          0x00001d89   Thumb Code    16  gpt.o(i.TIMER3A_Handler)
    TIMER3B_Handler                          0x00001d9d   Thumb Code    16  gpt.o(i.TIMER3B_Handler)
    TIMER4A_Handler                          0x00001db1   Thumb Code    16  gpt.o(i.TIMER4A_Handler)
    TIMER4B_Handler                          0x00001dc5   Thumb Code    16  gpt.o(i.TIMER4B_Handler)
    TIMER5A_Handler                          0x00001dd9   Thumb Code    16  gpt.o(i.TIMER5A_Handler)
    TIMER5B_Handler                          0x00001ded   Thumb Code    16  gpt.o(i.TIMER5B_Handler)
    WTIMER0A_Handler                         0x00001e01   Thumb Code    16  gpt.o(i.WTIMER0A_Handler)
    WTIMER0B_Handler                         0x00001e15   Thumb Code    16  gpt.o(i.WTIMER0B_Handler)
    WTIMER1A_Handler                         0x00001e29   Thumb Code    16  gpt.o(i.WTIMER1A_Handler)
    WTIMER1B_Handler                         0x00001e3d   Thumb Code    16  gpt.o(i.WTIMER1B_Handler)
    WTIMER2A_Handler                         0x00001e51   Thumb Code    16  gpt.o(i.WTIMER2A_Handler)
    WTIMER2B_Handler                         0x00001e65   Thumb Code    16  gpt.o(i.WTIMER2B_Handler)
    WTIMER3A_Handler                         0x00001e79   Thumb Code    16  gpt.o(i.WTIMER3A_Handler)
    WTIMER3B_Handler                         0x00001e8d   Thumb Code    16  gpt.o(i.WTIMER3B_Handler)
    WTIMER4A_Handler                         0x00001ea1   Thumb Code    16  gpt.o(i.WTIMER4A_Handler)
    WTIMER4B_Handler                         0x00001eb5   Thumb Code    16  gpt.o(i.WTIMER4B_Handler)
    WTIMER5A_Handler                         0x00001ec9   Thumb Code    16  gpt.o(i.WTIMER5A_Handler)
    WTIMER5B_Handler                         0x00001edd   Thumb Code    16  gpt.o(i.WTIMER5B_Handler)
    __ARM_fpclassify                         0x00001ef1   Thumb Code    48  fpclassify.o(i.__ARM_fpclassify)
    __hardfp_pow                             0x00001f69   Thumb Code  3072  pow.o(i.__hardfp_pow)
    __kernel_poly                            0x00002bb9   Thumb Code   248  poly.o(i.__kernel_poly)
    __mathlib_dbl_divzero                    0x00002cb1   Thumb Code    28  dunder.o(i.__mathlib_dbl_divzero)
    __mathlib_dbl_infnan2                    0x00002ce1   Thumb Code    20  dunder.o(i.__mathlib_dbl_infnan2)
    __mathlib_dbl_invalid                    0x00002cf9   Thumb Code    24  dunder.o(i.__mathlib_dbl_invalid)
    __mathlib_dbl_overflow                   0x00002d19   Thumb Code    24  dunder.o(i.__mathlib_dbl_overflow)
    __mathlib_dbl_underflow                  0x00002d39   Thumb Code    24  dunder.o(i.__mathlib_dbl_underflow)
    fabs                                     0x00002d59   Thumb Code    24  fabs.o(i.fabs)
    main                                     0x00002d71   Thumb Code    12  main.o(i.main)
    sqrt                                     0x00002d7d   Thumb Code   110  sqrt.o(i.sqrt)
    __aeabi_dneg                             0x00002deb   Thumb Code     0  basic.o(x$fpl$basic)
    _dneg                                    0x00002deb   Thumb Code     6  basic.o(x$fpl$basic)
    __aeabi_fneg                             0x00002df1   Thumb Code     0  basic.o(x$fpl$basic)
    _fneg                                    0x00002df1   Thumb Code     6  basic.o(x$fpl$basic)
    _dabs                                    0x00002df7   Thumb Code     6  basic.o(x$fpl$basic)
    _fabs                                    0x00002dfd   Thumb Code     6  basic.o(x$fpl$basic)
    __aeabi_d2f                              0x00002e05   Thumb Code     0  d2f.o(x$fpl$d2f)
    _d2f                                     0x00002e05   Thumb Code    98  d2f.o(x$fpl$d2f)
    __aeabi_dadd                             0x00002e69   Thumb Code     0  daddsub_clz.o(x$fpl$dadd)
    _dadd                                    0x00002e69   Thumb Code   332  daddsub_clz.o(x$fpl$dadd)
    __fpl_dcheck_NaN1                        0x00002fb9   Thumb Code    10  dcheck1.o(x$fpl$dcheck1)
    __fpl_dcmp_Inf                           0x00002fc9   Thumb Code    24  dcmpi.o(x$fpl$dcmpinf)
    __aeabi_ddiv                             0x00002fe1   Thumb Code     0  ddiv.o(x$fpl$ddiv)
    _ddiv                                    0x00002fe1   Thumb Code   552  ddiv.o(x$fpl$ddiv)
    __aeabi_i2d                              0x00003291   Thumb Code     0  dflt_clz.o(x$fpl$dflt)
    _dflt                                    0x00003291   Thumb Code    46  dflt_clz.o(x$fpl$dflt)
    __aeabi_cdcmple                          0x000032c1   Thumb Code     0  dleqf.o(x$fpl$dleqf)
    _dcmple                                  0x000032c1   Thumb Code   120  dleqf.o(x$fpl$dleqf)
    __fpl_dcmple_InfNaN                      0x00003323   Thumb Code     0  dleqf.o(x$fpl$dleqf)
    __aeabi_dmul                             0x00003339   Thumb Code     0  dmul.o(x$fpl$dmul)
    _dmul                                    0x00003339   Thumb Code   332  dmul.o(x$fpl$dmul)
    __fpl_dnaninf                            0x0000348d   Thumb Code   156  dnaninf.o(x$fpl$dnaninf)
    __fpl_dretinf                            0x00003529   Thumb Code    12  dretinf.o(x$fpl$dretinf)
    __aeabi_cdrcmple                         0x00003535   Thumb Code     0  drleqf.o(x$fpl$drleqf)
    _drcmple                                 0x00003535   Thumb Code   108  drleqf.o(x$fpl$drleqf)
    __aeabi_drsub                            0x000035a1   Thumb Code     0  daddsub_clz.o(x$fpl$drsb)
    _drsb                                    0x000035a1   Thumb Code    22  daddsub_clz.o(x$fpl$drsb)
    _dsqrt                                   0x000035b9   Thumb Code   404  dsqrt_umaal.o(x$fpl$dsqrt)
    __aeabi_dsub                             0x00003751   Thumb Code     0  daddsub_clz.o(x$fpl$dsub)
    _dsub                                    0x00003751   Thumb Code   464  daddsub_clz.o(x$fpl$dsub)
    __aeabi_f2d                              0x00003925   Thumb Code     0  f2d.o(x$fpl$f2d)
    _f2d                                     0x00003925   Thumb Code    86  f2d.o(x$fpl$f2d)
    __aeabi_ul2f                             0x0000397b   Thumb Code     0  ffltll_clz.o(x$fpl$ffltll)
    _ll_uto_f                                0x0000397b   Thumb Code     6  ffltll_clz.o(x$fpl$ffltll)
    __aeabi_l2f                              0x00003981   Thumb Code     0  ffltll_clz.o(x$fpl$ffltll)
    _ll_sto_f                                0x00003981   Thumb Code    90  ffltll_clz.o(x$fpl$ffltll)
    __fpl_fnaninf                            0x000039db   Thumb Code   140  fnaninf.o(x$fpl$fnaninf)
    _fp_init                                 0x00003a67   Thumb Code    10  fpinit.o(x$fpl$fpinit)
    __fplib_config_fpu_vfp                   0x00003a6f   Thumb Code     0  fpinit.o(x$fpl$fpinit)
    __fplib_config_pureend_doubles           0x00003a6f   Thumb Code     0  fpinit.o(x$fpl$fpinit)
    __fpl_fretinf                            0x00003a71   Thumb Code    10  fretinf.o(x$fpl$fretinf)
    __aeabi_d2ulz                            0x00003a7d   Thumb Code     0  dfixull.o(x$fpl$llufromd)
    _ll_ufrom_d                              0x00003a7d   Thumb Code   120  dfixull.o(x$fpl$llufromd)
    __fpl_return_NaN                         0x00003af5   Thumb Code   100  retnan.o(x$fpl$retnan)
    __ARM_scalbn                             0x00003b59   Thumb Code    92  scalbn.o(x$fpl$scalbn)
    __fpl_cmpreturn                          0x00003bb5   Thumb Code    48  trapv.o(x$fpl$trapveneer)
    __I$use$fp                               0x00003be4   Number         0  usenofp.o(x$fpl$usenofp)
    __mathlib_zero                           0x00003c70   Data           8  qnan.o(.constdata)
    Region$$Table$$Base                      0x00003c78   Number         0  anon$$obj.o(Region$$Table)
    Region$$Table$$Limit                     0x00003c98   Number         0  anon$$obj.o(Region$$Table)
    ast_gs_timersLinkConfig                  0x20000008   Data          48  gpt_lcfg.o(.data)
    pin1                                     0x20000038   Data           5  pwm.o(.data)
    PWM_count_ON                             0x20000040   Data           8  pwm.o(.data)
    PWM_count_OFF                            0x20000048   Data           8  pwm.o(.data)
    PWM_Flag                                 0x20000050   Data           1  pwm.o(.data)
    GREEN_LED                                0x20000051   Data           5  app.o(.data)
    SW1                                      0x20000056   Data           5  app.o(.data)
    __libspace_start                         0x200000bc   Data          96  libspace.o(.bss)
    __temporary_stack_top$libspace           0x2000011c   Data           0  libspace.o(.bss)



==============================================================================

Memory Map of the image

  Image Entry point : 0x0000030d

  Load Region LR_1 (Base: 0x00000000, Size: 0x00003cf4, Max: 0xffffffff, ABSOLUTE)

    Execution Region ER_RO (Exec base: 0x00000000, Load base: 0x00000000, Size: 0x00003c98, Max: 0xffffffff, ABSOLUTE)

    Exec Addr    Load Addr    Size         Type   Attr      Idx    E Section Name        Object

    0x00000000   0x00000000   0x0000026c   Data   RO          655    RESET               startup_tm4c123.o
    0x0000026c   0x0000026c   0x00000008   Code   RO          705  * !!!main             c_w.l(__main.o)
    0x00000274   0x00000274   0x00000034   Code   RO          975    !!!scatter          c_w.l(__scatter.o)
    0x000002a8   0x000002a8   0x0000001a   Code   RO          977    !!handler_copy      c_w.l(__scatter_copy.o)
    0x000002c2   0x000002c2   0x00000002   PAD
    0x000002c4   0x000002c4   0x0000001c   Code   RO          979    !!handler_zi        c_w.l(__scatter_zi.o)
    0x000002e0   0x000002e0   0x00000002   Code   RO          842    .ARM.Collect$$libinit$$00000000  c_w.l(libinit.o)
    0x000002e2   0x000002e2   0x00000004   Code   RO          849    .ARM.Collect$$libinit$$00000001  c_w.l(libinit2.o)
    0x000002e6   0x000002e6   0x00000000   Code   RO          852    .ARM.Collect$$libinit$$00000004  c_w.l(libinit2.o)
    0x000002e6   0x000002e6   0x00000000   Code   RO          855    .ARM.Collect$$libinit$$0000000A  c_w.l(libinit2.o)
    0x000002e6   0x000002e6   0x00000000   Code   RO          857    .ARM.Collect$$libinit$$0000000C  c_w.l(libinit2.o)
    0x000002e6   0x000002e6   0x00000000   Code   RO          859    .ARM.Collect$$libinit$$0000000E  c_w.l(libinit2.o)
    0x000002e6   0x000002e6   0x00000000   Code   RO          862    .ARM.Collect$$libinit$$00000011  c_w.l(libinit2.o)
    0x000002e6   0x000002e6   0x00000000   Code   RO          864    .ARM.Collect$$libinit$$00000013  c_w.l(libinit2.o)
    0x000002e6   0x000002e6   0x00000000   Code   RO          866    .ARM.Collect$$libinit$$00000015  c_w.l(libinit2.o)
    0x000002e6   0x000002e6   0x00000000   Code   RO          868    .ARM.Collect$$libinit$$00000017  c_w.l(libinit2.o)
    0x000002e6   0x000002e6   0x00000000   Code   RO          870    .ARM.Collect$$libinit$$00000019  c_w.l(libinit2.o)
    0x000002e6   0x000002e6   0x00000000   Code   RO          872    .ARM.Collect$$libinit$$0000001B  c_w.l(libinit2.o)
    0x000002e6   0x000002e6   0x00000000   Code   RO          874    .ARM.Collect$$libinit$$0000001D  c_w.l(libinit2.o)
    0x000002e6   0x000002e6   0x00000000   Code   RO          876    .ARM.Collect$$libinit$$0000001F  c_w.l(libinit2.o)
    0x000002e6   0x000002e6   0x00000000   Code   RO          878    .ARM.Collect$$libinit$$00000021  c_w.l(libinit2.o)
    0x000002e6   0x000002e6   0x00000000   Code   RO          880    .ARM.Collect$$libinit$$00000023  c_w.l(libinit2.o)
    0x000002e6   0x000002e6   0x00000000   Code   RO          882    .ARM.Collect$$libinit$$00000025  c_w.l(libinit2.o)
    0x000002e6   0x000002e6   0x00000000   Code   RO          886    .ARM.Collect$$libinit$$0000002C  c_w.l(libinit2.o)
    0x000002e6   0x000002e6   0x00000000   Code   RO          888    .ARM.Collect$$libinit$$0000002E  c_w.l(libinit2.o)
    0x000002e6   0x000002e6   0x00000000   Code   RO          890    .ARM.Collect$$libinit$$00000030  c_w.l(libinit2.o)
    0x000002e6   0x000002e6   0x00000000   Code   RO          892    .ARM.Collect$$libinit$$00000032  c_w.l(libinit2.o)
    0x000002e6   0x000002e6   0x00000002   Code   RO          893    .ARM.Collect$$libinit$$00000033  c_w.l(libinit2.o)
    0x000002e8   0x000002e8   0x00000002   Code   RO          915    .ARM.Collect$$libshutdown$$00000000  c_w.l(libshutdown.o)
    0x000002ea   0x000002ea   0x00000000   Code   RO          928    .ARM.Collect$$libshutdown$$00000002  c_w.l(libshutdown2.o)
    0x000002ea   0x000002ea   0x00000000   Code   RO          930    .ARM.Collect$$libshutdown$$00000004  c_w.l(libshutdown2.o)
    0x000002ea   0x000002ea   0x00000000   Code   RO          933    .ARM.Collect$$libshutdown$$00000007  c_w.l(libshutdown2.o)
    0x000002ea   0x000002ea   0x00000000   Code   RO          936    .ARM.Collect$$libshutdown$$0000000A  c_w.l(libshutdown2.o)
    0x000002ea   0x000002ea   0x00000000   Code   RO          938    .ARM.Collect$$libshutdown$$0000000C  c_w.l(libshutdown2.o)
    0x000002ea   0x000002ea   0x00000000   Code   RO          941    .ARM.Collect$$libshutdown$$0000000F  c_w.l(libshutdown2.o)
    0x000002ea   0x000002ea   0x00000002   Code   RO          942    .ARM.Collect$$libshutdown$$00000010  c_w.l(libshutdown2.o)
    0x000002ec   0x000002ec   0x00000000   Code   RO          739    .ARM.Collect$$rtentry$$00000000  c_w.l(__rtentry.o)
    0x000002ec   0x000002ec   0x00000000   Code   RO          805    .ARM.Collect$$rtentry$$00000002  c_w.l(__rtentry2.o)
    0x000002ec   0x000002ec   0x00000006   Code   RO          817    .ARM.Collect$$rtentry$$00000004  c_w.l(__rtentry4.o)
    0x000002f2   0x000002f2   0x00000000   Code   RO          807    .ARM.Collect$$rtentry$$00000009  c_w.l(__rtentry2.o)
    0x000002f2   0x000002f2   0x00000004   Code   RO          808    .ARM.Collect$$rtentry$$0000000A  c_w.l(__rtentry2.o)
    0x000002f6   0x000002f6   0x00000000   Code   RO          810    .ARM.Collect$$rtentry$$0000000C  c_w.l(__rtentry2.o)
    0x000002f6   0x000002f6   0x00000008   Code   RO          811    .ARM.Collect$$rtentry$$0000000D  c_w.l(__rtentry2.o)
    0x000002fe   0x000002fe   0x00000002   Code   RO          847    .ARM.Collect$$rtexit$$00000000  c_w.l(rtexit.o)
    0x00000300   0x00000300   0x00000000   Code   RO          897    .ARM.Collect$$rtexit$$00000002  c_w.l(rtexit2.o)
    0x00000300   0x00000300   0x00000004   Code   RO          898    .ARM.Collect$$rtexit$$00000003  c_w.l(rtexit2.o)
    0x00000304   0x00000304   0x00000006   Code   RO          899    .ARM.Collect$$rtexit$$00000004  c_w.l(rtexit2.o)
    0x0000030a   0x0000030a   0x00000002   PAD
    0x0000030c   0x0000030c   0x00000114   Code   RO          656  * .text               startup_tm4c123.o
    0x00000420   0x00000420   0x00000006   Code   RO          703    .text               c_w.l(heapauxi.o)
    0x00000426   0x00000426   0x00000016   Code   RO          740    .text               c_w.l(_rserrno.o)
    0x0000043c   0x0000043c   0x00000008   Code   RO          822    .text               c_w.l(rt_errno_addr_intlibspace.o)
    0x00000444   0x00000444   0x00000008   Code   RO          830    .text               c_w.l(libspace.o)
    0x0000044c   0x0000044c   0x0000004a   Code   RO          833    .text               c_w.l(sys_stackheap_outer.o)
    0x00000496   0x00000496   0x00000012   Code   RO          835    .text               c_w.l(exit.o)
    0x000004a8   0x000004a8   0x0000000c   Code   RO          907    .text               c_w.l(sys_exit.o)
    0x000004b4   0x000004b4   0x00000002   Code   RO          918    .text               c_w.l(use_no_semi.o)
    0x000004b6   0x000004b6   0x00000000   Code   RO          920    .text               c_w.l(indicate_semi.o)
    0x000004b6   0x000004b6   0x00000002   PAD
    0x000004b8   0x000004b8   0x00000060   Code   RO          589    i.APP_init          app.o
    0x00000518   0x00000518   0x00000090   Code   RO          590    i.APP_start         app.o
    0x000005a8   0x000005a8   0x00000028   Code   RO          410    i.BUTTON_init       btn.o
    0x000005d0   0x000005d0   0x00000018   Code   RO          411    i.BUTTON_read       btn.o
    0x000005e8   0x000005e8   0x000003e8   Code   RO           96    i.GPIO_init         gpio.o
    0x000009d0   0x000009d0   0x00000040   Code   RO           97    i.GPIO_read         gpio.o
    0x00000a10   0x00000a10   0x000000c4   Code   RO           99    i.GPIO_write        gpio.o
    0x00000ad4   0x00000ad4   0x000000c0   Code   RO          140    i.GPTM_clearInt     gpt.o
    0x00000b94   0x00000b94   0x000000cc   Code   RO          142    i.GPTM_disableTimer  gpt.o
    0x00000c60   0x00000c60   0x000000cc   Code   RO          144    i.GPTM_enableTimer  gpt.o
    0x00000d2c   0x00000d2c   0x00000920   Code   RO          146    i.GPTM_initialization  gpt.o
    0x0000164c   0x0000164c   0x00000030   Code   RO          147    i.GPTM_setCallback  gpt.o
    0x0000167c   0x0000167c   0x000003c0   Code   RO          148    i.GPTM_setTimer     gpt.o
    0x00001a3c   0x00001a3c   0x00000028   Code   RO          437    i.LED_init          led.o
    0x00001a64   0x00001a64   0x0000001a   Code   RO          438    i.LED_off           led.o
    0x00001a7e   0x00001a7e   0x00000002   PAD
    0x00001a80   0x00001a80   0x00000078   Code   RO          480    i.PWM_gen           pwm.o
    0x00001af8   0x00001af8   0x00000064   Code   RO          481    i.PWM_init          pwm.o
    0x00001b5c   0x00001b5c   0x0000011c   Code   RO          482    i.PWM_start         pwm.o
    0x00001c78   0x00001c78   0x00000098   Code   RO          664    i.SystemInit        system_tm4c123.o
    0x00001d10   0x00001d10   0x00000014   Code   RO          149    i.TIMER0A_Handler   gpt.o
    0x00001d24   0x00001d24   0x00000014   Code   RO          150    i.TIMER0B_Handler   gpt.o
    0x00001d38   0x00001d38   0x00000014   Code   RO          151    i.TIMER1A_Handler   gpt.o
    0x00001d4c   0x00001d4c   0x00000014   Code   RO          152    i.TIMER1B_Handler   gpt.o
    0x00001d60   0x00001d60   0x00000014   Code   RO          153    i.TIMER2A_Handler   gpt.o
    0x00001d74   0x00001d74   0x00000014   Code   RO          154    i.TIMER2B_Handler   gpt.o
    0x00001d88   0x00001d88   0x00000014   Code   RO          155    i.TIMER3A_Handler   gpt.o
    0x00001d9c   0x00001d9c   0x00000014   Code   RO          156    i.TIMER3B_Handler   gpt.o
    0x00001db0   0x00001db0   0x00000014   Code   RO          157    i.TIMER4A_Handler   gpt.o
    0x00001dc4   0x00001dc4   0x00000014   Code   RO          158    i.TIMER4B_Handler   gpt.o
    0x00001dd8   0x00001dd8   0x00000014   Code   RO          159    i.TIMER5A_Handler   gpt.o
    0x00001dec   0x00001dec   0x00000014   Code   RO          160    i.TIMER5B_Handler   gpt.o
    0x00001e00   0x00001e00   0x00000014   Code   RO          161    i.WTIMER0A_Handler  gpt.o
    0x00001e14   0x00001e14   0x00000014   Code   RO          162    i.WTIMER0B_Handler  gpt.o
    0x00001e28   0x00001e28   0x00000014   Code   RO          163    i.WTIMER1A_Handler  gpt.o
    0x00001e3c   0x00001e3c   0x00000014   Code   RO          164    i.WTIMER1B_Handler  gpt.o
    0x00001e50   0x00001e50   0x00000014   Code   RO          165    i.WTIMER2A_Handler  gpt.o
    0x00001e64   0x00001e64   0x00000014   Code   RO          166    i.WTIMER2B_Handler  gpt.o
    0x00001e78   0x00001e78   0x00000014   Code   RO          167    i.WTIMER3A_Handler  gpt.o
    0x00001e8c   0x00001e8c   0x00000014   Code   RO          168    i.WTIMER3B_Handler  gpt.o
    0x00001ea0   0x00001ea0   0x00000014   Code   RO          169    i.WTIMER4A_Handler  gpt.o
    0x00001eb4   0x00001eb4   0x00000014   Code   RO          170    i.WTIMER4B_Handler  gpt.o
    0x00001ec8   0x00001ec8   0x00000014   Code   RO          171    i.WTIMER5A_Handler  gpt.o
    0x00001edc   0x00001edc   0x00000014   Code   RO          172    i.WTIMER5B_Handler  gpt.o
    0x00001ef0   0x00001ef0   0x00000030   Code   RO          787    i.__ARM_fpclassify  m_wm.l(fpclassify.o)
    0x00001f20   0x00001f20   0x00000024   Code   RO          173    i.__NVIC_DisableIRQ  gpt.o
    0x00001f44   0x00001f44   0x00000022   Code   RO          174    i.__NVIC_EnableIRQ  gpt.o
    0x00001f66   0x00001f66   0x00000002   PAD
    0x00001f68   0x00001f68   0x00000c50   Code   RO          725    i.__hardfp_pow      m_wm.l(pow.o)
    0x00002bb8   0x00002bb8   0x000000f8   Code   RO          789    i.__kernel_poly     m_wm.l(poly.o)
    0x00002cb0   0x00002cb0   0x00000030   Code   RO          767    i.__mathlib_dbl_divzero  m_wm.l(dunder.o)
    0x00002ce0   0x00002ce0   0x00000014   Code   RO          769    i.__mathlib_dbl_infnan2  m_wm.l(dunder.o)
    0x00002cf4   0x00002cf4   0x00000004   PAD
    0x00002cf8   0x00002cf8   0x00000020   Code   RO          770    i.__mathlib_dbl_invalid  m_wm.l(dunder.o)
    0x00002d18   0x00002d18   0x00000020   Code   RO          771    i.__mathlib_dbl_overflow  m_wm.l(dunder.o)
    0x00002d38   0x00002d38   0x00000020   Code   RO          773    i.__mathlib_dbl_underflow  m_wm.l(dunder.o)
    0x00002d58   0x00002d58   0x00000018   Code   RO          783    i.fabs              m_wm.l(fabs.o)
    0x00002d70   0x00002d70   0x0000000c   Code   RO            4    i.main              main.o
    0x00002d7c   0x00002d7c   0x0000006e   Code   RO          794    i.sqrt              m_wm.l(sqrt.o)
    0x00002dea   0x00002dea   0x00000018   Code   RO          742    x$fpl$basic         fz_wm.l(basic.o)
    0x00002e02   0x00002e02   0x00000002   PAD
    0x00002e04   0x00002e04   0x00000062   Code   RO          707    x$fpl$d2f           fz_wm.l(d2f.o)
    0x00002e66   0x00002e66   0x00000002   PAD
    0x00002e68   0x00002e68   0x00000150   Code   RO          709    x$fpl$dadd          fz_wm.l(daddsub_clz.o)
    0x00002fb8   0x00002fb8   0x00000010   Code   RO          824    x$fpl$dcheck1       fz_wm.l(dcheck1.o)
    0x00002fc8   0x00002fc8   0x00000018   Code   RO          843    x$fpl$dcmpinf       fz_wm.l(dcmpi.o)
    0x00002fe0   0x00002fe0   0x000002b0   Code   RO          745    x$fpl$ddiv          fz_wm.l(ddiv.o)
    0x00003290   0x00003290   0x0000002e   Code   RO          749    x$fpl$dflt          fz_wm.l(dflt_clz.o)
    0x000032be   0x000032be   0x00000002   PAD
    0x000032c0   0x000032c0   0x00000078   Code   RO          826    x$fpl$dleqf         fz_wm.l(dleqf.o)
    0x00003338   0x00003338   0x00000154   Code   RO          719    x$fpl$dmul          fz_wm.l(dmul.o)
    0x0000348c   0x0000348c   0x0000009c   Code   RO          754    x$fpl$dnaninf       fz_wm.l(dnaninf.o)
    0x00003528   0x00003528   0x0000000c   Code   RO          756    x$fpl$dretinf       fz_wm.l(dretinf.o)
    0x00003534   0x00003534   0x0000006c   Code   RO          758    x$fpl$drleqf        fz_wm.l(drleqf.o)
    0x000035a0   0x000035a0   0x00000016   Code   RO          710    x$fpl$drsb          fz_wm.l(daddsub_clz.o)
    0x000035b6   0x000035b6   0x00000002   PAD
    0x000035b8   0x000035b8   0x00000198   Code   RO          828    x$fpl$dsqrt         fz_wm.l(dsqrt_umaal.o)
    0x00003750   0x00003750   0x000001d4   Code   RO          711    x$fpl$dsub          fz_wm.l(daddsub_clz.o)
    0x00003924   0x00003924   0x00000056   Code   RO          721    x$fpl$f2d           fz_wm.l(f2d.o)
    0x0000397a   0x0000397a   0x00000060   Code   RO          723    x$fpl$ffltll        fz_wm.l(ffltll_clz.o)
    0x000039da   0x000039da   0x0000008c   Code   RO          760    x$fpl$fnaninf       fz_wm.l(fnaninf.o)
    0x00003a66   0x00003a66   0x0000000a   Code   RO          905    x$fpl$fpinit        fz_wm.l(fpinit.o)
    0x00003a70   0x00003a70   0x0000000a   Code   RO          762    x$fpl$fretinf       fz_wm.l(fretinf.o)
    0x00003a7a   0x00003a7a   0x00000002   PAD
    0x00003a7c   0x00003a7c   0x00000078   Code   RO          715    x$fpl$llufromd      fz_wm.l(dfixull.o)
    0x00003af4   0x00003af4   0x00000064   Code   RO          845    x$fpl$retnan        fz_wm.l(retnan.o)
    0x00003b58   0x00003b58   0x0000005c   Code   RO          764    x$fpl$scalbn        fz_wm.l(scalbn.o)
    0x00003bb4   0x00003bb4   0x00000030   Code   RO          894    x$fpl$trapveneer    fz_wm.l(trapv.o)
    0x00003be4   0x00003be4   0x00000000   Code   RO          766    x$fpl$usenofp       fz_wm.l(usenofp.o)
    0x00003be4   0x00003be4   0x00000004   PAD
    0x00003be8   0x00003be8   0x00000088   Data   RO          728    .constdata          m_wm.l(pow.o)
    0x00003c70   0x00003c70   0x00000008   Data   RO          791    .constdata          m_wm.l(qnan.o)
    0x00003c78   0x00003c78   0x00000020   Data   RO          973    Region$$Table       anon$$obj.o


    Execution Region ER_RW (Exec base: 0x20000000, Load base: 0x00003c98, Size: 0x0000005c, Max: 0xffffffff, ABSOLUTE)

    Exec Addr    Load Addr    Size         Type   Attr      Idx    E Section Name        Object

    0x20000000   0x00003c98   0x00000004   Data   RW          176    .data               gpt.o
    0x20000004   0x00003c9c   0x00000004   PAD
    0x20000008   0x00003ca0   0x00000030   Data   RW          389    .data               gpt_lcfg.o
    0x20000038   0x00003cd0   0x00000019   Data   RW          483    .data               pwm.o
    0x20000051   0x00003ce9   0x0000000b   Data   RW          591    .data               app.o


    Execution Region ER_ZI (Exec base: 0x2000005c, Load base: 0x00003cf4, Size: 0x000002c4, Max: 0xffffffff, ABSOLUTE)

    Exec Addr    Load Addr    Size         Type   Attr      Idx    E Section Name        Object

    0x2000005c        -       0x00000060   Zero   RW          175    .bss                gpt.o
    0x200000bc        -       0x00000060   Zero   RW          831    .bss                c_w.l(libspace.o)
    0x2000011c   0x00003cf4   0x00000004   PAD
    0x20000120        -       0x00000000   Zero   RW          654    HEAP                startup_tm4c123.o
    0x20000120        -       0x00000200   Zero   RW          653    STACK               startup_tm4c123.o


==============================================================================

Image component sizes


      Code (inc. data)   RO Data    RW Data    ZI Data      Debug   Object Name

       240         18          0         11          0       3607   app.o
        64          0          0          0          0       3384   btn.o
      1260         24          0          0          0       4237   gpio.o
      4494        234          0          4         96      23706   gpt.o
         0          0          0         48          0       2818   gpt_lcfg.o
        66          0          0          0          0       3373   led.o
        12          0          0          0          0      27175   main.o
       504         52          0         25          0       4896   pwm.o
       276         24        620          0        512       5476   startup_tm4c123.o
       152         40          0          0          0        621   system_tm4c123.o

    ----------------------------------------------------------------------
      7072        392        652         92        608      79293   Object Totals
         0          0         32          0          0          0   (incl. Generated)
         4          0          0          4          0          0   (incl. Padding)

    ----------------------------------------------------------------------

      Code (inc. data)   RO Data    RW Data    ZI Data      Debug   Library Member Name

         8          0          0          0          0         68   __main.o
         0          0          0          0          0          0   __rtentry.o
        12          0          0          0          0          0   __rtentry2.o
         6          0          0          0          0          0   __rtentry4.o
        52          8          0          0          0          0   __scatter.o
        26          0          0          0          0          0   __scatter_copy.o
        28          0          0          0          0          0   __scatter_zi.o
        22          0          0          0          0        100   _rserrno.o
        18          0          0          0          0         80   exit.o
         6          0          0          0          0        152   heapauxi.o
         0          0          0          0          0          0   indicate_semi.o
         2          0          0          0          0          0   libinit.o
         6          0          0          0          0          0   libinit2.o
         2          0          0          0          0          0   libshutdown.o
         2          0          0          0          0          0   libshutdown2.o
         8          4          0          0         96         68   libspace.o
         8          4          0          0          0         68   rt_errno_addr_intlibspace.o
         2          0          0          0          0          0   rtexit.o
        10          0          0          0          0          0   rtexit2.o
        12          4          0          0          0         68   sys_exit.o
        74          0          0          0          0         80   sys_stackheap_outer.o
         2          0          0          0          0         68   use_no_semi.o
        24          0          0          0          0        164   basic.o
        98          4          0          0          0        140   d2f.o
       826         16          0          0          0        492   daddsub_clz.o
        16          4          0          0          0        116   dcheck1.o
        24          0          0          0          0        116   dcmpi.o
       688        140          0          0          0        256   ddiv.o
       120          4          0          0          0        152   dfixull.o
        46          0          0          0          0        116   dflt_clz.o
       120          4          0          0          0        140   dleqf.o
       340         12          0          0          0        152   dmul.o
       156          4          0          0          0        140   dnaninf.o
        12          0          0          0          0        116   dretinf.o
       108          0          0          0          0        128   drleqf.o
       408         56          0          0          0        168   dsqrt_umaal.o
        86          4          0          0          0        132   f2d.o
        96          0          0          0          0        132   ffltll_clz.o
       140          4          0          0          0        132   fnaninf.o
        10          0          0          0          0        116   fpinit.o
        10          0          0          0          0        116   fretinf.o
       100          0          0          0          0        116   retnan.o
        92          0          0          0          0        116   scalbn.o
        48          0          0          0          0        116   trapv.o
         0          0          0          0          0          0   usenofp.o
       164         44          0          0          0        620   dunder.o
        24          0          0          0          0        124   fabs.o
        48          0          0          0          0        124   fpclassify.o
       248          0          0          0          0        152   poly.o
      3152        296        136          0          0        352   pow.o
         0          0          8          0          0          0   qnan.o
       110          0          0          0          0        148   sqrt.o

    ----------------------------------------------------------------------
      7644        612        144          0        100       5644   Library Totals
        24          0          0          0          4          0   (incl. Padding)

    ----------------------------------------------------------------------

      Code (inc. data)   RO Data    RW Data    ZI Data      Debug   Library Name

       306         20          0          0         96        752   c_w.l
      3568        252          0          0          0       3372   fz_wm.l
      3746        340        144          0          0       1520   m_wm.l

    ----------------------------------------------------------------------
      7644        612        144          0        100       5644   Library Totals

    ----------------------------------------------------------------------

==============================================================================


      Code (inc. data)   RO Data    RW Data    ZI Data      Debug   

     14716       1004        796         92        708      77077   Grand Totals
     14716       1004        796         92        708      77077   ELF Image Totals
     14716       1004        796         92          0          0   ROM Totals

==============================================================================

    Total RO  Size (Code + RO Data)                15512 (  15.15kB)
    Total RW  Size (RW Data + ZI Data)               800 (   0.78kB)
    Total ROM Size (Code + RO Data + RW Data)      15604 (  15.24kB)

==============================================================================

